<frozen runpy>:130: RuntimeWarning: 'huginn.cli.main' found in sys.modules after import of package 'huginn.cli', but prior to execution of 'huginn.cli.main'; this may result in unpredictable behaviour
解析 SKILL.md 失败 /workspace/agent/huginn/plugins/science-skills/skills/instrument-ingest/SKILL.md: mapping values are not allowed here
  in "<unicode string>", line 2, column 160:
     ... 数据转成可检索的测量摘要。对应 chain-of-thought: 输入仪器导出文件 → 输出"峰位+强度+FWHM+新相提示" ... 
                                         ^
解析 SKILL.md 失败 /workspace/agent/huginn/plugins/science-skills/skills/structure-encoder/SKILL.md: mapping values are not allowed here
  in "<unicode string>", line 2, column 175:
     ... 检索的 JSON 描述子。对应 chain-of-thought: 输入结构 → 输出统一的"化学式+空间群+晶格+元素比例"  ... 
                                         ^
解析技能文件失败 /workspace/agent/huginn/plugins/science-skills/skills/instrument-ingest/SKILL.md: mapping values are not allowed here
  in "<unicode string>", line 2, column 160:
     ... 数据转成可检索的测量摘要。对应 chain-of-thought: 输入仪器导出文件 → 输出"峰位+强度+FWHM+新相提示" ... 
                                         ^
解析技能文件失败 /workspace/agent/huginn/plugins/science-skills/skills/structure-encoder/SKILL.md: mapping values are not allowed here
  in "<unicode string>", line 2, column 175:
     ... 检索的 JSON 描述子。对应 chain-of-thought: 输入结构 → 输出统一的"化学式+空间群+晶格+元素比例"  ... 
                                         ^
Tool huginn.tools.vasp_tool registered but its deps are missing — capability degraded: pymatgen
Tool huginn.tools.sim.packing_tool registered but its deps are missing — capability degraded: ase, matplotlib, rdkit
Tool huginn.tools.sim.plasma_tool registered but its deps are missing — capability degraded: sklearn
Tool huginn.tools.vina_tool registered but its deps are missing — capability degraded: rdkit, vina
Tool huginn.tools.openmm_tool registered but its deps are missing — capability degraded: openmm
Tool huginn.tools.sci.symbolic_regression_tool registered but its deps are missing — capability degraded: model
Tool huginn.tools.dynamics_discovery_tool registered but its deps are missing — capability degraded: sklearn
Tool huginn.tools.sci.interpretable_ml_tool registered but its deps are missing — capability degraded: gpytorch
Tool huginn.tools.sci.sklearn_tool registered but its deps are missing — capability degraded: sklearn
Tool huginn.tools.sci.autodiff_tool registered but its deps are missing — capability degraded: jax
Tool huginn.tools.numerical_tool registered but its deps are missing — capability degraded: cvxpy, pulp
Tool huginn.tools.sci.symmetry_tool registered but its deps are missing — capability degraded: pymatgen, spglib
Tool huginn.tools.sci.tda_tool registered but its deps are missing — capability degraded: gudhi, ripser
Tool huginn.tools.sci.uq_tool registered but its deps are missing — capability degraded: chaospy
Tool huginn.tools.gp_tool registered but its deps are missing — capability degraded: sklearn
Tool huginn.tools.sci.gnn_tool registered but its deps are missing — capability degraded: sklearn, torch_geometric
Tool huginn.tools.sci.stat_tests_tool registered but its deps are missing — capability degraded: statsmodels
Tool huginn.tools.sci.descriptor_tool registered but its deps are missing — capability degraded: ase, dscribe, matminer, pymatgen
Tool huginn.tools.rdkit_tool registered but its deps are missing — capability degraded: rdkit
Tool huginn.tools.sci.active_learning_tool registered but its deps are missing — capability degraded: pandas
Tool huginn.tools.sci.ml_potential_tool registered but its deps are missing — capability degraded: ase, chgnet, fairchem, mace, pynep
Tool huginn.tools.sci.xrd_sim_tool registered but its deps are missing — capability degraded: pymatgen
Tool huginn.tools.design.doe_tool registered but its deps are missing — capability degraded: statsmodels
Tool huginn.tools.vision_describe_tool registered but its deps are missing — capability degraded: easyocr, paddleocr, pytesseract
Tool huginn.tools.model3d_tool registered but its deps are missing — capability degraded: pymatgen, trimesh
Tool huginn.tools.browser_tool registered but its deps are missing — capability degraded: playwright, selenium
Tool huginn.tools.materials_database_tool registered but its deps are missing — capability degraded: ase, pymatgen
Tool huginn.tools.thermo_tool registered but its deps are missing — capability degraded: pymatgen, thermo
Tool huginn.tools.bench_infra.plot_tool registered but its deps are missing — capability degraded: matplotlib
Tool huginn.tools.bench_infra.c2st_tool registered but its deps are missing — capability degraded: sklearn
FTS5 stale: MATCH 'runid' = 0, rebuilding index
strict_work_dir=True but allowed_work_dirs empty — path scoping inactive. Set allowed_work_dirs or HUGINN_WORKSPACE to enable.
Created goal: goal_3bff7e81
  criteria: ['tests_passed']
╭────────────────────────────────── Starting ──────────────────────────────────╮
│ Autoloop                                                                     │
│ Objective: 【研究命题·纯机器学习/数学】                                      │
│                                                                              │
│ 解空间刚性 = 满足全部解析约束的函数集合的维数：低维/唯一 = 刚，高维/连续族 = │
│ 胖。                                                                         │
│                                                                              │
│ 核心问题：小型前馈网络的“泛化行为”能否作为 bootstrap 解空间刚性的探针？      │
│ 令 w = 约束样本数，N_c(w) =                                                  │
│ 在未参与训练的留出约束点上取得“零违规”所需的最小网络容量（用隐藏层宽度度量） │
│ 。测量 N_c(w) 随 w 的趋势：                                                  │
│ - 不增（小容量即可零违规）→ 支持刚性（唯一性/低维）；                        │
│ - 递增（样本越多越装不下）→ 支持胖（高维/连续族）。                          │
│                                                                              │
│ 研究对象只能是小型前馈网络本身。硬性边界：严禁把本命题替换或“换名归约”为材料 │
│ 、化学、玻璃、合金、离子导电等任何物理体系，也不要用别的领域类比回答。       │
│                                                                              │
│ 【验收要求（必须逐条满足，否则该轮实验无效）】                               │
│ 1)                                                                           │
│ 真的训练网络：用梯度下降/明确优化器迭代更新权重去寻找能零违规的最小宽度；不  │
│ 允许只做随机初始化后检查“随机网络是否恰好分类正确”（那测的是随机中奖率，不是 │
│ 容量）。                                                                     │
│ 2) 宽度扫描要留足上限且保证范围内能找到零违规；若整段扫描全部触顶（例如所有  │
│ w                                                                            │
│ 都取到上限值），说明实验无效，必须改约束族或提高上限后重做——不得把“触顶值”当 │
│ 作 N_c(w)。                                                                  │
│ 3) 趋势判据必须区分“非增”与“递减”：全相等应报“持平(flat)”，不是              │
│ decreasing。报告必须给出真实 N_c(w) 数值表，以及每个 w                       │
│ 的训练违规/留出违规数值。                                                    │
│ 4) 至少 3 个随机种子，报告 N_c(w)                                            │
│ 的均值±标准差，并说明约束族的构造依据（低维/刚性与高维/胖各对应什么解析      │
│ ground truth）。                                                             │
│                                                                              │
│ 所有结论必须来自真实运行的可复现数值实验：给出扫描/网格设置、训练与留出违规  │
│ 的数值、以及 N_c(w)                                                          │
│ 的数值与趋势。脚本必须能真实跑通；跑不通就如实报告失败与报错，绝不编造数字。 │
│ Max iterations: 14                                                           │
╰──────────────────────────────────────────────────────────────────────────────╯
[cache-debug] model=Intern-S2-Preview-35B stats_keys=['model_provider', 'finish_reason', 'model_name']
empty required_results for target_1 — fallback
FTS5 stale: MATCH 'runid' = 0, rebuilding index
metacog: 假设可能为换名归约 (trap=, target=原始问题中关于小型前馈网络解空间刚性（低维/唯一）与泛化行为（胖/高维）的实证检验命题。): [DIM: structure] The dimension of the solution space for small feedforward networks interpolating an
FTS5 stale: MATCH 'runid' = 0, rebuilding index
FTS5 stale: MATCH 'runid' = 0, rebuilding index
epistemic_gap: 结论有证据支撑, 但建议补一句不确定性/适用边界说明, 明确估计误差与尚未验证的假设.
FTS5 stale: MATCH 'runid' = 0, rebuilding index
FTS5 stale: MATCH 'runid' = 0, rebuilding index
FTS5 stale: MATCH 'runid' = 0, rebuilding index
metacog: 假设可能为换名归约 (trap=, target=原始问题中关于小型前馈网络泛化行为作为解空间刚性探针的命题，即通过测量 N_c(w) 随样本数 w 的趋势来判断解空间是刚性（低维/唯一）还是胖（高维/连续族）。): [DIM: structure] The solution space of small feedforward networks interpolating analytic constraints
FTS5 stale: MATCH 'runid' = 0, rebuilding index
FTS5 stale: MATCH 'runid' = 0, rebuilding index
FTS5 stale: MATCH 'runid' = 0, rebuilding index
metacog: 假设可能为换名归约 (trap=, target=将'解空间刚性'的数学定义替换为'容量曲线相变'的术语，但未提供真实数值实验证据): [DIM: structure] The capacity curve $N_c(w)$ exhibits a phase transition at a critical sample width 
