<frozen runpy>:130: RuntimeWarning: 'huginn.cli.main' found in sys.modules after import of package 'huginn.cli', but prior to execution of 'huginn.cli.main'; this may result in unpredictable behaviour
解析 SKILL.md 失败 /workspace/agent/huginn/plugins/science-skills/skills/instrument-ingest/SKILL.md: mapping values are not allowed here
  in "<unicode string>", line 2, column 160:
     ... 数据转成可检索的测量摘要。对应 chain-of-thought: 输入仪器导出文件 → 输出"峰位+强度+FWHM+新相提示" ... 
                                         ^
解析 SKILL.md 失败 /workspace/agent/huginn/plugins/science-skills/skills/structure-encoder/SKILL.md: mapping values are not allowed here
  in "<unicode string>", line 2, column 175:
     ... 检索的 JSON 描述子。对应 chain-of-thought: 输入结构 → 输出统一的"化学式+空间群+晶格+元素比例"  ... 
                                         ^
解析技能文件失败 /workspace/agent/huginn/plugins/science-skills/skills/instrument-ingest/SKILL.md: mapping values are not allowed here
  in "<unicode string>", line 2, column 160:
     ... 数据转成可检索的测量摘要。对应 chain-of-thought: 输入仪器导出文件 → 输出"峰位+强度+FWHM+新相提示" ... 
                                         ^
解析技能文件失败 /workspace/agent/huginn/plugins/science-skills/skills/structure-encoder/SKILL.md: mapping values are not allowed here
  in "<unicode string>", line 2, column 175:
     ... 检索的 JSON 描述子。对应 chain-of-thought: 输入结构 → 输出统一的"化学式+空间群+晶格+元素比例"  ... 
                                         ^
Tool huginn.tools.vasp_tool registered but its deps are missing — capability degraded: pymatgen
Tool huginn.tools.sim.packing_tool registered but its deps are missing — capability degraded: ase, matplotlib, rdkit
Tool huginn.tools.sim.plasma_tool registered but its deps are missing — capability degraded: sklearn
Tool huginn.tools.sim.transolver_tool registered but its deps are missing — capability degraded: torch
Tool huginn.tools.vina_tool registered but its deps are missing — capability degraded: rdkit, vina
Tool huginn.tools.openmm_tool registered but its deps are missing — capability degraded: openmm
Tool huginn.tools.sci.symbolic_regression_tool registered but its deps are missing — capability degraded: model, torch
Tool huginn.tools.dynamics_discovery_tool registered but its deps are missing — capability degraded: sklearn
Tool huginn.tools.sci.interpretable_ml_tool registered but its deps are missing — capability degraded: gpytorch, torch
Tool huginn.tools.sci.sklearn_tool registered but its deps are missing — capability degraded: sklearn
Tool huginn.tools.sci.vae_tool registered but its deps are missing — capability degraded: torch
Tool huginn.tools.sci.autodiff_tool registered but its deps are missing — capability degraded: jax
Tool huginn.tools.numerical_tool registered but its deps are missing — capability degraded: cvxpy, pulp
Tool huginn.tools.sci.symmetry_tool registered but its deps are missing — capability degraded: pymatgen, spglib
Tool huginn.tools.sci.tda_tool registered but its deps are missing — capability degraded: gudhi, ripser
Tool huginn.tools.sci.uq_tool registered but its deps are missing — capability degraded: chaospy
Tool huginn.tools.gp_tool registered but its deps are missing — capability degraded: sklearn
Tool huginn.tools.sci.gnn_tool registered but its deps are missing — capability degraded: sklearn, torch, torch_geometric
Tool huginn.tools.sci.stat_tests_tool registered but its deps are missing — capability degraded: statsmodels
Tool huginn.tools.sci.descriptor_tool registered but its deps are missing — capability degraded: ase, dscribe, matminer, pymatgen
Tool huginn.tools.rdkit_tool registered but its deps are missing — capability degraded: rdkit
Tool huginn.tools.sci.active_learning_tool registered but its deps are missing — capability degraded: pandas
Tool huginn.tools.sci.ml_potential_tool registered but its deps are missing — capability degraded: ase, chgnet, fairchem, mace, pynep
Tool huginn.tools.sci.xrd_sim_tool registered but its deps are missing — capability degraded: pymatgen
Tool huginn.tools.design.doe_tool registered but its deps are missing — capability degraded: statsmodels
Tool huginn.tools.vision_describe_tool registered but its deps are missing — capability degraded: easyocr, paddleocr, pytesseract, torch
Tool huginn.tools.model3d_tool registered but its deps are missing — capability degraded: pymatgen, trimesh
Tool huginn.tools.browser_tool registered but its deps are missing — capability degraded: playwright, selenium
Tool huginn.tools.materials_database_tool registered but its deps are missing — capability degraded: ase, pymatgen
Tool huginn.tools.thermo_tool registered but its deps are missing — capability degraded: pymatgen, thermo
Tool huginn.tools.bench_infra.plot_tool registered but its deps are missing — capability degraded: matplotlib
Tool huginn.tools.bench_infra.matrix_tool registered but its deps are missing — capability degraded: torch
Tool huginn.tools.bench_infra.c2st_tool registered but its deps are missing — capability degraded: sklearn
strict_work_dir=True but allowed_work_dirs empty — path scoping inactive. Set allowed_work_dirs or HUGINN_WORKSPACE to enable.
Long-horizon goal: goal_2a4c7585
  wall-clock budget: 1800s, iteration cap: 30
╭────────────────────────────────── Starting ──────────────────────────────────╮
│ Autoloop                                                                     │
│ Objective: 【研究命题·纯机器学习/数学】                                      │
│                                                                              │
│ 解空间刚性 = 满足全部解析约束的函数集合的维数：低维/唯一 = 刚，高维/连续族 = │
│ 胖。                                                                         │
│                                                                              │
│ 核心问题：小型前馈网络的“泛化行为”能否作为 bootstrap 解空间刚性的探针？      │
│ 令 w = 约束样本数，N_c(w) =                                                  │
│ 在未参与训练的留出约束点上取得“零违规”所需的最小网络容量（用隐藏层宽度度量） │
│ 。                                                                           │
│                                                                              │
│ 【判别口径·本轮已定（务必按此判定，别再自创）】                              │
│ - 刚性族：在扫描范围内**存在**较小的有限 N_c（例如 h=2~8 即可零违规），且    │
│ N_c 不随 w 增长（趋势为 flat 或 decreasing）。必须给出可达锚点。             │
│ - 胖族：在扫描上限（h=64）内**任何宽度都达不到零违规**，即 N_c =             │
│ ∞（脚手架会标                                                                │
│ trend='unreachable'）。**这就是“胖”的判别签名**，不需要、也不要强行去找“N_c  │
│ 递增”。                                                                      │
│ - 因此本轮的判别结论是二值的：刚性=有限小 N_c；胖=unreachable（不可达）。    │
│                                                                              │
│ 研究对象只能是小型前馈网络本身。硬性边界：严禁把本命题替换或“换名归约”为材料 │
│ 、化学、玻璃、合金、离子导电等任何物理体系，也不要用别的领域类比回答。       │
│                                                                              │
│ 【零违规判据·统一口径】                                                      │
│ - 零违规 = 在未参与训练的留出约束点上，最大绝对误差 ≤ 1e-3。                 │
│ - 训练误差只需“足够小”（≤1e-4 量级）即可，**不要加 train_err < 1e-6          │
│ 这类过严门槛**（会把可达宽度误判为失败）。                                   │
│ - 所有报告数值必须是有限数（禁止 inf / nan /                                 │
│ None）；达不到零违规的行如实报其真实（有限）留出误差。                       │
│                                                                              │
│ 【尺度纪律·本轮新增硬项（否则绝对判据失效）】                                │
│ - **y 与 yv 的数值量级必须归一到 O(1)**（例如 std ≲                          │
│ 10）。绝对判据“≤1e-3”只有在目标 O(1) 时才有意义：run29 的 fat 用 20          │
│ 项随机多项式，基 (2z-1)^19 取值到 ~1e9，导致“1e-3”在 ~1e9                    │
│ 尺度上根本不可能，判定直接失效。                                             │
│ - 若你的族本质带大动态范围，请先对 y 做显式归一（如除以自身                  │
│ std），并在报告里说明归一方式 —— 但留出误差仍要在**同一归一尺度**上报告。    │
│                                                                              │
│ 【第 0 步·刚性可达性 bootstrap（必须先做）】                                 │
│ 先证明“刚性族在本实验里零违规可达”：让某个 (w, 宽度, 种子)                   │
│ 组合训练后对留出点达到                                                       │
│ ≤1e-3，并如实打印锚点数值（宽度、训练误差、留出误差）。                      │
│ - 若刚性族在最大宽度下仍不可达，说明约束族构造不当（例如 w 太小导致 5        │
│ 个点无法确定函数、或阈值不可达），先改构造再重做；此时不得报结论。           │
│                                                                              │
│ 【实验设计】                                                                 │
│ 1) 真的训练网络：沙箱已内置 capacity_scan（两层 tanh + L-BFGS-B              │
│ 多起点），你只需写 family。                                                  │
│ 2) 宽度扫描上限 h=64；刚性族必须在这段内出现有限 N_c。                       │
│ 3) 至少 3 个随机种子，报告 N_c(w) 的数值与趋势，并说明两族的解析 ground      │
│ truth。                                                                      │
│ 4) w 的取值要让“刚性族能被有限样本确定”这件事成立：w 太小（如                │
│ 5）时，光滑函数在训练点之间仍有大量候选，留出误差会偏大 ——                   │
│ 这是真实的“欠定”，请如实报告，并保证在较大 w 上刚性族确实可达零违规。        │
│                                                                              │
│ 【Code Lab 脚本契约】                                                        │
│ - 你**只需实现 family(kind, w, seed) 这一个函数**；run(cfg) 原样 `return     │
│ capacity_scan(family, seed=...)`，可传 ho_tol/tr_tol 覆盖默认阈值。          │
│ - **不要改 run 函数，也不要把训练/优化/参数打包/前向传播写进代码**。         │
│ - family 返回 dict {'X','y','Xv','yv'}：X/y 是 w 个**训练**约束点，Xv/yv     │
│ 是**留出**约束点；一律 `.reshape(-1, 1)` 成 (N,1)。                          │
│ - **标签形状硬约束**：y/yv 必须是 (N,1)。`(N,)` 与 `(N,1)` 相加会广播成      │
│ `(N,N)`——静默伪结果陷阱，脚手架已硬校验。                                    │
│ - **留出集必须真的留出**：Xv 的输入点不得与 X 的训练点重合（脚手架会判       │
│ invalid_heldout 并报重叠比例）；别用含端点重合的同一网格。                   │
│ - 随机数用 rng = np.random.default_rng(seed)；Generator 没有 randn，用       │
│ rng.standard_normal(n)。                                                     │
│ - 不要用 assert / raise 中断执行：把真实数值全部 return，由上层裁决。        │
│                                                                              │
│ 【前几轮伪结果诊断·本轮必须避免】                                            │
│ 1) run27：fat 标签广播 bug（→(w,w)），留出误差被钉在 ~0.51                   │
│ 假值。已由形状硬校验拦截。                                                   │
│ 2) run28：fat 用与 x 无关的 **i.i.d. 纯噪声**，让“刚 vs 胖”退化成“可学 vs    │
│ 不可学”，且目标是 x²/恒等这类平凡 1 维函数，两族不对立。→ 本轮 fat 必须是    │
│ **x 的、高维但可部分学习** 的函数族（自由度 ≫ w），不得是与 x 无关的噪声。   │
│ 3) run29：rigid 用 cos(πx) 但 w=5 欠定（留出 ~4e-2，不可达）；fat            │
│ 用高阶多项式导致 ~1e9 尺度，绝对判据失效。→ 本轮按上面的“尺度纪律”和“第 0    │
│ 步”处理。                                                                    │
│ 4) **报告纪律**：结论必须被 objectives / N_c                                 │
│ 表里的真实数值支持；不得把与数值矛盾的趋势写成结论；训练误差列与留出误差列必 │
│ 须各自独立测得，不得互相复制；正文不得引入材料/化学/晶界等类比框架。         │
│                                                                              │
│ 所有结论必须来自真实运行的可复现数值实验：给出扫描设置、训练与留出误差数值、 │
│ 以及 N_c(w) 的数值与趋势。                                                   │
│ Max iterations: 30                                                           │
╰──────────────────────────────────────────────────────────────────────────────╯
[cache-debug] model=Intern-S2-Preview-35B stats_keys=['model_provider', 'finish_reason', 'model_name']
metacog: 假设可能为换名归约 (trap=, target=刚性族与胖族的定义与判别标准已在原始命题中通过 N_c(w) 的有限性/不可达性明确界定，候选发现未引入新的机制或可验证的数学关系，仅以 'structure' 标签重复了原问题中 '解空间刚性' 的概念。): **[DIM: structure]**
plan_check failed (tier=medium, scene=skill, max_refines=0): The plan describes an abstract 'family function' for constraint families (rigid linear PDE vs fat random polynomial) but fails to specify the mathematical structure (grammar) or concrete instance (sentence) required by the KRCL framework. It lacks explicit definitions of 'width h', 'N_c(w)', and the 'rigid anchor', making the hypothesis untestable. Furthermore, the prediction assumes specific outcomes (zero violation, unreachable trends) without addressing the dimensional pre-check warning or providing a concrete computational setup, risking the same pitfalls as previous runs (e.g., ill-defined function families).
[exec-route] mode='skill' desc[:80]='Implement the family function for two constraint families (rigid linear PDE and ' obj_len=2462 is_exp_desc=True is_exp_obj=True is_det_desc=False
[code-lab-author] raw_len=1222 extracted_len=1207 prompt_len=5379
[code-lab-run] res_none=False success=True nobj=36 reason=''
[validate] mode='code_lab' success=True nobj=36 cf=False lab=True
metacog: 假设可能为换名归约 (trap=, target=刚性族 = 仿射函数子空间（维数2）): [DIM: structural] The "rigid" constraint family corresponds to a subspace of affine functions ($f(x)
error in _build_plan_prompt: evolution skill/patch fetch failed
Traceback (most recent call last):
  File "/workspace/agent/huginn/autoloop/plan_check.py", line 174, in _build_plan_prompt
    skills = evolution.get_relevant_skills(hypothesis)
  File "/workspace/agent/huginn/evolution/engine.py", line 885, in get_relevant_skills
    scored.sort(reverse=True)
    ~~~~~~~~~~~^^^^^^^^^^^^^^
TypeError: '<' not supported between instances of 'SkillTemplate' and 'SkillTemplate'
[exec-route] mode='explore' desc[:80]='The previous iteration (iter 5) reported a surprise of 1.0, indicating a signifi' obj_len=2462 is_exp_desc=True is_exp_obj=True is_det_desc=True
[code-lab-author] raw_len=942 extracted_len=927 prompt_len=5379
[code-lab-run] res_none=False success=True nobj=36 reason=''
[validate] mode='code_lab' success=True nobj=36 cf=False lab=True
metacog: 假设可能为换名归约 (trap=, target=原始命题中的'胖族'（fat family）): [DIM: transport] The fat constraint family arises from a nonlinear transport equation $\partial_t u 
error in _build_plan_prompt: evolution skill/patch fetch failed
Traceback (most recent call last):
  File "/workspace/agent/huginn/autoloop/plan_check.py", line 174, in _build_plan_prompt
    skills = evolution.get_relevant_skills(hypothesis)
  File "/workspace/agent/huginn/evolution/engine.py", line 885, in get_relevant_skills
    scored.sort(reverse=True)
    ~~~~~~~~~~~^^^^^^^^^^^^^^
TypeError: '<' not supported between instances of 'SkillTemplate' and 'SkillTemplate'
plan_check failed (tier=medium, scene=other, max_refines=0): The plan proposes to use a high-dimensional polynomial basis (e.g., Chebyshev) to approximate the solution of the nonlinear transport equation. However, the hypothesis specifically states that the fat constraint family arises from the nonlinear transport equation with stochastic initial conditions, producing an infinite-dimensional solution space. Using a polynomial basis approximation may not capture the infinite-dimensional nature and chaotic solution branching as described in the hypothesis. Additionally, the plan does not address the stochastic initial conditions which are crucial for the chaotic behavior.
[exec-route] mode='explore' desc[:80]='[auto-routed: surprise=1.00] Implement the `family` function for the two constra' obj_len=2462 is_exp_desc=True is_exp_obj=True is_det_desc=False
[code-lab-author] raw_len=1672 extracted_len=1657 prompt_len=5379
[code-lab-run] res_none=False success=True nobj=36 reason=''
error in _parse_verify_score: JSON parse failed, falling back to regex
Traceback (most recent call last):
  File "/workspace/agent/huginn/autoloop/engine_reflect.py", line 2259, in _parse_verify_score
    data = json.loads(resp.strip())
  File "/root/.pyenv/versions/3.14.7/lib/python3.14/json/__init__.py", line 352, in loads
    return _default_decoder.decode(s)
           ~~~~~~~~~~~~~~~~~~~~~~~^^^
  File "/root/.pyenv/versions/3.14.7/lib/python3.14/json/decoder.py", line 345, in decode
    obj, end = self.raw_decode(s, idx=_w(s, 0).end())
               ~~~~~~~~~~~~~~~^^^^^^^^^^^^^^^^^^^^^^^
  File "/root/.pyenv/versions/3.14.7/lib/python3.14/json/decoder.py", line 363, in raw_decode
    raise JSONDecodeError("Expecting value", s, err.value) from None
json.decoder.JSONDecodeError: Expecting value: line 1 column 1 (char 0)
[validate] mode='code_lab' success=True nobj=36 cf=False lab=True
metacog: 假设可能为换名归约 (trap=, target=刚性族/胖族的函数空间维数与样本复杂度关系（即原始命题中 N_c(w) 的扫描行为）): [DIM: PDE Structure]
plan_check failed low-conf (tier=medium, scene=other, conf=0.20): Plan fails to address the core hypothesis requirement of modeling the nonlinear transport equation with stochastic initial conditions. Instead, it proposes using a high-order polynomial basis (fat family) which contradicts the 'infinite-dimensional solution space' requirement from the historical failure context. The plan uses a finite-dimensional polynomial approximation that cannot capture the chaotic solution branching and true infinite-dimensional nature specified in the hypothesis. Additionally, there's no explicit mention of implementing the nonlinear transport equation itself.
[exec-route] mode='explore' desc[:80]='[auto-routed: surprise=1.00] Implement the `family` function for two distinct fu' obj_len=2462 is_exp_desc=True is_exp_obj=True is_det_desc=True
[code-lab-author] raw_len=1353 extracted_len=1338 prompt_len=5379
[code-lab-run] res_none=True success=None nobj=0 reason="执行异常: SyntaxError: unmatched ')' (<code_act>, line 33)"
[code-lab-author] raw_len=1713 extracted_len=1698 prompt_len=7125
[code-lab-run] res_none=False success=True nobj=36 reason=''
[validate] mode='code_lab' success=True nobj=36 cf=False lab=True
metacog: 假设可能为换名归约 (trap=, target=刚性族与胖族的定义被替换为'一阶线性ODE约束'与'无约束多项式'，但未提供实际运行数据验证 N_c(w) 在 h≤64 范围内的可达性趋势，也未展示 y/yv 归一化后的留出误差数值，仅凭解析形式推断刚性/胖属性，属于理论表述换名而非推进问题。): [DIM: PDE Structure] The rigid family is defined by a first-order linear ODE $f'(x) = c$ (affine sol
error in _build_plan_prompt: evolution skill/patch fetch failed
Traceback (most recent call last):
  File "/workspace/agent/huginn/autoloop/plan_check.py", line 174, in _build_plan_prompt
    skills = evolution.get_relevant_skills(hypothesis)
  File "/workspace/agent/huginn/evolution/engine.py", line 885, in get_relevant_skills
    scored.sort(reverse=True)
    ~~~~~~~~~~~^^^^^^^^^^^^^^
TypeError: '<' not supported between instances of 'SkillTemplate' and 'SkillTemplate'
plan_check failed low-conf (tier=medium, scene=other, conf=0.15): The plan is invalid because it uses a finite-dimensional polynomial basis for the 'fat family', which contradicts the core hypothesis requirement of an infinite-dimensional solution space from the nonlinear transport equation with stochastic initial conditions. This matches the historical failure pattern where polynomial approximation fails to capture chaotic solution branching and infinite dimensionality. Additionally, the plan does not specify how to handle the nonlinear transport equation or stochastic initial conditions, which are critical for validating the hypothesis.
[exec-route] mode='explore' desc[:80]='[auto-routed: surprise=1.00] Implement the family(kind, w, seed) function to gen' obj_len=2462 is_exp_desc=True is_exp_obj=True is_det_desc=True
[code-lab-author] raw_len=949 extracted_len=934 prompt_len=5379
[code-lab-run] res_none=False success=True nobj=36 reason=''
[validate] mode='code_lab' success=True nobj=36 cf=False lab=True
metacog: 假设可能为换名归约 (trap=, target=刚性族 = 仿射函数（一阶 ODE 解空间，维数2），胖族 = 高阶 ODE 或函数约束（无限维解空间）): [DIM: composition] The rigid family corresponds to a linear ODE $f'(x) = c$ (affine solutions) with 
error in _build_plan_prompt: evolution skill/patch fetch failed
Traceback (most recent call last):
  File "/workspace/agent/huginn/autoloop/plan_check.py", line 174, in _build_plan_prompt
    skills = evolution.get_relevant_skills(hypothesis)
  File "/workspace/agent/huginn/evolution/engine.py", line 885, in get_relevant_skills
    scored.sort(reverse=True)
    ~~~~~~~~~~~^^^^^^^^^^^^^^
TypeError: '<' not supported between instances of 'SkillTemplate' and 'SkillTemplate'
plan_check failed low-conf (tier=medium, scene=other, conf=0.15): The plan fails to address the core hypothesis requirements. The hypothesis explicitly states the 'fat family' arises from a nonlinear transport equation with stochastic initial conditions (infinite-dimensional solution space), but the plan vaguely describes implementing a 'higher-order functional constraint' without specifying the transport equation or stochastic sampling. This directly contradicts the historical failure patterns where polynomial/finite-dimensional bases failed to capture the true infinite-dimensional nature and chaotic solution branching. The plan also lacks specific implementation details for the nonlinear transport equation and stochastic initial conditions, which are critical for validating the hypothesis.
[exec-route] mode='explore' desc[:80]='[auto-routed: surprise=1.00] Implement the family(kind, w, seed) function for th' obj_len=2462 is_exp_desc=True is_exp_obj=True is_det_desc=True
[code-lab-author] raw_len=1029 extracted_len=1014 prompt_len=5379
[code-lab-run] res_none=False success=True nobj=36 reason=''
[validate] mode='code_lab' success=True nobj=36 cf=False lab=True
metacog: 假设可能为换名归约 (trap=, target=刚性解空间 = 满足线性 ODE f'(x)=c 的函数集合（2维仿射子空间）): [DIM: structure] The "rigid" solution space corresponds to functions satisfying a linear ODE $f'(x) 
error in _build_plan_prompt: evolution skill/patch fetch failed
Traceback (most recent call last):
  File "/workspace/agent/huginn/autoloop/plan_check.py", line 174, in _build_plan_prompt
    skills = evolution.get_relevant_skills(hypothesis)
  File "/workspace/agent/huginn/evolution/engine.py", line 885, in get_relevant_skills
    scored.sort(reverse=True)
    ~~~~~~~~~~~^^^^^^^^^^^^^^
TypeError: '<' not supported between instances of 'SkillTemplate' and 'SkillTemplate'
plan_check failed low-conf (tier=light, scene=other, conf=0.10): The plan fundamentally misrepresents the 'fat family' as a high-dimensional polynomial function, directly contradicting the hypothesis which requires the fat family to arise from a nonlinear transport equation with stochastic initial conditions (infinite-dimensional solution space). This matches the documented 'same-scene historical failures' where polynomial bases failed to capture true infinite dimensionality and chaotic branching. Additionally, the plan uses a linear ODE for the rigid family but the hypothesis context appears to involve nonlinear transport equations, creating a mismatch in the core mathematical structure.
[validate] mode='code_lab' success=True nobj=36 cf=False lab=True
metacog: 假设可能为换名归约 (trap=, target=刚性族 = 线性 ODE 约束 $f'(x) = c$ 定义的仿射直线族（一维解空间）): [DIM: structure] The rigid family corresponds to a linear ODE constraint $f'(x) = c$, which defines 
error in _build_plan_prompt: evolution skill/patch fetch failed
Traceback (most recent call last):
  File "/workspace/agent/huginn/autoloop/plan_check.py", line 174, in _build_plan_prompt
    skills = evolution.get_relevant_skills(hypothesis)
  File "/workspace/agent/huginn/evolution/engine.py", line 885, in get_relevant_skills
    scored.sort(reverse=True)
    ~~~~~~~~~~~^^^^^^^^^^^^^^
TypeError: '<' not supported between instances of 'SkillTemplate' and 'SkillTemplate'
plan_check failed low-conf (tier=light, scene=other, conf=0.10): The plan misrepresents the 'fat family' as a high-degree polynomial constraint, directly contradicting the hypothesis which requires the fat family to arise from a nonlinear transport equation with stochastic initial conditions (infinite-dimensional solution space). This matches documented historical failures where polynomial bases failed to capture true infinite dimensionality. The plan also lacks specific implementation details for the nonlinear transport equation, stochastic sampling, and appropriate function spaces.
[validate] mode='code_lab' success=True nobj=36 cf=False lab=True
metacog: 假设可能为换名归约 (trap=, target=刚性族 = 线性 ODE 解空间（维数1）): [DIM: structure] The rigid constraint family corresponds to a linear ODE solution space of dimension
error in _build_plan_prompt: evolution skill/patch fetch failed
Traceback (most recent call last):
  File "/workspace/agent/huginn/autoloop/plan_check.py", line 174, in _build_plan_prompt
    skills = evolution.get_relevant_skills(hypothesis)
  File "/workspace/agent/huginn/evolution/engine.py", line 885, in get_relevant_skills
    scored.sort(reverse=True)
    ~~~~~~~~~~~^^^^^^^^^^^^^^
TypeError: '<' not supported between instances of 'SkillTemplate' and 'SkillTemplate'
plan_check failed low-conf (tier=light, scene=other, conf=0.15): The plan fundamentally misrepresents the 'fat family' as a high-degree polynomial, directly contradicting the hypothesis which requires the fat family to arise from a nonlinear transport equation with stochastic initial conditions (infinite-dimensional solution space). This matches documented 'same-scene historical failures' where polynomial bases failed to capture true infinite dimensionality and chaotic branching. The plan also lacks specific implementation details for the nonlinear transport equation, stochastic sampling, and appropriate function spaces.
error in _parse_verify_score: JSON parse failed, falling back to regex
Traceback (most recent call last):
  File "/workspace/agent/huginn/autoloop/engine_reflect.py", line 2259, in _parse_verify_score
    data = json.loads(resp.strip())
  File "/root/.pyenv/versions/3.14.7/lib/python3.14/json/__init__.py", line 352, in loads
    return _default_decoder.decode(s)
           ~~~~~~~~~~~~~~~~~~~~~~~^^^
  File "/root/.pyenv/versions/3.14.7/lib/python3.14/json/decoder.py", line 345, in decode
    obj, end = self.raw_decode(s, idx=_w(s, 0).end())
               ~~~~~~~~~~~~~~~^^^^^^^^^^^^^^^^^^^^^^^
  File "/root/.pyenv/versions/3.14.7/lib/python3.14/json/decoder.py", line 363, in raw_decode
    raise JSONDecodeError("Expecting value", s, err.value) from None
json.decoder.JSONDecodeError: Expecting value: line 1 column 1 (char 0)
[validate] mode='code_lab' success=True nobj=36 cf=False lab=True
metacog: 假设可能为换名归约 (trap=, target=刚性族 = 低维/唯一解空间（维数小）): ** [DIM: structure] **Hypothesis:** The solution space of the "rigid" constraint family corresponds 
error in _build_plan_prompt: evolution skill/patch fetch failed
Traceback (most recent call last):
  File "/workspace/agent/huginn/autoloop/plan_check.py", line 174, in _build_plan_prompt
    skills = evolution.get_relevant_skills(hypothesis)
  File "/workspace/agent/huginn/evolution/engine.py", line 885, in get_relevant_skills
    scored.sort(reverse=True)
    ~~~~~~~~~~~^^^^^^^^^^^^^^
TypeError: '<' not supported between instances of 'SkillTemplate' and 'SkillTemplate'
plan_check failed low-conf (tier=light, scene=other, conf=0.10): The plan fundamentally misrepresents the mathematical structure of both families. The hypothesis requires the 'fat family' to arise from a nonlinear transport equation (e.g., Burgers') with stochastic initial conditions (infinite-dimensional chaotic solution space), but the plan uses a finite-dimensional polynomial space (high-dimensional but not infinite/chaotic). This matches documented historical failures where polynomial bases failed to capture true infinite dimensionality. The rigid family is oversimplified as a generic linear ODE without specifying the specific boundary conditions and constraints that yield dimension 1. The plan also lacks concrete implementation details for the transport equation and stochastic sampling.
[validate] mode='code_lab' success=True nobj=36 cf=False lab=True
metacog: 假设可能为换名归约 (trap=, target=刚性族（Rigid Family）的数学定义): [DIM: structure] The rigid constraint family corresponds to a linear ODE solution space with finite 
error in _build_plan_prompt: evolution skill/patch fetch failed
Traceback (most recent call last):
  File "/workspace/agent/huginn/autoloop/plan_check.py", line 174, in _build_plan_prompt
    skills = evolution.get_relevant_skills(hypothesis)
  File "/workspace/agent/huginn/evolution/engine.py", line 885, in get_relevant_skills
    scored.sort(reverse=True)
    ~~~~~~~~~~~^^^^^^^^^^^^^^
TypeError: '<' not supported between instances of 'SkillTemplate' and 'SkillTemplate'
plan_check failed low-conf (tier=light, scene=other, conf=0.10): 该plan与历史失败模式中的关键错误完全一致：将'fat family'错误地建模为有限维多项式空间（高维但非无限维），而假设要求fat family必须来源于非线性输运方程（如Burgers方程）与随机初值条件构成的无限维混沌解空间。同时rigid family未指定具体边界条件和约束导致维度不明确，且缺乏对解空间维度的符号验证。DESCRIPTION未包含实现非线性方程、随机采样、Sobolev空间等必要数学结构，无法支撑假设验证。
[exec-route] mode='explore' desc[:80]='Implement the rigid and fat constraint families as Python functions, execute cap' obj_len=2462 is_exp_desc=True is_exp_obj=True is_det_desc=False
[code-lab-author] raw_len=942 extracted_len=927 prompt_len=5379
[code-lab-run] res_none=False success=True nobj=36 reason=''
[validate] mode='code_lab' success=True nobj=36 cf=False lab=True
metacog: 假设可能为换名归约 (trap=, target=刚性族 = 线性子空间（多项式）且网络容量 h ≥ d+1 即可精确表示): [DIM: structure] The rigid constraint family exhibits zero violation because it corresponds to a lin
error in _build_plan_prompt: evolution skill/patch fetch failed
Traceback (most recent call last):
  File "/workspace/agent/huginn/autoloop/plan_check.py", line 174, in _build_plan_prompt
    skills = evolution.get_relevant_skills(hypothesis)
  File "/workspace/agent/huginn/evolution/engine.py", line 885, in get_relevant_skills
    scored.sort(reverse=True)
    ~~~~~~~~~~~^^^^^^^^^^^^^^
TypeError: '<' not supported between instances of 'SkillTemplate' and 'SkillTemplate'
plan_check failed low-conf (tier=light, scene=other, conf=0.15): The plan fundamentally misrepresents the 'fat family' as a finite-dimensional polynomial space, contradicting the hypothesis which requires the fat family to arise from an infinite-dimensional solution space (e.g., nonlinear transport equation with stochastic initial conditions). This matches documented historical failures where polynomial bases failed to capture true infinite dimensionality. The plan also lacks specification of the exact rigid family ODE/boundary conditions and symbolic verification of its solution space dimension.
[exec-route] mode='explore' desc[:80]='Test the hypothesis that the rigid constraint family (polynomial space of degree' obj_len=2462 is_exp_desc=True is_exp_obj=True is_det_desc=False
[code-lab-author] raw_len=937 extracted_len=922 prompt_len=5379
[code-lab-run] res_none=False success=True nobj=36 reason=''
[validate] mode='code_lab' success=True nobj=36 cf=False lab=True
metacog: 假设可能为换名归约 (trap=, target=刚性族的定义（解空间维数低/唯一）): [DIM: structure] The rigid constraint family's zero-violation behavior at small widths reflects a li
error in _build_plan_prompt: evolution skill/patch fetch failed
Traceback (most recent call last):
  File "/workspace/agent/huginn/autoloop/plan_check.py", line 174, in _build_plan_prompt
    skills = evolution.get_relevant_skills(hypothesis)
  File "/workspace/agent/huginn/evolution/engine.py", line 885, in get_relevant_skills
    scored.sort(reverse=True)
    ~~~~~~~~~~~^^^^^^^^^^^^^^
TypeError: '<' not supported between instances of 'SkillTemplate' and 'SkillTemplate'
plan_check failed low-conf (tier=light, scene=other, conf=0.10): The plan fundamentally misrepresents the mathematical structure of both constraint families as required by the hypothesis. The hypothesis requires the 'fat family' to arise from an infinite-dimensional chaotic solution space (e.g., nonlinear transport equation with stochastic initial conditions), but the plan uses a finite-dimensional polynomial space. This is a documented historical failure. Additionally, the rigid family lacks specified boundary conditions and symbolic verification of solution space dimension. The plan does not address the core mathematical structure required to test the hypothesis about linear subspaces and dimension bounds.
[exec-route] mode='explore' desc[:80]='[auto-routed: surprise=1.00] Implement the `family` function for the rigid const' obj_len=2462 is_exp_desc=True is_exp_obj=True is_det_desc=True
[code-lab-author] raw_len=942 extracted_len=927 prompt_len=5379
[code-lab-run] res_none=False success=True nobj=36 reason=''
[validate] mode='code_lab' success=True nobj=36 cf=False lab=True
metacog: 假设可能为换名归约 (trap=, target=刚性族与胖族的定义与判别标准已在原始问题中明确（刚性=有限小N_c，胖=unreachable），候选发现仅将问题重命名为'Solution Space Geometry'，未引入新的机制、约束或可验证的数学关系。): ** [DIM: Solution Space Geometry]
plan_check failed low-conf (tier=light, scene=other, conf=0.20): The plan fundamentally misrepresents the 'fat family' as a finite-dimensional polynomial space, contradicting the hypothesis which requires the fat family to arise from an infinite-dimensional solution space (e.g., nonlinear transport equation with stochastic initial conditions). This matches documented historical failures where polynomial bases failed to capture true infinite dimensionality. The plan also lacks specification of the exact rigid family ODE/boundary conditions and symbolic verification of solution space dimension.
[exec-route] mode='explore' desc[:80]='Implement the solution space geometry hypothesis test using mathematically corre' obj_len=2462 is_exp_desc=True is_exp_obj=True is_det_desc=False
[code-lab-author] raw_len=1298 extracted_len=1283 prompt_len=5379
[code-lab-run] res_none=False success=True nobj=36 reason=''
error in _parse_verify_score: JSON parse failed, falling back to regex
Traceback (most recent call last):
  File "/workspace/agent/huginn/autoloop/engine_reflect.py", line 2259, in _parse_verify_score
    data = json.loads(resp.strip())
  File "/root/.pyenv/versions/3.14.7/lib/python3.14/json/__init__.py", line 352, in loads
    return _default_decoder.decode(s)
           ~~~~~~~~~~~~~~~~~~~~~~~^^^
  File "/root/.pyenv/versions/3.14.7/lib/python3.14/json/decoder.py", line 345, in decode
    obj, end = self.raw_decode(s, idx=_w(s, 0).end())
               ~~~~~~~~~~~~~~~^^^^^^^^^^^^^^^^^^^^^^^
  File "/root/.pyenv/versions/3.14.7/lib/python3.14/json/decoder.py", line 363, in raw_decode
    raise JSONDecodeError("Expecting value", s, err.value) from None
json.decoder.JSONDecodeError: Expecting value: line 1 column 1 (char 0)
[validate] mode='code_lab' success=True nobj=36 cf=False lab=True
metacog: 假设可能为换名归约 (trap=, target=刚性族（低次多项式）在有限宽度下可实现零违规，且 N_c 不随 w 增长，这与原始命题中‘刚性 = 低维/唯一’的定义直接等价，未引入新的机制或实证证据。): [DIM: solution_space_geometry] The rigid constraint family (low-degree polynomial) admits a finite, 
error in _build_plan_prompt: evolution skill/patch fetch failed
Traceback (most recent call last):
  File "/workspace/agent/huginn/autoloop/plan_check.py", line 174, in _build_plan_prompt
    skills = evolution.get_relevant_skills(hypothesis)
  File "/workspace/agent/huginn/evolution/engine.py", line 885, in get_relevant_skills
    scored.sort(reverse=True)
    ~~~~~~~~~~~^^^^^^^^^^^^^^
TypeError: '<' not supported between instances of 'SkillTemplate' and 'SkillTemplate'
plan_check failed low-conf (tier=light, scene=other, conf=0.10): The plan fundamentally misrepresents the mathematical structure of both constraint families as required by the hypothesis. The hypothesis requires the 'fat family' to arise from an infinite-dimensional chaotic solution space (e.g., nonlinear transport equation with stochastic initial conditions), but the plan uses a finite-dimensional polynomial space. This matches documented historical failures where polynomial bases failed to capture true infinite dimensionality. Additionally, the rigid family lacks specified boundary conditions and symbolic verification of solution space dimension, which is critical for establishing the finite-dimensional solution space claim.
[exec-route] mode='explore' desc[:80]='[auto-routed: surprise=1.00] Implement the family(kind, w, seed) function for tw' obj_len=2462 is_exp_desc=True is_exp_obj=True is_det_desc=True
[code-lab-author] raw_len=949 extracted_len=934 prompt_len=5379
[code-lab-run] res_none=False success=True nobj=36 reason=''
[validate] mode='code_lab' success=True nobj=36 cf=False lab=True
metacog: 假设可能为换名归约 (trap=, target=刚性族 = 有限维多项式空间（deg≤2），其解流形在 w≥3 时存在唯一插值函数，从而在小网络宽度（N_c ≤ 8）下可实现零留出误差。): [DIM: structure] The rigid constraint family corresponds to a finite-dimensional polynomial space (d
error in _build_plan_prompt: evolution skill/patch fetch failed
Traceback (most recent call last):
  File "/workspace/agent/huginn/autoloop/plan_check.py", line 174, in _build_plan_prompt
    skills = evolution.get_relevant_skills(hypothesis)
  File "/workspace/agent/huginn/evolution/engine.py", line 885, in get_relevant_skills
    scored.sort(reverse=True)
    ~~~~~~~~~~~^^^^^^^^^^^^^^
TypeError: '<' not supported between instances of 'SkillTemplate' and 'SkillTemplate'
plan_check failed low-conf (tier=light, scene=other, conf=0.15): The plan fundamentally misrepresents the mathematical structure of both constraint families as required by the hypothesis. The hypothesis requires the 'fat family' to arise from an infinite-dimensional chaotic solution space (e.g., nonlinear transport equation with stochastic initial conditions), but the plan uses a finite-dimensional polynomial space. This matches documented historical failures where polynomial bases failed to capture true infinite dimensionality. Additionally, the rigid family lacks specified boundary conditions and symbolic verification of solution space dimension, which is critical for establishing the finite-dimensional solution space claim.
[exec-route] mode='explore' desc[:80]='The hypothesis claims the rigid constraint family (polynomial degree ≤ 2) achiev' obj_len=2462 is_exp_desc=True is_exp_obj=True is_det_desc=True
[code-lab-author] raw_len=1479 extracted_len=1464 prompt_len=5379
[code-lab-run] res_none=False success=True nobj=36 reason=''
[validate] mode='code_lab' success=True nobj=36 cf=False lab=True
metacog: 假设可能为换名归约 (trap=, target=刚性族解空间维数低（多项式次数≤2）): [DIM: structure] The rigid constraint family (polynomial degree ≤ 2) exhibits a finite-dimensional s
error in _build_plan_prompt: evolution skill/patch fetch failed
Traceback (most recent call last):
  File "/workspace/agent/huginn/autoloop/plan_check.py", line 174, in _build_plan_prompt
    skills = evolution.get_relevant_skills(hypothesis)
  File "/workspace/agent/huginn/evolution/engine.py", line 885, in get_relevant_skills
    scored.sort(reverse=True)
    ~~~~~~~~~~~^^^^^^^^^^^^^^
TypeError: '<' not supported between instances of 'SkillTemplate' and 'SkillTemplate'
plan_check failed low-conf (tier=light, scene=other, conf=0.20): The plan fundamentally misrepresents the mathematical structure of both constraint families as required by the hypothesis. The hypothesis requires the 'fat family' to arise from an infinite-dimensional chaotic solution space (e.g., nonlinear transport equation with stochastic initial conditions), but the plan uses a finite-dimensional polynomial space. This matches documented historical failures where polynomial bases failed to capture true infinite dimensionality. Additionally, the rigid family lacks specified boundary conditions and symbolic verification of solution space dimension, which is critical for establishing the finite-dimensional solution space claim.
[exec-route] mode='explore' desc[:80]='Refined validation framework addressing feedback: (1) Rigid family defined as li' obj_len=2462 is_exp_desc=True is_exp_obj=True is_det_desc=False
[code-lab-author] raw_len=1017 extracted_len=1002 prompt_len=5379
[code-lab-run] res_none=False success=True nobj=36 reason=''
[validate] mode='code_lab' success=True nobj=36 cf=False lab=True
metacog: 假设可能为换名归约 (trap=, target=刚性族在数学上等价于低维函数空间（如二次多项式），其解空间维数有限，因此网络容量需求低。该发现仅重述了原始命题中‘刚性=低维/唯一’的定义，未提供关于‘小型前馈网络能否作为探针’的新机制或实证证据。): [DIM: structure] The rigid constraint family (polynomial degree ≤ 2) defines a finite-dimensional so
error in _build_plan_prompt: evolution skill/patch fetch failed
Traceback (most recent call last):
  File "/workspace/agent/huginn/autoloop/plan_check.py", line 174, in _build_plan_prompt
    skills = evolution.get_relevant_skills(hypothesis)
  File "/workspace/agent/huginn/evolution/engine.py", line 885, in get_relevant_skills
    scored.sort(reverse=True)
    ~~~~~~~~~~~^^^^^^^^^^^^^^
TypeError: '<' not supported between instances of 'SkillTemplate' and 'SkillTemplate'
plan_check failed low-conf (tier=light, scene=other, conf=0.10): The plan fundamentally misrepresents the mathematical structure of both constraint families as required by the hypothesis. The hypothesis requires the 'fat family' to arise from an infinite-dimensional chaotic solution space (e.g., nonlinear transport equation with stochastic initial conditions), but the plan uses a finite-dimensional polynomial space. This matches documented historical failures where polynomial bases failed to capture true infinite dimensionality. Additionally, the rigid family lacks specified boundary conditions and symbolic verification of solution space dimension, which is critical for establishing the finite-dimensional solution space claim.
[exec-route] mode='explore' desc[:80]='[auto-routed: surprise=1.00] Implement the `family` function for the rigid polyn' obj_len=2462 is_exp_desc=True is_exp_obj=True is_det_desc=False
[code-lab-author] raw_len=947 extracted_len=932 prompt_len=5379
[code-lab-run] res_none=False success=True nobj=36 reason=''
[validate] mode='code_lab' success=True nobj=36 cf=False lab=True
metacog: 假设可能为换名归约 (trap=, target=刚性族（多项式次数≤2）的有限维解空间性质): [DIM: structure] The rigid constraint family (polynomial degree ≤ 2) defines a finite-dimensional so
error in _build_plan_prompt: evolution skill/patch fetch failed
Traceback (most recent call last):
  File "/workspace/agent/huginn/autoloop/plan_check.py", line 174, in _build_plan_prompt
    skills = evolution.get_relevant_skills(hypothesis)
  File "/workspace/agent/huginn/evolution/engine.py", line 885, in get_relevant_skills
    scored.sort(reverse=True)
    ~~~~~~~~~~~^^^^^^^^^^^^^^
TypeError: '<' not supported between instances of 'SkillTemplate' and 'SkillTemplate'
plan_check failed low-conf (tier=light, scene=other, conf=0.10): The plan fundamentally misrepresents the mathematical structure of the hypothesis. The hypothesis requires comparing a rigid family (polynomial degree ≤ 2) against a fat family arising from an infinite-dimensional chaotic solution space (e.g., nonlinear transport equation with stochastic initial conditions). However, the DESCRIPTION only implements the rigid family and completely omits the fat family implementation. This matches the documented historical failure where 'the plan fundamentally misrepresents the mathematical structure of both constraint families' by using only a finite-dimensional polynomial space for the rigid family while failing to implement the required infinite-dimensional chaotic fat family. Additionally, the plan lacks the necessary symbolic verification of the rigid family's solution space dimension and concrete capacity_scan methodology aligned with infinite-dimensional solution space requirements.
[exec-route] mode='explore' desc[:80]='[auto-routed: surprise=1.00] Implement the `family` function for the rigid polyn' obj_len=2462 is_exp_desc=True is_exp_obj=True is_det_desc=True
[code-lab-author] raw_len=1512 extracted_len=1498 prompt_len=5379
[code-lab-run] res_none=False success=True nobj=36 reason=''
error in _parse_verify_score: JSON parse failed, falling back to regex
Traceback (most recent call last):
  File "/workspace/agent/huginn/autoloop/engine_reflect.py", line 2259, in _parse_verify_score
    data = json.loads(resp.strip())
  File "/root/.pyenv/versions/3.14.7/lib/python3.14/json/__init__.py", line 352, in loads
    return _default_decoder.decode(s)
           ~~~~~~~~~~~~~~~~~~~~~~~^^^
  File "/root/.pyenv/versions/3.14.7/lib/python3.14/json/decoder.py", line 345, in decode
    obj, end = self.raw_decode(s, idx=_w(s, 0).end())
               ~~~~~~~~~~~~~~~^^^^^^^^^^^^^^^^^^^^^^^
  File "/root/.pyenv/versions/3.14.7/lib/python3.14/json/decoder.py", line 363, in raw_decode
    raise JSONDecodeError("Expecting value", s, err.value) from None
json.decoder.JSONDecodeError: Expecting value: line 1 column 1 (char 0)
[validate] mode='code_lab' success=True nobj=36 cf=False lab=True
metacog: 假设可能为换名归约 (trap=, target=刚性族的定义（多项式次数≤2）及其解空间维数性质): [DIM: structure] The rigid constraint family (polynomial degree ≤ 2) defines a finite-dimensional so
error in _build_plan_prompt: evolution skill/patch fetch failed
Traceback (most recent call last):
  File "/workspace/agent/huginn/autoloop/plan_check.py", line 174, in _build_plan_prompt
    skills = evolution.get_relevant_skills(hypothesis)
  File "/workspace/agent/huginn/evolution/engine.py", line 885, in get_relevant_skills
    scored.sort(reverse=True)
    ~~~~~~~~~~~^^^^^^^^^^^^^^
TypeError: '<' not supported between instances of 'SkillTemplate' and 'SkillTemplate'
[exec-route] mode='explore' desc[:80]='[auto-routed: surprise=1.00] Implement the family(kind, w, seed) function to gen' obj_len=2462 is_exp_desc=True is_exp_obj=True is_det_desc=False
[code-lab-author] raw_len=1389 extracted_len=1375 prompt_len=5379
[code-lab-run] res_none=False success=True nobj=36 reason=''
[validate] mode='code_lab' success=True nobj=36 cf=False lab=True
metacog: 假设可能为换名归约 (trap=, target=刚性族的定义（多项式次数≤2）与 N_c(w) 的平坦/递减趋势): [DIM: structure] The rigid constraint family (polynomial degree ≤ 2) defines a finite-dimensional so
plan_check failed low-conf (tier=light, scene=other, conf=0.10): The plan fundamentally misrepresents the mathematical structure of the hypothesis by implementing both the rigid and fat families as finite-dimensional spaces. The fat family must be infinite-dimensional (e.g., from Burgers' equation with stochastic initial conditions), but the DESCRIPTION only mentions verifying the rigid family's dimension symbolically and defining capacity_scan without specifying how the fat family is actually implemented. This matches the documented historical failures where both families were treated as finite-dimensional polynomial spaces, failing to capture the critical distinction between rigid (finite-dimensional) and fat (infinite-dimensional) constraint families.
[exec-route] mode='explore' desc[:80]='Correcting the structural error by implementing the rigid constraint family as a' obj_len=2462 is_exp_desc=True is_exp_obj=True is_det_desc=False
[code-lab-author] raw_len=940 extracted_len=925 prompt_len=5379
[code-lab-run] res_none=False success=True nobj=36 reason=''
[validate] mode='code_lab' success=True nobj=36 cf=False lab=True
metacog: 假设可能为换名归约 (trap=, target=刚性族与胖族的定义性差异（有限维 vs 高维自由度）): [DIM: structure] The rigid constraint family (polynomial degree ≤ 2) defines a finite-dimensional so
plan_check failed low-conf (tier=light, scene=other, conf=0.10): The plan fundamentally misrepresents the mathematical structure of the hypothesis by implementing both the rigid and fat families as finite-dimensional polynomial spaces. Historical failures (run28, run29) explicitly document this exact error. The fat family must be infinite-dimensional (e.g., from Burgers' equation with stochastic initial conditions), but the DESCRIPTION only mentions 'high-degree random polynomial' which remains finite-dimensional. The plan lacks the required nonlinear transport equation implementation and proper function spaces (Sobolev spaces) for the fat family. Additionally, the plan does not include symbolic verification of the rigid family's solution space dimension before training, which is a critical prerequisite step.
[exec-route] mode='explore' desc[:80]='[auto-routed: surprise=1.00] Implement the `family` function for the rigid (poly' obj_len=2462 is_exp_desc=True is_exp_obj=True is_det_desc=False
[code-lab-author] raw_len=1355 extracted_len=1341 prompt_len=5379
[code-lab-run] res_none=False success=True nobj=36 reason=''
