<frozen runpy>:130: RuntimeWarning: 'huginn.cli.main' found in sys.modules after import of package 'huginn.cli', but prior to execution of 'huginn.cli.main'; this may result in unpredictable behaviour
解析 SKILL.md 失败 /workspace/agent/huginn/plugins/science-skills/skills/instrument-ingest/SKILL.md: mapping values are not allowed here
  in "<unicode string>", line 2, column 160:
     ... 数据转成可检索的测量摘要。对应 chain-of-thought: 输入仪器导出文件 → 输出"峰位+强度+FWHM+新相提示" ... 
                                         ^
解析 SKILL.md 失败 /workspace/agent/huginn/plugins/science-skills/skills/structure-encoder/SKILL.md: mapping values are not allowed here
  in "<unicode string>", line 2, column 175:
     ... 检索的 JSON 描述子。对应 chain-of-thought: 输入结构 → 输出统一的"化学式+空间群+晶格+元素比例"  ... 
                                         ^
解析技能文件失败 /workspace/agent/huginn/plugins/science-skills/skills/instrument-ingest/SKILL.md: mapping values are not allowed here
  in "<unicode string>", line 2, column 160:
     ... 数据转成可检索的测量摘要。对应 chain-of-thought: 输入仪器导出文件 → 输出"峰位+强度+FWHM+新相提示" ... 
                                         ^
解析技能文件失败 /workspace/agent/huginn/plugins/science-skills/skills/structure-encoder/SKILL.md: mapping values are not allowed here
  in "<unicode string>", line 2, column 175:
     ... 检索的 JSON 描述子。对应 chain-of-thought: 输入结构 → 输出统一的"化学式+空间群+晶格+元素比例"  ... 
                                         ^
Tool huginn.tools.vasp_tool registered but its deps are missing — capability degraded: pymatgen
Tool huginn.tools.sim.packing_tool registered but its deps are missing — capability degraded: ase, matplotlib, rdkit
Tool huginn.tools.sim.plasma_tool registered but its deps are missing — capability degraded: sklearn
Tool huginn.tools.sim.transolver_tool registered but its deps are missing — capability degraded: torch
Tool huginn.tools.vina_tool registered but its deps are missing — capability degraded: rdkit, vina
Tool huginn.tools.openmm_tool registered but its deps are missing — capability degraded: openmm
Tool huginn.tools.sci.symbolic_regression_tool registered but its deps are missing — capability degraded: model, torch
Tool huginn.tools.dynamics_discovery_tool registered but its deps are missing — capability degraded: sklearn
Tool huginn.tools.sci.interpretable_ml_tool registered but its deps are missing — capability degraded: gpytorch, torch
Tool huginn.tools.sci.sklearn_tool registered but its deps are missing — capability degraded: sklearn
Tool huginn.tools.sci.vae_tool registered but its deps are missing — capability degraded: torch
Tool huginn.tools.sci.autodiff_tool registered but its deps are missing — capability degraded: jax
Tool huginn.tools.numerical_tool registered but its deps are missing — capability degraded: cvxpy, pulp
Tool huginn.tools.sci.symmetry_tool registered but its deps are missing — capability degraded: pymatgen, spglib
Tool huginn.tools.sci.tda_tool registered but its deps are missing — capability degraded: gudhi, ripser
Tool huginn.tools.sci.uq_tool registered but its deps are missing — capability degraded: chaospy
Tool huginn.tools.gp_tool registered but its deps are missing — capability degraded: sklearn
Tool huginn.tools.sci.gnn_tool registered but its deps are missing — capability degraded: sklearn, torch, torch_geometric
Tool huginn.tools.sci.stat_tests_tool registered but its deps are missing — capability degraded: statsmodels
Tool huginn.tools.sci.descriptor_tool registered but its deps are missing — capability degraded: ase, dscribe, matminer, pymatgen
Tool huginn.tools.rdkit_tool registered but its deps are missing — capability degraded: rdkit
Tool huginn.tools.sci.active_learning_tool registered but its deps are missing — capability degraded: pandas
Tool huginn.tools.sci.ml_potential_tool registered but its deps are missing — capability degraded: ase, chgnet, fairchem, mace, pynep
Tool huginn.tools.sci.xrd_sim_tool registered but its deps are missing — capability degraded: pymatgen
Tool huginn.tools.design.doe_tool registered but its deps are missing — capability degraded: statsmodels
Tool huginn.tools.vision_describe_tool registered but its deps are missing — capability degraded: easyocr, paddleocr, pytesseract, torch
Tool huginn.tools.model3d_tool registered but its deps are missing — capability degraded: pymatgen, trimesh
Tool huginn.tools.browser_tool registered but its deps are missing — capability degraded: playwright, selenium
Tool huginn.tools.materials_database_tool registered but its deps are missing — capability degraded: ase, pymatgen
Tool huginn.tools.thermo_tool registered but its deps are missing — capability degraded: pymatgen, thermo
Tool huginn.tools.bench_infra.plot_tool registered but its deps are missing — capability degraded: matplotlib
Tool huginn.tools.bench_infra.matrix_tool registered but its deps are missing — capability degraded: torch
Tool huginn.tools.bench_infra.c2st_tool registered but its deps are missing — capability degraded: sklearn
strict_work_dir=True but allowed_work_dirs empty — path scoping inactive. Set allowed_work_dirs or HUGINN_WORKSPACE to enable.
Long-horizon goal: goal_17e8c190
  wall-clock budget: 3600s, iteration cap: 30
╭────────────────────────────────── Starting ──────────────────────────────────╮
│ Autoloop                                                                     │
│ Objective: 【研究命题·纯机器学习/数学】                                      │
│                                                                              │
│ 解空间刚性 = 满足全部解析约束的函数集合的维数：低维/唯一 = 刚，高维/连续族 = │
│ 胖。                                                                         │
│                                                                              │
│ 核心问题：小型前馈网络的“泛化行为”能否作为 bootstrap 解空间刚性的探针？      │
│ 令 w = 约束样本数，N_c(w) =                                                  │
│ 在未参与训练的留出约束点上取得“零违规”所需的最小网络容量（用隐藏层宽度度量） │
│ 。                                                                           │
│                                                                              │
│ 【判别口径·本轮已定（务必按此判定，别再自创）】                              │
│ - 刚性族：在扫描范围内**存在**较小的有限 N_c（例如 h=2~8 即可零违规），且    │
│ N_c 不随 w 增长（趋势为 flat 或 decreasing）。必须给出可达锚点。             │
│ - 胖族：在扫描上限（h=64）内**任何宽度都达不到零违规**，即 N_c =             │
│ ∞（脚手架会标                                                                │
│ trend='unreachable'）。**这就是“胖”的判别签名**，不需要、也不要强行去找“N_c  │
│ 递增”。                                                                      │
│ - 因此本轮的判别结论是二值的：刚性=有限小 N_c；胖=unreachable（不可达）。    │
│                                                                              │
│ 研究对象只能是小型前馈网络本身。硬性边界：严禁把本命题替换或“换名归约”为材料 │
│ 、化学、玻璃、合金、离子导电等任何物理体系，也不要用别的领域类比回答。       │
│                                                                              │
│ 【零违规判据·统一口径】                                                      │
│ - 零违规 = 在未参与训练的留出约束点上，最大绝对误差 ≤ 1e-3。                 │
│ - 训练误差只需“足够小”（≤1e-4 量级）即可，**不要加 train_err < 1e-6          │
│ 这类过严门槛**（会把可达宽度误判为失败）。                                   │
│ - 所有报告数值必须是有限数（禁止 inf / nan /                                 │
│ None）；达不到零违规的行如实报其真实（有限）留出误差。                       │
│                                                                              │
│ 【尺度纪律·本轮新增硬项（否则绝对判据失效）】                                │
│ - **y 与 yv 的数值量级必须归一到 O(1)**（例如 std ≲                          │
│ 10）。绝对判据“≤1e-3”只有在目标 O(1) 时才有意义：run29 的 fat 用 20          │
│ 项随机多项式，基 (2z-1)^19 取值到 ~1e9，导致“1e-3”在 ~1e9                    │
│ 尺度上根本不可能，判定直接失效。                                             │
│ - 若你的族本质带大动态范围，请先对 y 做显式归一（如除以自身                  │
│ std），并在报告里说明归一方式 —— 但留出误差仍要在**同一归一尺度**上报告。    │
│                                                                              │
│ 【第 0 步·刚性可达性 bootstrap（必须先做）】                                 │
│ 先证明“刚性族在本实验里零违规可达”：让某个 (w, 宽度, 种子)                   │
│ 组合训练后对留出点达到                                                       │
│ ≤1e-3，并如实打印锚点数值（宽度、训练误差、留出误差）。                      │
│ - 若刚性族在最大宽度下仍不可达，说明约束族构造不当（例如 w 太小导致 5        │
│ 个点无法确定函数、或阈值不可达），先改构造再重做；此时不得报结论。           │
│                                                                              │
│ 【实验设计】                                                                 │
│ 1) 真的训练网络：沙箱已内置 capacity_scan（两层 tanh + L-BFGS-B              │
│ 多起点），你只需写 family。                                                  │
│ 2) 宽度扫描上限 h=64；刚性族必须在这段内出现有限 N_c。                       │
│ 3) 至少 3 个随机种子，报告 N_c(w) 的数值与趋势，并说明两族的解析 ground      │
│ truth。                                                                      │
│ 4) w 的取值要让“刚性族能被有限样本确定”这件事成立：w 太小（如                │
│ 5）时，光滑函数在训练点之间仍有大量候选，留出误差会偏大 ——                   │
│ 这是真实的“欠定”，请如实报告，并保证在较大 w 上刚性族确实可达零违规。        │
│                                                                              │
│ 【Code Lab 脚本契约】                                                        │
│ - 你**只需实现 family(kind, w, seed) 这一个函数**；run(cfg) 原样 `return     │
│ capacity_scan(family, seed=...)`，可传 ho_tol/tr_tol 覆盖默认阈值。          │
│ - **不要改 run 函数，也不要把训练/优化/参数打包/前向传播写进代码**。         │
│ - family 返回 dict {'X','y','Xv','yv'}：X/y 是 w 个**训练**约束点，Xv/yv     │
│ 是**留出**约束点；一律 `.reshape(-1, 1)` 成 (N,1)。                          │
│ - **标签形状硬约束**：y/yv 必须是 (N,1)。`(N,)` 与 `(N,1)` 相加会广播成      │
│ `(N,N)`——静默伪结果陷阱，脚手架已硬校验。                                    │
│ - **留出集必须真的留出**：Xv 的输入点不得与 X 的训练点重合（脚手架会判       │
│ invalid_heldout 并报重叠比例）；别用含端点重合的同一网格。                   │
│ - 随机数用 rng = np.random.default_rng(seed)；Generator 没有 randn，用       │
│ rng.standard_normal(n)。                                                     │
│ - 不要用 assert / raise 中断执行：把真实数值全部 return，由上层裁决。        │
│                                                                              │
│ 【前几轮伪结果诊断·本轮必须避免】                                            │
│ 1) run27：fat 标签广播 bug（→(w,w)），留出误差被钉在 ~0.51                   │
│ 假值。已由形状硬校验拦截。                                                   │
│ 2) run28：fat 用与 x 无关的 **i.i.d. 纯噪声**，让“刚 vs 胖”退化成“可学 vs    │
│ 不可学”，且目标是 x²/恒等这类平凡 1 维函数，两族不对立。→ 本轮 fat 必须是    │
│ **x 的、高维但可部分学习** 的函数族（自由度 ≫ w），不得是与 x 无关的噪声。   │
│ 3) run29：rigid 用 cos(πx) 但 w=5 欠定（留出 ~4e-2，不可达）；fat            │
│ 用高阶多项式导致 ~1e9 尺度，绝对判据失效。→ 本轮按上面的“尺度纪律”和“第 0    │
│ 步”处理。                                                                    │
│ 4) **报告纪律**：结论必须被 objectives / N_c                                 │
│ 表里的真实数值支持；不得把与数值矛盾的趋势写成结论；训练误差列与留出误差列必 │
│ 须各自独立测得，不得互相复制；正文不得引入材料/化学/晶界等类比框架。         │
│                                                                              │
│ 所有结论必须来自真实运行的可复现数值实验：给出扫描设置、训练与留出误差数值、 │
│ 以及 N_c(w) 的数值与趋势。                                                   │
│ Max iterations: 30                                                           │
╰──────────────────────────────────────────────────────────────────────────────╯
[cache-debug] model=Intern-S2-Preview-35B stats_keys=['model_provider', 'finish_reason', 'model_name']
metacog: 假设可能为换名归约 (trap=, target=刚性族 = 满足全部解析约束的函数集合的维数：低维/唯一 = 刚，高维/连续族 = 胖): ** [DIM: Structure] - It provides the most direct, verifiable link between the network capacity (wid
[exec-route] mode='coder' desc[:80]='Implement the `family` function for the rigid polynomial constraint family (degr' obj_len=2462 is_exp_desc=True is_exp_obj=True is_det_desc=False
[code-lab-author] raw_len=1315 extracted_len=1300 prompt_len=5379
[code-lab-run] res_none=False success=True nobj=36 reason=''
[validate] mode='code_lab' success=True nobj=36 cf=False lab=True
metacog: 假设可能为换名归约 (trap=, target=刚性族在样本点过稀疏时因欠定导致无法达到零违规，从而被误判为胖族（N_c=∞），实为实验设计缺陷而非解空间本质属性): [DIM: structure] The hypothesis that the rigid polynomial constraint family (degree ≤ 2) is inherent
error in _build_plan_prompt: evolution skill/patch fetch failed
Traceback (most recent call last):
  File "/workspace/agent/huginn/autoloop/plan_check.py", line 174, in _build_plan_prompt
    skills = evolution.get_relevant_skills(hypothesis)
  File "/workspace/agent/huginn/evolution/engine.py", line 885, in get_relevant_skills
    scored.sort(reverse=True)
    ~~~~~~~~~~~^^^^^^^^^^^^^^
TypeError: '<' not supported between instances of 'SkillTemplate' and 'SkillTemplate'
[exec-route] mode='explore' desc[:80]='[auto-routed: surprise=1.00] Implement the `family` function for the rigid polyn' obj_len=2462 is_exp_desc=True is_exp_obj=True is_det_desc=False
[code-lab-author] raw_len=868 extracted_len=853 prompt_len=5379
[code-lab-run] res_none=False success=True nobj=36 reason=''
[validate] mode='code_lab' success=True nobj=36 cf=False lab=True
[exec-route] mode='explore' desc[:80]='[auto-routed: surprise=1.00] Implement the `family` function for the rigid polyn' obj_len=2462 is_exp_desc=True is_exp_obj=True is_det_desc=False
[code-lab-author] raw_len=940 extracted_len=925 prompt_len=5379
[code-lab-run] res_none=False success=True nobj=36 reason=''
[validate] mode='code_lab' success=True nobj=36 cf=False lab=True
metacog: 假设可能为换名归约 (trap=, target=刚性族与胖族的定义被重新表述为多项式约束的维度差异，但未提供新的机制解释或实证数据来验证小型前馈网络作为探针的有效性。): [DIM: structure] The rigid polynomial constraint family (degree ≤ 2) possesses a low-dimensional sol
[exec-route] mode='explore' desc[:80]='[auto-routed: surprise=1.00] Implement the family function for the rigid polynom' obj_len=2462 is_exp_desc=True is_exp_obj=True is_det_desc=False
[code-lab-author] raw_len=1109 extracted_len=1094 prompt_len=5379
[code-lab-run] res_none=False success=True nobj=36 reason=''
[validate] mode='code_lab' success=True nobj=36 cf=False lab=True
metacog: 假设可能为换名归约 (trap=, target=刚性族与胖族的定义性特征（刚性=有限小N_c，胖=unreachable）): [DIM: structure] The rigid polynomial constraint family (degree ≤ 2) possesses a low-dimensional sol
plan_check failed low-conf (tier=medium, scene=other, conf=0.20): Plan fails to address critical dimensional consistency issues. The hypothesis concerns N_c(w) (capacity vs width), but the plan's DESCRIPTION describes a function family returning (N,1) shape without specifying how N relates to network width w or how capacity is measured. Previous failures (run28, run29) show that without properly scaling the problem with w and ensuring the fat family depends on x (not noise), the comparison is invalid. The plan also lacks explicit implementation details for the capacity_scan tool and doesn't specify how N_c(w) will be computed from the described setup.
[exec-route] mode='explore' desc[:80]='[auto-routed: surprise=1.00] Implement the `family` function for two polynomial ' obj_len=2462 is_exp_desc=True is_exp_obj=True is_det_desc=False
[code-lab-author] raw_len=868 extracted_len=853 prompt_len=5379
[code-lab-run] res_none=False success=True nobj=36 reason=''
[validate] mode='code_lab' success=True nobj=36 cf=False lab=True
metacog: 假设可能为换名归约 (trap=, target=刚性族定义（低维/唯一解空间）的语义重述): [DIM: structure] The rigid polynomial constraint family (degree ≤ 2) admits a finite-dimensional sol
plan_check failed (tier=medium, scene=other, max_refines=0): The plan fails to address critical dimensional consistency issues explicitly highlighted in the '同场景历史失败' section. Specifically: (1) The DESCRIPTION does not specify how the output dimension N (number of constraints) relates to the network width w, which is essential for defining N_c(w); (2) The fat polynomial family is not defined as a function of x with high dimensionality >> w, risking degeneracy to noise as in run28; (3) No explicit implementation details are provided for how N_c(w) is computed from training/hold-out errors or how the capacity_scan tool is configured; (4) The plan lacks scaling discipline to prevent magnitude issues seen in run29 (e.g., ~1e9 scale from high-degree polynomials). Without these clarifications, the experiment cannot properly test whether N_c(w) is bounded and independent of w.
[exec-route] mode='explore' desc[:80]='Implement the rigid polynomial constraint family (degree ≤ 2) in the `family` fu' obj_len=2462 is_exp_desc=True is_exp_obj=True is_det_desc=True
[code-lab-author] raw_len=1213 extracted_len=1198 prompt_len=5379
[code-lab-run] res_none=False success=True nobj=36 reason=''
[validate] mode='code_lab' success=True nobj=36 cf=False lab=True
metacog: 假设可能为换名归约 (trap=, target=刚性族 = 低维/唯一解空间（维数不随w增长）): [DIM: structure] The rigid polynomial constraint family (degree ≤ 2) defines a finite-dimensional so
plan_check failed low-conf (tier=light, scene=other, conf=0.15): The plan is a code implementation step ('coder') but fails to address the core experimental design required to test the hypothesis. It does not define the critical relationship between output dimension N and network width w, does not specify the fat polynomial family form (risking the 'noise' failure of run28), lacks capacity_scan configuration for computing N_c(w), and omits scaling discipline to avoid magnitude issues. This repeats the exact dimensional consistency failures identified in the '同场景历史失败' section.
[validate] mode='code_lab' success=True nobj=36 cf=False lab=True
metacog: 假设可能为换名归约 (trap=, target=将原命题中的‘刚性’与‘胖’的判别标准替换为多项式约束族的维度分析，但未提供实际数值实验验证 N_c(w) 的 flat 或 unreachable 趋势，且未解决尺度纪律与留量误差归一化问题): [DIM: structure] The rigid polynomial constraint family (degree ≤ 2) defines a finite-dimensional so
error in _build_plan_prompt: evolution skill/patch fetch failed
Traceback (most recent call last):
  File "/workspace/agent/huginn/autoloop/plan_check.py", line 174, in _build_plan_prompt
    skills = evolution.get_relevant_skills(hypothesis)
  File "/workspace/agent/huginn/evolution/engine.py", line 885, in get_relevant_skills
    scored.sort(reverse=True)
    ~~~~~~~~~~~^^^^^^^^^^^^^^
TypeError: '<' not supported between instances of 'SkillTemplate' and 'SkillTemplate'
plan_check failed low-conf (tier=light, scene=other, conf=0.15): The plan is categorized as 'explore' but attempts to implement a code implementation step, which is a mode mismatch. The DESCRIPTION fails to define the explicit mathematical relationship between output dimension N and network width w, which is essential for defining N_c(w). It also does not specify the fat polynomial family form f(x) as a function of x with high dimensionality >> w, risking degeneracy to noise (run28 failure). The plan lacks capacity_scan configuration details for computing N_c(w) and omits scaling discipline to prevent magnitude issues seen in run29 (~1e9 scale from high-degree polynomials). These are exactly the dimensional consistency failures identified in the historical failures section.
[validate] mode='code_lab' success=True nobj=36 cf=False lab=True
metacog: 假设可能为换名归约 (trap=, target=刚性族解空间维数与网络容量需求的关系（即 N_c(w) 是否随 w 增长）): [DIM: structure] The solution manifold of the rigid polynomial family is a linear subspace of dimens
error in _build_plan_prompt: evolution skill/patch fetch failed
Traceback (most recent call last):
  File "/workspace/agent/huginn/autoloop/plan_check.py", line 174, in _build_plan_prompt
    skills = evolution.get_relevant_skills(hypothesis)
  File "/workspace/agent/huginn/evolution/engine.py", line 885, in get_relevant_skills
    scored.sort(reverse=True)
    ~~~~~~~~~~~^^^^^^^^^^^^^^
TypeError: '<' not supported between instances of 'SkillTemplate' and 'SkillTemplate'
plan_check failed low-conf (tier=light, scene=other, conf=0.20): The plan is fundamentally mismatched to the task. It proposes a 'coder' implementation step (writing code) but is labeled as 'explore' mode. More critically, it completely fails to define the mathematical relationship between output dimension N and network width w, which is essential for computing N_c(w). It also fails to explicitly define the fat polynomial family f(x) as a function of x with high dimensionality >> w, risking the 'noise' degeneracy failure from run28. The plan lacks capacity_scan configuration details for computing N_c(w) and omits scaling discipline to prevent magnitude issues seen in run29. These are exactly the dimensional consistency failures identified in the historical failures section.
[validate] mode='code_lab' success=True nobj=36 cf=False lab=True
metacog: 假设可能为换名归约 (trap=, target=刚性族解空间维数与多项式次数的组合关系（即 N_c ∝ d）): [DIM: structure] The rigid polynomial constraint family exhibits a solution manifold dimension that 
plan_check failed low-conf (tier=light, scene=other, conf=0.10): The plan is fundamentally mismatched to the task. It proposes a 'coder' implementation step (writing code) but is labeled as 'explore' mode. More critically, it completely fails to define the mathematical relationship between output dimension N (number of constraints) and network width w, which is essential for computing N_c(w). It also fails to explicitly define the fat polynomial family f(x) as a function of x with high dimensionality >> w, risking the 'noise' degeneracy failure from run28. The plan lacks capacity_scan configuration details for computing N_c(w) and omits scaling discipline to prevent magnitude issues seen in run29 (~1e9 scale from high-degree polynomials). These are exactly the dimensional consistency failures identified in the historical failures section.
error in _parse_verify_score: JSON parse failed, falling back to regex
Traceback (most recent call last):
  File "/workspace/agent/huginn/autoloop/engine_reflect.py", line 2259, in _parse_verify_score
    data = json.loads(resp.strip())
  File "/root/.pyenv/versions/3.14.7/lib/python3.14/json/__init__.py", line 352, in loads
    return _default_decoder.decode(s)
           ~~~~~~~~~~~~~~~~~~~~~~~^^^
  File "/root/.pyenv/versions/3.14.7/lib/python3.14/json/decoder.py", line 345, in decode
    obj, end = self.raw_decode(s, idx=_w(s, 0).end())
               ~~~~~~~~~~~~~~~^^^^^^^^^^^^^^^^^^^^^^^
  File "/root/.pyenv/versions/3.14.7/lib/python3.14/json/decoder.py", line 363, in raw_decode
    raise JSONDecodeError("Expecting value", s, err.value) from None
json.decoder.JSONDecodeError: Expecting value: line 1 column 1 (char 0)
[validate] mode='code_lab' success=True nobj=36 cf=False lab=True
metacog: 假设可能为换名归约 (trap=, target=将'解空间刚性'这一几何/代数概念重新表述为多项式约束族的自由度计数公式，未引入新的可验证机制或实验证据，仅是对原问题中'刚性'定义的数学重述。): [DIM: structure] The rigid polynomial constraint family exhibits a solution manifold dimension that 
plan_check failed (tier=light, scene=other, max_refines=2): The plan has a fundamental MODE mismatch: it is labeled as 'explore' but explicitly describes code implementation ('Implement rigid and fat polynomial constraint families', 'Implement capacity_scan tool') which requires 'coder' mode. Additionally, the plan lacks critical mathematical definitions required to validate the hypothesis, specifically the explicit relationship between output dimension N and network width w. It also fails to sufficiently specify the fat polynomial family f(x) as a high-dimensional function of x (not noise), risking the degeneracy to noise failure from run28. The plan omits capacity_scan configuration details with clear termination criteria and scaling discipline to prevent magnitude issues seen in run29.
[exec-route] mode='explore' desc[:80]='[auto-routed: surprise=1.00] Implement rigid and fat polynomial constraint famil' obj_len=2462 is_exp_desc=True is_exp_obj=True is_det_desc=True
[code-lab-author] raw_len=967 extracted_len=952 prompt_len=5379
[code-lab-run] res_none=False success=True nobj=36 reason=''
[validate] mode='code_lab' success=True nobj=36 cf=False lab=True
metacog: 假设可能为换名归约 (trap=, target=刚性族 = 有限维线性子空间（由解析约束确定），胖族 = 高维/不可达函数族。): [DIM: structure] The rigid polynomial constraint family corresponds to a finite-dimensional linear s
error in _build_plan_prompt: evolution skill/patch fetch failed
Traceback (most recent call last):
  File "/workspace/agent/huginn/autoloop/plan_check.py", line 174, in _build_plan_prompt
    skills = evolution.get_relevant_skills(hypothesis)
  File "/workspace/agent/huginn/evolution/engine.py", line 885, in get_relevant_skills
    scored.sort(reverse=True)
    ~~~~~~~~~~~^^^^^^^^^^^^^^
TypeError: '<' not supported between instances of 'SkillTemplate' and 'SkillTemplate'
plan_check failed (tier=light, scene=other, max_refines=2): The plan is fundamentally invalid due to a MODE mismatch: it is labeled as 'explore' but explicitly describes code implementation ('Implement rigid polynomial constraint family', 'configure capacity_scan', 'apply scaling discipline') which requires 'coder' mode. Additionally, the DESCRIPTION lacks critical mathematical definitions required to validate the hypothesis, specifically the explicit relationship between output dimension N and network width w. It fails to sufficiently specify the fat polynomial family f(x) as a high-dimensional function of x (not noise), risking the degeneracy to noise failure from run28. It omits capacity_scan configuration details with clear termination criteria and scaling discipline to prevent magnitude issues seen in run29.
[exec-route] mode='explore' desc[:80]='[auto-routed: surprise=1.00] Implement rigid polynomial constraint family (degre' obj_len=2462 is_exp_desc=True is_exp_obj=True is_det_desc=False
[code-lab-author] raw_len=1570 extracted_len=1555 prompt_len=5379
[code-lab-run] res_none=False success=True nobj=36 reason=''
[validate] mode='code_lab' success=True nobj=36 cf=False lab=True
metacog: 假设可能为换名归约 (trap=, target=刚性族 = 有限维线性子空间（维数不随 w 增长）): [DIM: structure] The rigid polynomial constraint family defines a finite-dimensional linear subspace
error in _build_plan_prompt: evolution skill/patch fetch failed
Traceback (most recent call last):
  File "/workspace/agent/huginn/autoloop/plan_check.py", line 174, in _build_plan_prompt
    skills = evolution.get_relevant_skills(hypothesis)
  File "/workspace/agent/huginn/evolution/engine.py", line 885, in get_relevant_skills
    scored.sort(reverse=True)
    ~~~~~~~~~~~^^^^^^^^^^^^^^
TypeError: '<' not supported between instances of 'SkillTemplate' and 'SkillTemplate'
plan_check failed low-conf (tier=light, scene=workflow, conf=0.10): The plan is fundamentally invalid due to a MODE mismatch. The plan is labeled as 'explore' but explicitly describes code implementation tasks ('Implement rigid polynomial constraint family', 'configure capacity_scan', 'apply scaling discipline') which requires 'coder' mode. Additionally, the DESCRIPTION lacks critical mathematical definitions required to validate the hypothesis, specifically the explicit relationship between output dimension N (number of constraints) and network width w. It fails to sufficiently specify the fat polynomial family f(x) as a high-dimensional function of x (not noise), risking the degeneracy to noise failure from run28. It omits capacity_scan configuration details with clear termination criteria and scaling discipline to prevent magnitude issues seen in run29.
[exec-route] mode='explore' desc[:80]='Define the rigid polynomial constraint family as a linear subspace spanned by a ' obj_len=2462 is_exp_desc=True is_exp_obj=True is_det_desc=True
[code-lab-author] raw_len=949 extracted_len=934 prompt_len=5379
[code-lab-run] res_none=False success=True nobj=36 reason=''
[validate] mode='code_lab' success=True nobj=36 cf=False lab=True
metacog: 假设可能为换名归约 (trap=, target=刚性族 = 有限维线性子空间，胖族 = 高维/非紧函数族): [DIM: structure] The rigid polynomial constraint family defines a finite-dimensional linear subspace
error in _build_plan_prompt: evolution skill/patch fetch failed
Traceback (most recent call last):
  File "/workspace/agent/huginn/autoloop/plan_check.py", line 174, in _build_plan_prompt
    skills = evolution.get_relevant_skills(hypothesis)
  File "/workspace/agent/huginn/evolution/engine.py", line 885, in get_relevant_skills
    scored.sort(reverse=True)
    ~~~~~~~~~~~^^^^^^^^^^^^^^
TypeError: '<' not supported between instances of 'SkillTemplate' and 'SkillTemplate'
plan_check failed (tier=light, scene=workflow, max_refines=1): The plan is invalid due to a fundamental MODE mismatch: it is labeled 'explore' but explicitly describes code implementation tasks ('Implement rigid polynomial family', 'configure capacity_scan', 'apply scaling discipline'), which requires 'coder' mode. It also lacks critical mathematical definitions (explicit relationship between N and w), fails to specify the fat polynomial family as a non-noise high-dimensional function of x (risking run28's noise degeneracy), and omits capacity_scan termination criteria and scaling discipline (risking run29's magnitude issues).
[exec-route] mode='explore' desc[:80]='[auto-routed: surprise=1.00] Implement `rigid_polynomial_family` as a finite-dim' obj_len=2462 is_exp_desc=True is_exp_obj=True is_det_desc=True
[code-lab-author] raw_len=961 extracted_len=946 prompt_len=5379
[code-lab-run] res_none=False success=True nobj=36 reason=''
error in _parse_verify_score: JSON parse failed, falling back to regex
Traceback (most recent call last):
  File "/workspace/agent/huginn/autoloop/engine_reflect.py", line 2259, in _parse_verify_score
    data = json.loads(resp.strip())
  File "/root/.pyenv/versions/3.14.7/lib/python3.14/json/__init__.py", line 352, in loads
    return _default_decoder.decode(s)
           ~~~~~~~~~~~~~~~~~~~~~~~^^^
  File "/root/.pyenv/versions/3.14.7/lib/python3.14/json/decoder.py", line 345, in decode
    obj, end = self.raw_decode(s, idx=_w(s, 0).end())
               ~~~~~~~~~~~~~~~^^^^^^^^^^^^^^^^^^^^^^^
  File "/root/.pyenv/versions/3.14.7/lib/python3.14/json/decoder.py", line 363, in raw_decode
    raise JSONDecodeError("Expecting value", s, err.value) from None
json.decoder.JSONDecodeError: Expecting value: line 1 column 1 (char 0)
[validate] mode='code_lab' success=True nobj=36 cf=False lab=True
metacog: 假设可能为换名归约 (trap=, target=刚性族 = 有限维线性子空间): [DIM: structure] The rigid polynomial constraint family corresponds to a finite-dimensional linear s
error in _build_plan_prompt: evolution skill/patch fetch failed
Traceback (most recent call last):
  File "/workspace/agent/huginn/autoloop/plan_check.py", line 174, in _build_plan_prompt
    skills = evolution.get_relevant_skills(hypothesis)
  File "/workspace/agent/huginn/evolution/engine.py", line 885, in get_relevant_skills
    scored.sort(reverse=True)
    ~~~~~~~~~~~^^^^^^^^^^^^^^
TypeError: '<' not supported between instances of 'SkillTemplate' and 'SkillTemplate'
plan_check failed low-conf (tier=light, scene=other, conf=0.05): The plan is fundamentally flawed due to a critical MODE mismatch (labeled 'explore' but describes code implementation requiring 'coder' mode). Additionally, the DESCRIPTION lacks the explicit mathematical definition of the relationship between output dimension N and network width w, which is essential for computing N_c(w). It also fails to specify the fat polynomial family as a non-noise high-dimensional function of x (risking the degeneracy to noise failure from run28) and omits capacity_scan configuration details with clear termination criteria for 'zero violation' and scaling discipline to prevent magnitude issues (run29 failure).
[exec-route] mode='explore' desc[:80]='[auto-routed: surprise=1.00] Implement the rigid polynomial constraint family an' obj_len=2462 is_exp_desc=True is_exp_obj=True is_det_desc=False
[code-lab-author] raw_len=935 extracted_len=920 prompt_len=5379
[code-lab-run] res_none=False success=True nobj=36 reason=''
error in _parse_verify_score: JSON parse failed, falling back to regex
Traceback (most recent call last):
  File "/workspace/agent/huginn/autoloop/engine_reflect.py", line 2259, in _parse_verify_score
    data = json.loads(resp.strip())
  File "/root/.pyenv/versions/3.14.7/lib/python3.14/json/__init__.py", line 352, in loads
    return _default_decoder.decode(s)
           ~~~~~~~~~~~~~~~~~~~~~~~^^^
  File "/root/.pyenv/versions/3.14.7/lib/python3.14/json/decoder.py", line 345, in decode
    obj, end = self.raw_decode(s, idx=_w(s, 0).end())
               ~~~~~~~~~~~~~~~^^^^^^^^^^^^^^^^^^^^^^^
  File "/root/.pyenv/versions/3.14.7/lib/python3.14/json/decoder.py", line 363, in raw_decode
    raise JSONDecodeError("Expecting value", s, err.value) from None
json.decoder.JSONDecodeError: Expecting value: line 1 column 1 (char 0)
[validate] mode='code_lab' success=True nobj=36 cf=False lab=True
metacog: 假设可能为换名归约 (trap=, target=刚性族 = 低维线性子空间，胖族 = 高维不可达子空间): [DIM: structure] The rigid polynomial constraint family corresponds to a low-dimensional linear subs
error in _build_plan_prompt: evolution skill/patch fetch failed
Traceback (most recent call last):
  File "/workspace/agent/huginn/autoloop/plan_check.py", line 174, in _build_plan_prompt
    skills = evolution.get_relevant_skills(hypothesis)
  File "/workspace/agent/huginn/evolution/engine.py", line 885, in get_relevant_skills
    scored.sort(reverse=True)
    ~~~~~~~~~~~^^^^^^^^^^^^^^
TypeError: '<' not supported between instances of 'SkillTemplate' and 'SkillTemplate'
plan_check failed low-conf (tier=light, scene=other, conf=0.10): The plan is fundamentally invalid due to a critical MODE mismatch. It is labeled 'explore' but explicitly describes code implementation tasks ('Implement rigid polynomial constraint family', 'configure capacity_scan') which strictly requires 'coder' mode according to the system instructions. Additionally, the DESCRIPTION lacks critical mathematical definitions required to validate the hypothesis, specifically the explicit relationship between output dimension N (number of constraints) and network width w, and fails to specify the fat polynomial family f(x) as a non-noise high-dimensional function of x, risking the degeneracy to noise failure from run28. It also omits capacity_scan configuration details with clear termination criteria for 'zero violation' and scaling discipline to prevent magnitude issues seen in run29.
[exec-route] mode='explore' desc[:80]='[auto-routed: surprise=1.00] Implement the rigid polynomial constraint family fu' obj_len=2462 is_exp_desc=True is_exp_obj=True is_det_desc=False
[code-lab-author] raw_len=866 extracted_len=851 prompt_len=5379
[code-lab-run] res_none=False success=True nobj=36 reason=''
[validate] mode='code_lab' success=True nobj=36 cf=False lab=True
metacog: 假设可能为换名归约 (trap=, target=刚性族 = 低维线性子空间，胖族 = 高维空间): [DIM: structure] The rigid polynomial constraint family corresponds to a low-dimensional linear subs
error in _build_plan_prompt: evolution skill/patch fetch failed
Traceback (most recent call last):
  File "/workspace/agent/huginn/autoloop/plan_check.py", line 174, in _build_plan_prompt
    skills = evolution.get_relevant_skills(hypothesis)
  File "/workspace/agent/huginn/evolution/engine.py", line 885, in get_relevant_skills
    scored.sort(reverse=True)
    ~~~~~~~~~~~^^^^^^^^^^^^^^
TypeError: '<' not supported between instances of 'SkillTemplate' and 'SkillTemplate'
plan_check failed low-conf (tier=light, scene=other, conf=0.00): The plan is fundamentally invalid due to a critical MODE mismatch. It is labeled 'explore' but explicitly describes code implementation tasks ('Implement rigid polynomial constraint family', 'configure capacity_scan') which strictly requires 'coder' mode according to the system instructions. Additionally, the DESCRIPTION lacks critical mathematical definitions required to validate the hypothesis, specifically the explicit relationship between output dimension N (number of constraints) and network width w, and fails to specify the fat polynomial family f(x) as a non-noise high-dimensional function of x, risking the degeneracy to noise failure from run28. It also omits capacity_scan configuration details with clear termination criteria for 'zero violation' and scaling discipline to prevent magnitude issues seen in run29.
[exec-route] mode='explore' desc[:80]='[auto-routed: surprise=1.00] Define rigid polynomial family as low-dimensional l' obj_len=2462 is_exp_desc=True is_exp_obj=True is_det_desc=True
[code-lab-author] raw_len=866 extracted_len=851 prompt_len=5379
[code-lab-run] res_none=False success=True nobj=36 reason=''
[validate] mode='code_lab' success=True nobj=36 cf=False lab=True
metacog: 假设可能为换名归约 (trap=, target=刚性族 = 低维线性子空间，其维数受约束数 w 限制，导致 N_c(w) 有限且平坦): [DIM: structure] The rigid polynomial constraint family corresponds to a low-dimensional linear subs
error in _build_plan_prompt: evolution skill/patch fetch failed
Traceback (most recent call last):
  File "/workspace/agent/huginn/autoloop/plan_check.py", line 174, in _build_plan_prompt
    skills = evolution.get_relevant_skills(hypothesis)
  File "/workspace/agent/huginn/evolution/engine.py", line 885, in get_relevant_skills
    scored.sort(reverse=True)
    ~~~~~~~~~~~^^^^^^^^^^^^^^
TypeError: '<' not supported between instances of 'SkillTemplate' and 'SkillTemplate'
plan_check failed low-conf (tier=light, scene=other, conf=0.00): The plan has a critical MODE mismatch: it is labeled as 'explore' but explicitly describes code implementation tasks (implementing functions, configuring tools) which strictly requires 'coder' mode per system instructions. It also lacks critical mathematical definitions (relationship between N and w), fails to specify the fat polynomial family properly (risking degeneracy to noise as in run28), and omits capacity_scan configuration details and scaling discipline (risking magnitude issues as in run29). These are exactly the failures documented in the '同场景历史失败' section.
[exec-route] mode='explore' desc[:80]='[auto-routed: surprise=1.00] Implement the rigid polynomial constraint family wi' obj_len=2462 is_exp_desc=True is_exp_obj=True is_det_desc=False
[code-lab-author] raw_len=967 extracted_len=952 prompt_len=5379
[code-lab-run] res_none=False success=True nobj=36 reason=''
[validate] mode='code_lab' success=True nobj=36 cf=False lab=True
metacog: 假设可能为换名归约 (trap=, target=刚性族的定义（解析约束集合的维数低/唯一）): [DIM: structure] The rigid polynomial constraint family corresponds to a linear subspace of function
error in _build_plan_prompt: evolution skill/patch fetch failed
Traceback (most recent call last):
  File "/workspace/agent/huginn/autoloop/plan_check.py", line 174, in _build_plan_prompt
    skills = evolution.get_relevant_skills(hypothesis)
  File "/workspace/agent/huginn/evolution/engine.py", line 885, in get_relevant_skills
    scored.sort(reverse=True)
    ~~~~~~~~~~~^^^^^^^^^^^^^^
TypeError: '<' not supported between instances of 'SkillTemplate' and 'SkillTemplate'
plan_check failed low-conf (tier=light, scene=other, conf=0.10): The plan has a critical MODE mismatch: it is labeled as 'explore' but explicitly describes code implementation tasks (implementing functions, configuring tools) which strictly requires 'coder' mode per system instructions. The DESCRIPTION lacks critical mathematical definitions (explicit relationship between N and w), fails to specify the fat polynomial family properly (risking degeneracy to noise as in run28), and omits capacity_scan configuration details and scaling discipline (risking magnitude issues as in run29). These are exactly the failures documented in the '同场景历史失败' section.
[exec-route] mode='explore' desc[:80]='[auto-routed: surprise=1.00] Implement the `family` function for the rigid polyn' obj_len=2462 is_exp_desc=True is_exp_obj=True is_det_desc=False
[code-lab-author] raw_len=1170 extracted_len=1155 prompt_len=5379
[code-lab-run] res_none=False success=True nobj=36 reason=''
