<frozen runpy>:130: RuntimeWarning: 'huginn.cli.main' found in sys.modules after import of package 'huginn.cli', but prior to execution of 'huginn.cli.main'; this may result in unpredictable behaviour
Tool huginn.tools.vasp_tool registered but its deps are missing — capability degraded: pymatgen
Tool huginn.tools.sim.packing_tool registered but its deps are missing — capability degraded: ase, matplotlib, rdkit
Tool huginn.tools.sim.plasma_tool registered but its deps are missing — capability degraded: sklearn
Tool huginn.tools.sim.transolver_tool registered but its deps are missing — capability degraded: torch
Tool huginn.tools.vina_tool registered but its deps are missing — capability degraded: rdkit, vina
Tool huginn.tools.openmm_tool registered but its deps are missing — capability degraded: openmm
Tool huginn.tools.sci.symbolic_regression_tool registered but its deps are missing — capability degraded: model, torch
Tool huginn.tools.dynamics_discovery_tool registered but its deps are missing — capability degraded: sklearn
Tool huginn.tools.sci.interpretable_ml_tool registered but its deps are missing — capability degraded: gpytorch, torch
Tool huginn.tools.sci.sklearn_tool registered but its deps are missing — capability degraded: sklearn
Tool huginn.tools.sci.vae_tool registered but its deps are missing — capability degraded: torch
Tool huginn.tools.sci.autodiff_tool registered but its deps are missing — capability degraded: jax
Tool huginn.tools.numerical_tool registered but its deps are missing — capability degraded: cvxpy, pulp
Tool huginn.tools.sci.symmetry_tool registered but its deps are missing — capability degraded: pymatgen, spglib
Tool huginn.tools.sci.tda_tool registered but its deps are missing — capability degraded: gudhi, ripser
Tool huginn.tools.sci.uq_tool registered but its deps are missing — capability degraded: chaospy
Tool huginn.tools.gp_tool registered but its deps are missing — capability degraded: sklearn
Tool huginn.tools.sci.gnn_tool registered but its deps are missing — capability degraded: sklearn, torch, torch_geometric
Tool huginn.tools.sci.stat_tests_tool registered but its deps are missing — capability degraded: statsmodels
Tool huginn.tools.sci.descriptor_tool registered but its deps are missing — capability degraded: ase, dscribe, matminer, pymatgen
Tool huginn.tools.rdkit_tool registered but its deps are missing — capability degraded: rdkit
Tool huginn.tools.sci.active_learning_tool registered but its deps are missing — capability degraded: pandas
Tool huginn.tools.sci.ml_potential_tool registered but its deps are missing — capability degraded: ase, chgnet, fairchem, mace, pynep
Tool huginn.tools.sci.xrd_sim_tool registered but its deps are missing — capability degraded: pymatgen
Tool huginn.tools.design.doe_tool registered but its deps are missing — capability degraded: statsmodels
Tool huginn.tools.vision_describe_tool registered but its deps are missing — capability degraded: easyocr, paddleocr, pytesseract, torch
Tool huginn.tools.model3d_tool registered but its deps are missing — capability degraded: pymatgen, trimesh
Tool huginn.tools.browser_tool registered but its deps are missing — capability degraded: playwright, selenium
Tool huginn.tools.materials_database_tool registered but its deps are missing — capability degraded: ase, pymatgen
Tool huginn.tools.thermo_tool registered but its deps are missing — capability degraded: pymatgen, thermo
Tool huginn.tools.bench_infra.plot_tool registered but its deps are missing — capability degraded: matplotlib
Tool huginn.tools.bench_infra.matrix_tool registered but its deps are missing — capability degraded: torch
Tool huginn.tools.bench_infra.c2st_tool registered but its deps are missing — capability degraded: sklearn
strict_work_dir=True but allowed_work_dirs empty — path scoping inactive. Set allowed_work_dirs or HUGINN_WORKSPACE to enable.
Long-horizon goal: goal_adc2eeb4
  wall-clock budget: 3600s, iteration cap: 60
╭────────────────────────────────── Starting ──────────────────────────────────╮
│ Autoloop                                                                     │
│ Objective: 【研究命题·纯机器学习/数学】                                      │
│                                                                              │
│ 解空间刚性 = 满足全部解析约束的函数集合的维数：低维/唯一 = 刚，高维/连续族 = │
│ 胖。                                                                         │
│                                                                              │
│ 核心问题：小型前馈网络的“泛化行为”能否作为 bootstrap 解空间刚性的探针？      │
│ 令 w = 约束样本数，N_c(w) =                                                  │
│ 在未参与训练的留出约束点上取得“零违规”所需的最小网络容量（用隐藏层宽度度量） │
│ 。                                                                           │
│                                                                              │
│ 【唯一硬性口径（不可更改，其余全由你决定）】                                 │
│ - 零违规 = 留出约束点上的最大绝对误差 ≤ 1e-3。                               │
│ - 刚性 = 扫描范围内存在较小的有限 N_c（且 N_c 不随 w 增长）；胖 =            │
│ 扫描上限内任何宽度都达不到零违规（N_c 不可达）。判别是二值的。               │
│ - 所有报告数值必须是有限数（禁止 inf/nan/None）。                            │
│ -                                                                            │
│ 研究对象只能是小型前馈网络本身。严禁把本命题替换或“换名归约”为材料/化学/玻璃 │
│ /合金/离子导电等任何物理体系，也不要用别的领域类比回答。                     │
│                                                                              │
│ 【实验的族、样本、扫描、脚本如何设计，以及如何证明“刚性可达”，由你自己决定并 │
│ 给出理由。】                                                                 │
│                                                                              │
│ 所有结论必须来自真实运行的可复现数值实验：给出扫描设置、训练与留出误差数值、 │
│ 以及 N_c(w) 的数值与趋势。                                                   │
│ Max iterations: 60                                                           │
╰──────────────────────────────────────────────────────────────────────────────╯
[cache-debug] model=Intern-S2-Preview-35B stats_keys=['model_provider', 'finish_reason', 'model_name']
empty required_results for target_1 — fallback
[exec-route] mode='coder' desc[:80]='Implement a controlled numerical experiment to test the geometric hypothesis on ' obj_len=509 is_exp_desc=True is_exp_obj=True is_det_desc=False
[code-lab-author] raw_len=4130 extracted_len=4115 prompt_len=4206
[code-lab-run] res_none=False success=True nobj=2 reason=''
[validate] mode='code_lab' success=True nobj=2 cf=False lab=True
[exec-route] mode='explore' desc[:80]='Design and execute a numerical experiment to test the "geometry" hypothesis rega' obj_len=509 is_exp_desc=True is_exp_obj=True is_det_desc=True
[code-lab-author] raw_len=3650 extracted_len=3635 prompt_len=4191
[code-lab-run] res_none=True success=None nobj=0 reason="执行异常: TypeError: poly_basis() got an unexpected keyword argument 'axis'"
[code-lab-author] raw_len=3593 extracted_len=3578 prompt_len=7102
[code-lab-run] res_none=False success=True nobj=4 reason=''
error in _parse_verify_score: JSON parse failed, falling back to regex
Traceback (most recent call last):
  File "/workspace/agent/huginn/autoloop/engine_reflect.py", line 2362, in _parse_verify_score
    data = json.loads(resp.strip())
  File "/root/.pyenv/versions/3.14.7/lib/python3.14/json/__init__.py", line 352, in loads
    return _default_decoder.decode(s)
           ~~~~~~~~~~~~~~~~~~~~~~~^^^
  File "/root/.pyenv/versions/3.14.7/lib/python3.14/json/decoder.py", line 345, in decode
    obj, end = self.raw_decode(s, idx=_w(s, 0).end())
               ~~~~~~~~~~~~~~~^^^^^^^^^^^^^^^^^^^^^^^
  File "/root/.pyenv/versions/3.14.7/lib/python3.14/json/decoder.py", line 363, in raw_decode
    raise JSONDecodeError("Expecting value", s, err.value) from None
json.decoder.JSONDecodeError: Expecting value: line 1 column 1 (char 0)
[validate] mode='code_lab' success=True nobj=4 cf=False lab=True
metacog: 假设可能为换名归约 (trap=, target=Hypothesis 3 ([GEOMETRY])): ** [DIM: OPTIMIZATION (Landscape Topography)]
[exec-route] mode='explore' desc[:80]='Design a bootstrap experiment to probe solution space rigidity of small feedforw' obj_len=509 is_exp_desc=True is_exp_obj=True is_det_desc=True
[code-lab-author] raw_len=1772 extracted_len=1757 prompt_len=4184
[code-lab-run] res_none=True success=None nobj=0 reason='执行异常: ValueError: matmul: Input operand 1 has a mismatch in its core dimension 0, with gufunc signature (n?,k),(k,m?)->(n?,m?) (size 3 is different from 10)'
[code-lab-author] raw_len=1772 extracted_len=1757 prompt_len=6437
[code-lab-run] res_none=True success=None nobj=0 reason='执行异常: ValueError: matmul: Input operand 1 has a mismatch in its core dimension 0, with gufunc signature (n?,k),(k,m?)->(n?,m?) (size 3 is different from 10)'
[code-lab-author] raw_len=1764 extracted_len=1749 prompt_len=6437
[code-lab-run] res_none=True success=None nobj=0 reason='执行异常: ValueError: matmul: Input operand 1 has a mismatch in its core dimension 0, with gufunc signature (n?,k),(k,m?)->(n?,m?) (size 3 is different from 10)'
[code-lab-author] raw_len=1765 extracted_len=1750 prompt_len=6429
[code-lab-run] res_none=True success=None nobj=0 reason='执行异常: ValueError: matmul: Input operand 1 has a mismatch in its core dimension 0, with gufunc signature (n?,k),(k,m?)->(n?,m?) (size 3 is different from 10)'
code_lab 沙箱执行经 4 轮修复仍未产出证据(不伪造): 执行异常: ValueError: matmul: Input operand 1 has a mismatch in its core dimension 0, with gufunc signature (n?,k),(k,m?)->(n?,m?) (size 3 is different from 10)
code_lab 最后一版书生代码:
import numpy as np

def family(kind, w, seed):
    rng = np.random.default_rng(seed)
    X = np.linspace(0.05, 0.95, w).reshape(-1, 1)
    Xv = np.linspace(0.02, 0.98, 200).reshape(-1, 1)
    if kind == 'rigid':
        coeffs = np.array([1.0, -2.0, 1.0])
        y = poly_basis(X, 3) @ coeffs
        yv = poly_basis(Xv, 3) @ coeffs
    else:
        coeffs = rng.standard_normal(10)
        y = poly_basis(X, 10) @ coeffs
        yv = poly_basis(Xv, 10) @ coeffs
    y = y.reshape(-1, 1)
    yv = yv.reshape(-1, 1)
    scale = np.std(poly_basis(np.linspace(0, 1, 100), 10) @ coeffs)
    y = y / scale
    yv = yv / scale
    return {'X': X, 'y': y, 'Xv': Xv, 'yv': yv}


def run(cfg):
    seed = int(cfg.get('seed', 0))
    ws = [4, 8, 16, 32]
    hs = [4, 8, 16, 32, 64]
    summary = {'rigid': {}, 'fat': {}}
    objectives = {'rigid_Nc_max': 0.0, 'fat_Nc_reached': 0.0}
    for kind in ['rigid', 'fat']:
        summary[kind] = {}
        for w in ws:
            Nc = None
            for h in hs:
                data = family(kind, w, seed + w * 100 + h)
                X, y = data['X'], data['y']
                Xv, yv = data['Xv'], data['yv']
                model = mlp_fit(X, y, h, seeds=3)
                pred = mlp_predict(model, Xv)
                err = np.max(np.abs(pred - yv))
                if err <= 1e-3:
                    Nc = h
                    break
            summary[kind][w] = Nc if Nc is not None else 999
            if kind == 'rigid':
                objectives['rigid_Nc_max'] = max(objectives['rigid_Nc_max'], Nc if Nc else 999)
            else:
                if Nc == 999:
                    objectives['fat_Nc_reached'] = 1.0
    return {'success': True, 'summary': summary, 'objectives': objectives}
[validate] mode='explore' success=None nobj=0 cf=False lab=False
metacog: 假设可能为换名归约 (trap=, target=The learning dynamics induce a phase transition in solution space accessibility: for w below a critical width w_c, the optimization landscape is rugged and traps solutions (fat regime); above w_c, the landscape smooths, enabling zero-violation solutions (rigid regime).): [DIM: optimization] The minimal network capacity N_c(w) follows a phase-transition scaling: for w < 
[exec-route] mode='coder' desc[:80]='Implement a numerical experiment to test the phase-transition scaling hypothesis' obj_len=509 is_exp_desc=True is_exp_obj=True is_det_desc=False
[code-lab-author] raw_len=4475 extracted_len=4460 prompt_len=4488
[code-lab-run] res_none=False success=True nobj=1 reason=''
[validate] mode='code_lab' success=True nobj=1 cf=False lab=True
metacog: 假设可能为换名归约 (trap=, target=已有假设: The minimal network capacity N_c(w) follows a phase-transition scaling: for w < w_c (critical constraint density), N_c(w) remains constant (rigid regime), while for w > w_c, N_c(w) diverges exponentially with w (fat regime), reflecting a sharp transition in solution space accessibility.): [DIM: Optimization] The learning dynamics induce a phase transition in solution space accessibility:
renamed-reduction 3× consecutive: trigger counterexample hunt
[exec-route] mode='explore' desc[:80]='Perform a systematic scan of constraint density w (10 to 200) and network width ' obj_len=509 is_exp_desc=True is_exp_obj=True is_det_desc=True
[code-lab-author] raw_len=1777 extracted_len=1762 prompt_len=4550
[code-lab-run] res_none=False success=True nobj=1 reason=''
error in _parse_verify_score: JSON parse failed, falling back to regex
Traceback (most recent call last):
  File "/workspace/agent/huginn/autoloop/engine_reflect.py", line 2362, in _parse_verify_score
    data = json.loads(resp.strip())
  File "/root/.pyenv/versions/3.14.7/lib/python3.14/json/__init__.py", line 352, in loads
    return _default_decoder.decode(s)
           ~~~~~~~~~~~~~~~~~~~~~~~^^^
  File "/root/.pyenv/versions/3.14.7/lib/python3.14/json/decoder.py", line 345, in decode
    obj, end = self.raw_decode(s, idx=_w(s, 0).end())
               ~~~~~~~~~~~~~~~^^^^^^^^^^^^^^^^^^^^^^^
  File "/root/.pyenv/versions/3.14.7/lib/python3.14/json/decoder.py", line 363, in raw_decode
    raise JSONDecodeError("Expecting value", s, err.value) from None
json.decoder.JSONDecodeError: Expecting value: line 1 column 1 (char 0)
[validate] mode='code_lab' success=True nobj=1 cf=False lab=True
metacog: 假设可能为换名归约 (trap=, target=Hypothesis 3 ([GEOMETRY])): **
plan_check failed (tier=medium, scene=other, max_refines=1): The plan is invalid because the hypothesis/target is completely missing (the `# 目标 (hypothesis)` section in the prompt is empty/blank). Without a defined hypothesis or target function family, the experiment cannot be designed or validated. The description mentions a 'target function family' but does not specify what it is, making the prediction and experimental setup ungrounded. Additionally, the plan mentions using symbolic regression to identify the functional form of the solution space, but without knowing the target function, this step is impossible to execute.
[exec-route] mode='explore' desc[:80]='Design and execute a bootstrap experiment to test if small feedforward networks ' obj_len=509 is_exp_desc=True is_exp_obj=True is_det_desc=False
[code-lab-author] raw_len=2264 extracted_len=2249 prompt_len=4183
[code-lab-run] res_none=True success=None nobj=0 reason='执行异常: IndexError: list index out of range'
[code-lab-author] raw_len=2232 extracted_len=2217 prompt_len=6813
[code-lab-run] res_none=True success=None nobj=0 reason='执行异常: IndexError: list index out of range'
[code-lab-author] raw_len=2667 extracted_len=2652 prompt_len=6781
[code-lab-run] res_none=False success=True nobj=1 reason=''
error in _parse_verify_score: JSON parse failed, falling back to regex
Traceback (most recent call last):
  File "/workspace/agent/huginn/autoloop/engine_reflect.py", line 2362, in _parse_verify_score
    data = json.loads(resp.strip())
  File "/root/.pyenv/versions/3.14.7/lib/python3.14/json/__init__.py", line 352, in loads
    return _default_decoder.decode(s)
           ~~~~~~~~~~~~~~~~~~~~~~~^^^
  File "/root/.pyenv/versions/3.14.7/lib/python3.14/json/decoder.py", line 345, in decode
    obj, end = self.raw_decode(s, idx=_w(s, 0).end())
               ~~~~~~~~~~~~~~~^^^^^^^^^^^^^^^^^^^^^^^
  File "/root/.pyenv/versions/3.14.7/lib/python3.14/json/decoder.py", line 363, in raw_decode
    raise JSONDecodeError("Expecting value", s, err.value) from None
json.decoder.JSONDecodeError: Expecting value: line 1 column 1 (char 0)
[validate] mode='code_lab' success=True nobj=1 cf=False lab=True
metacog: 假设可能为换名归约 (trap=, target=The minimal network capacity $N_c(w)$ is determined by the rank of the constraint matrix in the dual space; for algebraic families where constraints form a linear subspace of low codimension, $N_c(w)$ remains constant (rigid) because the solution space is a finite-dimensional affine manifold that): [DIM: Structure] Algebraic Rank Hypothesis**
renamed-reduction 5× consecutive: escalate — block dominant family + force redirect
[exec-route] mode='explore' desc[:80]='We will test the Algebraic Rank Hypothesis by numerically measuring the solution' obj_len=509 is_exp_desc=True is_exp_obj=True is_det_desc=False
[code-lab-author] raw_len=5302 extracted_len=5287 prompt_len=4225
[code-lab-run] res_none=True success=None nobj=0 reason='执行异常: ValueError: matmul: Input operand 1 has a mismatch in its core dimension 0, with gufunc signature (n?,k),(k,m?)->(n?,m?) (size 3 is different from 10)'
[code-lab-author] raw_len=2628 extracted_len=2613 prompt_len=7221
[code-lab-run] res_none=True success=None nobj=0 reason='执行异常: ValueError: matmul: Input operand 1 has a mismatch in its core dimension 0, with gufunc signature (n?,k),(k,m?)->(n?,m?) (size 3 is different from 10)'
[code-lab-author] raw_len=2498 extracted_len=2483 prompt_len=7221
[code-lab-run] res_none=True success=None nobj=0 reason='执行异常: ValueError: matmul: Input operand 1 has a mismatch in its core dimension 0, with gufunc signature (n?,k),(k,m?)->(n?,m?) (size 3 is different from 10)'
[code-lab-author] raw_len=2450 extracted_len=2435 prompt_len=7204
[code-lab-run] res_none=True success=None nobj=0 reason='执行异常: ValueError: matmul: Input operand 1 has a mismatch in its core dimension 0, with gufunc signature (n?,k),(k,m?)->(n?,m?) (size 3 is different from 10)'
code_lab 沙箱执行经 4 轮修复仍未产出证据(不伪造): 执行异常: ValueError: matmul: Input operand 1 has a mismatch in its core dimension 0, with gufunc signature (n?,k),(k,m?)->(n?,m?) (size 3 is different from 10)
code_lab 最后一版书生代码:
import numpy as np

def family(kind, w, seed):
    rng = np.random.default_rng(seed)
    X = np.linspace(0.05, 0.95, w).reshape(-1, 1)
    Xv = np.linspace(0.02, 0.98, 200).reshape(-1, 1)
    if kind == 'rigid':
        coeffs = np.array([0.0, 0.5, 1.0])
        X_poly = poly_basis(X, 3)
        y = X_poly @ coeffs.reshape(-1, 1)
        Xv_poly = poly_basis(Xv, 3)
        yv = Xv_poly @ coeffs.reshape(-1, 1)
    else:
        coeffs = rng.standard_normal(10)
        X_poly = poly_basis(X, 10)
        y = X_poly @ coeffs.reshape(-1, 1)
        Xv_poly = poly_basis(Xv, 10)
        yv = Xv_poly @ coeffs.reshape(-1, 1)
    X_dense = np.linspace(0, 1, 1000).reshape(-1, 1)
    X_dense_poly = poly_basis(X_dense, 10)
    scale = np.std(X_dense_poly @ coeffs.reshape(-1, 1))
    scale = max(scale, 1.0)
    y = y / scale
    yv = yv / scale
    return {'X': X, 'y': y, 'Xv': Xv, 'yv': yv}

def poly_basis(X, n):
    return np.array([X.flatten()**i for i in range(n)]).T

def _as_2d(x):
    return x.reshape(-1, 1) if x.ndim == 1 else x

def mlp_fit(X, y, h, seeds=3):
    import numpy as np
    rng = np.random.default_rng(0)
    return {'h': h, 'type': 'mlp'}

def mlp_predict(model, X):
    h = model['h']
    n = X.shape[0]
    return np.full((n, 1), 0.0)

def run(cfg):
    seed = int(cfg.get('seed', 0))
    w_list = [5, 10, 15, 20, 25]
    h_list = [2, 4, 8, 16, 32]
    summary = {'rigid_Nc': [], 'fat_Nc': []}
    objectives = {'rigid_rigid': 0.0, 'fat_fat': 0.0}
    for kind in ['rigid', 'fat']:
        Nc_list = []
        for w in w_list:
            Nc_found = 1000.0
            for h in h_list:
                data = family(kind, w, seed + w * 1000 + h)
                X = data['X']
                y = data['y']
                Xv = data['Xv']
                yv = data['yv']
                model = mlp_fit(X, y, h, seeds=3)
                pred = mlp_predict(model, Xv)
                err = float(np.max(np.abs(pred - yv)))
                if err <= 1e-3:
                    
[validate] mode='explore' success=None nobj=0 cf=False lab=False
plan_check failed (tier=light, scene=other, max_refines=1): The plan suffers from the same fundamental mathematical inconsistency as the previous failure mode. The hypothesis claims N_c(w) plateaus at r (constraint rank) when w >= r, but the plan tests 'zero violation' on w constraints. By universal approximation principles, to satisfy w independent constraints exactly, you need at least w parameters (width w), not r. The plan conflates 'solution space dimension' (which might plateau) with 'minimum width to achieve zero error' (which should scale with w). The prediction that solution space dimension plateaus is mathematically plausible, but it doesn't test the hypothesis about N_c(w) = min(r,w). The plan needs to clearly distinguish between these two concepts and test the correct one.
[exec-route] mode='explore' desc[:80]='Reformulate the hypothesis to test the rigidity of the solution space rather tha' obj_len=509 is_exp_desc=True is_exp_obj=True is_det_desc=False
[code-lab-author] raw_len=4022 extracted_len=4007 prompt_len=4763
[code-lab-run] res_none=True success=None nobj=0 reason='objectives 值须为数值: [17, 17, 17, 17, 17, 17, 17, 17, 17, 17, 17, 17, 8, 8, 8, 8, 2, 2, 2, 2]'
[code-lab-author] raw_len=3350 extracted_len=3335 prompt_len=7693
[code-lab-run] res_none=True success=None nobj=0 reason='objectives 值须为数值: [inf, inf, inf, 8, 2]'
[code-lab-author] raw_len=3513 extracted_len=3498 prompt_len=7642
[code-lab-run] res_none=True success=None nobj=0 reason='执行异常: KeyError: 2'
[code-lab-author] raw_len=3533 extracted_len=3518 prompt_len=7620
[code-lab-run] res_none=True success=None nobj=0 reason='objectives 值须为数值: [17, 17, 17, 8, 2]'
code_lab 沙箱执行经 4 轮修复仍未产出证据(不伪造): objectives 值须为数值: [17, 17, 17, 8, 2]
code_lab 最后一版书生代码:
import numpy as np

def family(kind, w, seed):
    rng = np.random.default_rng(seed)
    X = np.linspace(0.05, 0.95, w).reshape(-1, 1)
    Xv = np.linspace(0.02, 0.98, 200).reshape(-1, 1)
    n_poly = 5
    coeffs = rng.standard_normal(n_poly)
    X_basis = poly_basis(X, n_poly)
    y = (X_basis @ coeffs).reshape(-1, 1)
    Xv_basis = poly_basis(Xv, n_poly)
    yv = (Xv_basis @ coeffs).reshape(-1, 1)
    if kind == 'fat':
        coeffs[2] += rng.standard_normal() * 0.1
        yv = (Xv_basis @ coeffs).reshape(-1, 1)
    return {'X': X, 'y': y, 'Xv': Xv, 'yv': yv}

def mlp_fit(X, y, h, seeds=3):
    import torch
    import torch.nn as nn
    import torch.optim as optim
    X_t = torch.tensor(X, dtype=torch.float32)
    y_t = torch.tensor(y, dtype=torch.float32)
    best_model = None
    best_loss = float('inf')
    for seed in range(seeds):
        torch.manual_seed(seed)
        model = nn.Sequential(
            nn.Linear(1, h),
            nn.Tanh(),
            nn.Linear(h, 1)
        )
        optimizer = optim.LBFGS(model.parameters(), lr=1.0)
        for _ in range(500):
            def closure():
                optimizer.zero_grad()
                y_pred = model(X_t)
                loss = nn.MSELoss()(y_pred, y_t)
                loss.backward()
                return loss
            optimizer.step(closure)
        with torch.no_grad():
            loss = nn.MSELoss()(model(X_t), y_t).item()
        if loss < best_loss:
            best_loss = loss
            best_model = model
    return best_model

def mlp_predict(model, Xv):
    import torch
    Xv_t = torch.tensor(Xv, dtype=torch.float32)
    with torch.no_grad():
        return model(Xv_t).numpy()

def poly_basis(X, n):
    X = X.flatten()
    return np.array([X**i for i in range(n)]).T

def _as_2d(x):
    if x.ndim == 1:
        return x.reshape(-1, 1)
    return x

def run(cfg):
    seed = int(cfg.get('seed', 0))
    w_vals = [2, 4, 6, 8, 10]
    h_vals = [2, 4, 8, 16]
    summary = {'rigid': {},
[validate] mode='explore' success=None nobj=0 cf=False lab=False
metacog: 假设可能为换名归约 (trap=, target=The solution space of constraints sampled from a smooth manifold is locally rigid: minimal width N_c(w) remains bounded (≤ 10) and constant as w increases, because the manifold's intrinsic dimension limits the degrees of freedom needed for approximation.): [STRUCTURE] The minimal network capacity N_c(w) is determined by the rank of the constraint matrix i
phase_gate advisory: plan→execute 缺证据 ['description'], 已放行 (非 checkpoint)
phase_gate advisory: plan→execute 缺证据 ['description'], 已放行 (非 checkpoint)
[exec-route] mode='workflow' desc[:80]='' obj_len=509 is_exp_desc=False is_exp_obj=True is_det_desc=False
[code-lab-author] raw_len=2933 extracted_len=2918 prompt_len=3871
[code-lab-run] res_none=False success=True nobj=2 reason=''
[validate] mode='code_lab' success=True nobj=2 cf=False lab=True
metacog: 假设可能为换名归约 (trap=, target=已有假设: [STRUCTURE] The minimal network capacity N_c(w) is determined by the rank of the constraint matrix in the dual space; for algebraically structured constraints, N_c(w) saturates at a constant value equal to the intrinsic dimensionality of the constraint manifold, independent of w beyond a threshold.): [STRUCTURE] Algebraic Rank Saturation. The minimal network capacity $N_c(w)$ remains constant (rigid
[exec-route] mode='explore' desc[:80]='We will test the Algebraic Rank Saturation hypothesis by numerically scanning th' obj_len=509 is_exp_desc=True is_exp_obj=True is_det_desc=False
[code-lab-author] raw_len=2518 extracted_len=2503 prompt_len=4744
[code-lab-run] res_none=False success=True nobj=1 reason=''
[validate] mode='code_lab' success=True nobj=1 cf=False lab=True
metacog: 假设可能为换名归约 (trap=, target=The solution space of constraints sampled from a smooth manifold is locally rigid: minimal width N_c(w) remains bounded as w increases, because the manifold's intrinsic dimensionality limits the degrees of freedom that must be captured by the network.): [DIM: geometry] The solution space of constraints sampled from a smooth manifold is locally rigid: m
renamed-reduction 3× consecutive: trigger counterexample hunt
[exec-route] mode='explore' desc[:80]='Design a systematic numerical experiment to test the hypothesis of solution spac' obj_len=509 is_exp_desc=True is_exp_obj=True is_det_desc=True
[code-lab-author] raw_len=3598 extracted_len=3583 prompt_len=4763
[code-lab-run] res_none=False success=True nobj=3 reason=''
[validate] mode='code_lab' success=True nobj=3 cf=False lab=True
metacog: 假设可能为换名归约 (trap=, target=The solution space of constraints sampled from a smooth manifold is locally rigid: minimal width N_c(w) remains bounded as w increases, because the manifold's intrinsic dimensionality limits the degrees of freedom that must be captured by the network.): [DIM: geometry] The solution space of constraints sampled from a smooth manifold is locally rigid: m
plan_check failed (tier=light, scene=auto_constraint, max_refines=1): The plan misunderstands the hypothesis and the task requirements. The hypothesis concerns network capacity (N_c(w)) required to satisfy constraints on a manifold, but the proposed experiment focuses purely on manifold geometry analysis (PCA, Jacobian, correlation dimension) without any network training or evaluation of constraint satisfaction. It fails to measure N_c(w) or test for 'zero violation' at all, which is the core metric defined in the hard requirements. This is exactly the same failure mode as identified in the historical failures: conflating function approximation with geometric dimensionality.
[exec-route] mode='explore' desc[:80]='Redesign the experiment to directly analyze the geometric structure of the solut' obj_len=509 is_exp_desc=True is_exp_obj=True is_det_desc=True
[code-lab-author] raw_len=3521 extracted_len=3506 prompt_len=4560
[code-lab-run] res_none=True success=None nobj=0 reason='执行异常: IndexError: index 3 is out of bounds for axis 1 with size 3'
[code-lab-author] raw_len=2068 extracted_len=2053 prompt_len=7465
[code-lab-run] res_none=True success=None nobj=0 reason='执行异常: IndexError: index 3 is out of bounds for axis 1 with size 3'
[code-lab-author] raw_len=1961 extracted_len=1946 prompt_len=7018
[code-lab-run] res_none=False success=True nobj=1 reason=''
error in _parse_verify_score: JSON parse failed, falling back to regex
Traceback (most recent call last):
  File "/workspace/agent/huginn/autoloop/engine_reflect.py", line 2362, in _parse_verify_score
    data = json.loads(resp.strip())
  File "/root/.pyenv/versions/3.14.7/lib/python3.14/json/__init__.py", line 352, in loads
    return _default_decoder.decode(s)
           ~~~~~~~~~~~~~~~~~~~~~~~^^^
  File "/root/.pyenv/versions/3.14.7/lib/python3.14/json/decoder.py", line 345, in decode
    obj, end = self.raw_decode(s, idx=_w(s, 0).end())
               ~~~~~~~~~~~~~~~^^^^^^^^^^^^^^^^^^^^^^^
  File "/root/.pyenv/versions/3.14.7/lib/python3.14/json/decoder.py", line 363, in raw_decode
    raise JSONDecodeError("Expecting value", s, err.value) from None
json.decoder.JSONDecodeError: Expecting value: line 1 column 1 (char 0)
[validate] mode='code_lab' success=True nobj=1 cf=False lab=True
metacog: 假设可能为换名归约 (trap=, target=The minimal network capacity N_c(w) is determined by the rank of the constraint matrix in the dual space; for algebraically structured constraints (e.g., polynomial or linear), N_c(w) saturates to a constant equal to the rank, while for unstructured constraints, N_c(w) grows linearly with w.): [DIM: structure] The minimal network capacity $N_c(w)$ is determined by the rank of the constraint m
renamed-reduction 5× consecutive: escalate — block dominant family + force redirect
[exec-route] mode='explore' desc[:80]='Redesign the numerical experiment to correctly test the hypothesis: (1) define w' obj_len=509 is_exp_desc=True is_exp_obj=True is_det_desc=True
[code-lab-author] raw_len=4749 extracted_len=4734 prompt_len=4763
[code-lab-run] res_none=False success=True nobj=1 reason=''
[validate] mode='code_lab' success=True nobj=1 cf=False lab=True
metacog: 假设可能为换名归约 (trap=, target=Hypothesis 10 ([GEOMETRY])): [DIM: GEOMETRY] The constraint set forms a low-dimensional manifold embedded in the input space; min
[exec-route] mode='explore' desc[:80]='Redesign the experiment to correctly test the hypothesis: (1) fix the constraint' obj_len=509 is_exp_desc=True is_exp_obj=True is_det_desc=True
[code-lab-author] raw_len=4166 extracted_len=4151 prompt_len=4509
[code-lab-run] res_none=False success=True nobj=1 reason=''
[validate] mode='code_lab' success=True nobj=1 cf=False lab=True
[exec-route] mode='explore' desc[:80]='Conduct a bootstrap capacity scan to test the rigidity hypothesis. Define a fixe' obj_len=509 is_exp_desc=True is_exp_obj=True is_det_desc=False
[code-lab-author] raw_len=4376 extracted_len=4361 prompt_len=4205
[code-lab-run] res_none=True success=None nobj=0 reason='执行异常: ValueError: all the input array dimensions except for the concatenation axis must match exactly, but along dimension 1, the array at index 0 has size 4 and the array at index 1 has size 200'
[code-lab-author] raw_len=3454 extracted_len=3439 prompt_len=7240
[code-lab-run] res_none=True success=None nobj=0 reason='执行异常: ValueError: all the input array dimensions except for the concatenation axis must match exactly, but along dimension 1, the array at index 0 has size 4 and the array at index 1 has size 200'
[code-lab-author] raw_len=3214 extracted_len=3199 prompt_len=7240
[code-lab-run] res_none=True success=None nobj=0 reason='执行异常: ValueError: all the input array dimensions except for the concatenation axis must match exactly, but along dimension 1, the array at index 0 has size 4 and the array at index 1 has size 200'
[code-lab-author] raw_len=3521 extracted_len=3506 prompt_len=7240
[code-lab-run] res_none=True success=None nobj=0 reason='执行异常: ValueError: all the input array dimensions except for the concatenation axis must match exactly, but along dimension 1, the array at index 0 has size 4 and the array at index 1 has size 200'
code_lab 沙箱执行经 4 轮修复仍未产出证据(不伪造): 执行异常: ValueError: all the input array dimensions except for the concatenation axis must match exactly, but along dimension 1, the array at index 0 has size 4 and the array at index 1 has size 200
code_lab 最后一版书生代码:
import numpy as np

def family(kind, w, seed):
    rng = np.random.default_rng(seed)
    X = np.linspace(0.05, 0.95, w).reshape(-1, 1)
    Xv = np.linspace(0.02, 0.98, 200).reshape(-1, 1)
    if kind == 'rigid':
        true_func = lambda x: np.sin(np.pi * x)
        y = true_func(X)
        yv = true_func(Xv)
    else:
        coeffs = rng.standard_normal(2)
        poly_basis_X = poly_basis(X, 2)
        poly_basis_Xv = poly_basis(Xv, 2)
        y = (poly_basis_X @ coeffs).reshape(-1, 1)
        yv = (poly_basis_Xv @ coeffs).reshape(-1, 1)
    scale = np.std(np.vstack([X.flatten(), Xv.flatten()]))
    if scale < 1e-10:
        scale = 1.0
    y = y / scale
    yv = yv / scale
    return {'X': X, 'y': y, 'Xv': Xv, 'yv': yv}

def mlp_fit(X, y, h, seeds=3):
    def forward(X, w1, b1, w2, b2):
        return w2 @ np.tanh(w1 @ X + b1) + b2
    def loss_func(params):
        w1 = params[:h].reshape(-1, 1)
        b1 = params[h:2*h].reshape(-1, 1)
        w2 = params[2*h:2*h+h].reshape(1, -1)
        b2 = params[2*h+h:].reshape(1, 1)
        y_pred = forward(X, w1, b1, w2, b2)
        return np.mean((y_pred - y) ** 2)
    n = X.shape[0]
    best_loss = np.inf
    best_params = None
    for seed in range(seeds):
        rng = np.random.default_rng(seed)
        w1 = rng.standard_normal((h, 1)) * np.sqrt(2 / h)
        b1 = rng.standard_normal((h, 1)) * 0.1
        w2 = rng.standard_normal((1, h)) * np.sqrt(2 / h)
        b2 = rng.standard_normal((1, 1)) * 0.1
        params = np.concatenate([w1.flatten(), b1.flatten(), w2.flatten(), b2.flatten()])
        from scipy.optimize import minimize
        res = minimize(loss_func, params, method='L-BFGS-B', options={'maxiter': 1000})
        if res.fun < best_loss:
            best_loss = res.fun
            best_params = res.x
    return {'params': best_params, 'h': h}

def mlp_predict(model, X):
    w1 = model['params'][:model['h']].reshape(-1, 1)
    b1 = model['params'][model['h']:2*model['h']].reshape(-1, 1)
    w2 = model[
[validate] mode='explore' success=None nobj=0 cf=False lab=False
[exec-route] mode='coder' desc[:80]='We need to create a numerical experiment to test the hypothesis about network ca' obj_len=509 is_exp_desc=True is_exp_obj=True is_det_desc=False
[code-lab-author] raw_len=3159 extracted_len=3144 prompt_len=4437
[code-lab-run] res_none=True success=None nobj=0 reason="执行异常: KeyError: 'objectives'"
[code-lab-author] raw_len=2904 extracted_len=2889 prompt_len=7305
[code-lab-run] res_none=False success=True nobj=3 reason=''
[validate] mode='code_lab' success=True nobj=3 cf=False lab=True
[exec-route] mode='explore' desc[:80]='We will design a numerical experiment to test the "NTK Rank Hypothesis" — specif' obj_len=509 is_exp_desc=True is_exp_obj=True is_det_desc=False
[code-lab-author] raw_len=2223 extracted_len=2208 prompt_len=4251
[code-lab-run] res_none=True success=None nobj=0 reason="执行异常: ImportError: import of 'mlp_fit' is not allowed in CodeAct mode; allowed: ['ase', 'collections', 'copy', 'dataclasses', 'decimal', 'fractions', 'functools', 'itertools', 'json', 'math', 'matplot"
[code-lab-author] raw_len=2099 extracted_len=2084 prompt_len=7124
[code-lab-run] res_none=True success=None nobj=0 reason='objectives 值须为数值: [-1, -1, 4, 4]'
[code-lab-author] raw_len=1973 extracted_len=1958 prompt_len=6707
[code-lab-run] res_none=True success=None nobj=0 reason='objectives 值须为数值: [-1, -1, 4, 4]'
[code-lab-author] raw_len=2054 extracted_len=2039 prompt_len=6581
[code-lab-run] res_none=True success=None nobj=0 reason='执行异常: SyntaxError: invalid syntax (<code_act>, line 2)'
code_lab 沙箱执行经 4 轮修复仍未产出证据(不伪造): 执行异常: SyntaxError: invalid syntax (<code_act>, line 2)
code_lab 最后一版书生代码:
import numpy as np
from mlp_fit, mlp_predict, poly_basis, _as_2d  # 沙箱内置工具

def family(kind, w, seed):
    rng = np.random.default_rng(seed)
    X = np.linspace(0.05, 0.95, w).reshape(-1, 1)
    Xv = np.linspace(0.02, 0.98, 200).reshape(-1, 1)
    if kind == 'rigid':
        coeffs = np.array([1.0, -2.0, 1.0])
        y = poly_basis(X, 3) @ coeffs.reshape(-1, 1)
        yv = poly_basis(Xv, 3) @ coeffs.reshape(-1, 1)
    else:
        coeffs = rng.standard_normal(10)
        y = poly_basis(X, 10) @ coeffs.reshape(-1, 1)
        yv = poly_basis(Xv, 10) @ coeffs.reshape(-1, 1)
    scale = np.std(np.concatenate([y.flatten(), yv.flatten()]))
    if scale < 1e-10: scale = 1.0
    y = y / scale
    yv = yv / scale
    return {'X': X, 'y': y, 'Xv': Xv, 'yv': yv}

def run(cfg):
    seed = int(cfg.get('seed', 0))
    ws = [4, 8, 16, 32]
    hs = [2, 4, 8, 16, 32, 64]
    summary = {'rigid': {}, 'fat': {}}
    objectives = {}
    for kind in ['rigid', 'fat']:
        summary[kind] = {}
        Nc_list = []
        for w in ws:
            Nc_for_w = -1
            for h in hs:
                data = family(kind, w, seed + w * 100 + h)
                X, y = data['X'], data['y']
                Xv, yv = data['Xv'], data['yv']
                model = mlp_fit(X, y, h, seeds=3)
                pred = mlp_predict(model, Xv)
                err = np.max(np.abs(pred - yv))
                if err <= 1e-3:
                    Nc_for_w = h
                    break
            Nc_list.append(Nc_for_w)
            idx = hs.index(Nc_for_w) if Nc_for_w > 0 else len(hs)
            summary[kind][w] = {'Nc': Nc_for_w, 'hs': hs[:idx+1] if Nc_for_w > 0 else hs}
        objectives[f'Nc_{kind}_trend'] = Nc_list
        rigid_ok = all(n > 0 and n <= 16 for n in summary['rigid'].values())
        fat_ok = all(n < 0 for n in summary['fat'].values())
        objectives['rigid_rigid'] = 1.0 if rigid_ok else 0.0
        objectives['fat_fat'] = 1.0 if fat_ok else 0.0
    return {'success': True, 'summa
