<frozen runpy>:128: RuntimeWarning: 'huginn.cli.main' found in sys.modules after import of package 'huginn.cli', but prior to execution of 'huginn.cli.main'; this may result in unpredictable behaviour
Tool huginn.tools.vasp_tool registered but its deps are missing — capability degraded: pymatgen
Tool huginn.tools.sim.packing_tool registered but its deps are missing — capability degraded: ase, matplotlib, rdkit
Tool huginn.tools.sim.plasma_tool registered but its deps are missing — capability degraded: sklearn
Tool huginn.tools.sim.transolver_tool registered but its deps are missing — capability degraded: torch
Tool huginn.tools.vina_tool registered but its deps are missing — capability degraded: rdkit, vina
Tool huginn.tools.openmm_tool registered but its deps are missing — capability degraded: openmm
Tool huginn.tools.sci.symbolic_regression_tool registered but its deps are missing — capability degraded: model, torch
Tool huginn.tools.dynamics_discovery_tool registered but its deps are missing — capability degraded: sklearn
Tool huginn.tools.sci.interpretable_ml_tool registered but its deps are missing — capability degraded: gpytorch, torch
Tool huginn.tools.sci.sklearn_tool registered but its deps are missing — capability degraded: sklearn
Tool huginn.tools.sci.vae_tool registered but its deps are missing — capability degraded: torch
Tool huginn.tools.sci.autodiff_tool registered but its deps are missing — capability degraded: jax
Tool huginn.tools.numerical_tool registered but its deps are missing — capability degraded: cvxpy, pulp
Tool huginn.tools.sci.symmetry_tool registered but its deps are missing — capability degraded: pymatgen, spglib
Tool huginn.tools.sci.tda_tool registered but its deps are missing — capability degraded: gudhi, ripser
Tool huginn.tools.sci.uq_tool registered but its deps are missing — capability degraded: chaospy
Tool huginn.tools.gp_tool registered but its deps are missing — capability degraded: sklearn
Tool huginn.tools.sci.gnn_tool registered but its deps are missing — capability degraded: sklearn, torch, torch_geometric
Tool huginn.tools.sci.stat_tests_tool registered but its deps are missing — capability degraded: statsmodels
Tool huginn.tools.sci.descriptor_tool registered but its deps are missing — capability degraded: ase, dscribe, matminer, pymatgen
Tool huginn.tools.rdkit_tool registered but its deps are missing — capability degraded: rdkit
Tool huginn.tools.sci.active_learning_tool registered but its deps are missing — capability degraded: pandas
Tool huginn.tools.sci.ml_potential_tool registered but its deps are missing — capability degraded: ase, chgnet, fairchem, mace, pynep
Tool huginn.tools.sci.xrd_sim_tool registered but its deps are missing — capability degraded: pymatgen
Tool huginn.tools.design.doe_tool registered but its deps are missing — capability degraded: statsmodels
Tool huginn.tools.vision_describe_tool registered but its deps are missing — capability degraded: easyocr, paddleocr, pytesseract, torch
Tool huginn.tools.model3d_tool registered but its deps are missing — capability degraded: pymatgen, trimesh
Tool huginn.tools.browser_tool registered but its deps are missing — capability degraded: playwright, selenium
Tool huginn.tools.materials_database_tool registered but its deps are missing — capability degraded: ase, pymatgen
Tool huginn.tools.thermo_tool registered but its deps are missing — capability degraded: pymatgen, thermo
Tool huginn.tools.bench_infra.plot_tool registered but its deps are missing — capability degraded: matplotlib
Tool huginn.tools.bench_infra.matrix_tool registered but its deps are missing — capability degraded: torch
Tool huginn.tools.bench_infra.c2st_tool registered but its deps are missing — capability degraded: sklearn
strict_work_dir=True but allowed_work_dirs empty — path scoping inactive. Set allowed_work_dirs or HUGINN_WORKSPACE to enable.
Long-horizon goal: goal_474b8fd5
  wall-clock budget: 3600s, iteration cap: 60
╭────────────────────────────────── Starting ──────────────────────────────────╮
│ Autoloop                                                                     │
│ Objective: 【研究命题·纯机器学习/数学】                                      │
│                                                                              │
│ 解空间刚性 = 满足全部解析约束的函数集合的维数：低维/唯一 = 刚，高维/连续族 = │
│ 胖。                                                                         │
│                                                                              │
│ 核心问题：小型前馈网络的“泛化行为”能否作为 bootstrap 解空间刚性的探针？      │
│ 令 w = 约束样本数，N_c(w) =                                                  │
│ 在未参与训练的留出约束点上取得“零违规”所需的最小网络容量（用隐藏层宽度度量） │
│ 。                                                                           │
│                                                                              │
│ 【唯一硬性口径（不可更改，其余全由你决定）】                                 │
│ - 零违规 = 留出约束点上的最大绝对误差 ≤ 1e-3。                               │
│ - 刚性 = 扫描范围内存在较小的有限 N_c（且 N_c 不随 w 增长）；胖 =            │
│ 扫描上限内任何宽度都达不到零违规（N_c 不可达）。判别是二值的。               │
│ - 所有报告数值必须是有限数（禁止 inf/nan/None）。                            │
│ -                                                                            │
│ 研究对象只能是小型前馈网络本身。严禁把本命题替换或“换名归约”为材料/化学/玻璃 │
│ /合金/离子导电等任何物理体系，也不要用别的领域类比回答。                     │
│                                                                              │
│ 【实验的族、样本、扫描、脚本如何设计，以及如何证明“刚性可达”，由你自己决定并 │
│ 给出理由。】                                                                 │
│                                                                              │
│ 所有结论必须来自真实运行的可复现数值实验：给出扫描设置、训练与留出误差数值、 │
│ 以及 N_c(w) 的数值与趋势。                                                   │
│ Max iterations: 60                                                           │
╰──────────────────────────────────────────────────────────────────────────────╯
[cache-debug] model=Intern-S2-Preview-35B stats_keys=['model_provider', 'finish_reason', 'model_name']
empty required_results for target_1 — fallback
[exec-route] mode='skill' desc[:80]='Design and execute a numerical experiment to test if small feedforward networks ' obj_len=509 is_exp_desc=True is_exp_obj=True is_det_desc=False
[code-lab-author] raw_len=4643 extracted_len=4628 prompt_len=4058
[code-lab-run] res_none=False success=True nobj=1 reason=''
[validate] mode='code_lab' success=True nobj=1 cf=False lab=True
metacog: 假设可能为换名归约 (trap=, target=The bootstrap constraints define a nonlinear algebraic variety with a singularity at w = w*; for w < w*, the variety is low-dimensional (rigid, N_c constant), but for w ≥ w*, the variety gains a new branch, forcing N_c(w) to jump discontinuously (e.g., N_c = 3 for w ≤ 20, N_c = 20 for w > 20).): [DIM: optimization] The solution space of the bootstrap constraints forms a convex polytope in funct
[exec-route] mode='explore' desc[:80]='[auto-routed: surprise=1.00] Create a self-contained Python experiment to test t' obj_len=509 is_exp_desc=True is_exp_obj=True is_det_desc=True
[code-lab-author] raw_len=2198 extracted_len=2183 prompt_len=4613
[code-lab-run] res_none=True success=None nobj=0 reason='执行异常: ValueError: shapes (100,10) and (3,) not aligned: 10 (dim 1) != 3 (dim 0)'
[code-lab-author] raw_len=2198 extracted_len=2183 prompt_len=7215
[code-lab-run] res_none=True success=None nobj=0 reason='执行异常: ValueError: shapes (100,10) and (3,) not aligned: 10 (dim 1) != 3 (dim 0)'
[code-lab-author] raw_len=2198 extracted_len=2183 prompt_len=7215
[code-lab-run] res_none=True success=None nobj=0 reason='执行异常: ValueError: shapes (100,10) and (3,) not aligned: 10 (dim 1) != 3 (dim 0)'
[code-lab-author] raw_len=2194 extracted_len=2179 prompt_len=7215
[code-lab-run] res_none=True success=None nobj=0 reason='执行异常: ValueError: shapes (100,10) and (3,) not aligned: 10 (dim 1) != 3 (dim 0)'
code_lab 沙箱执行经 4 轮修复仍未产出证据(不伪造): 执行异常: ValueError: shapes (100,10) and (3,) not aligned: 10 (dim 1) != 3 (dim 0)
code_lab 最后一版书生代码:
import numpy as np

def family(kind, w, seed):
    rng = np.random.default_rng(seed)
    X = np.linspace(0.05, 0.95, w).reshape(-1, 1)
    Xv = np.linspace(0.02, 0.98, 200).reshape(-1, 1)
    true_coeffs = np.array([1.0, -2.0, 1.0])
    if kind == 'rigid':
        y = poly_basis(X, 3) @ true_coeffs.reshape(-1, 1)
        yv = poly_basis(Xv, 3) @ true_coeffs.reshape(-1, 1)
    else:
        true_coeffs = rng.standard_normal(10)
        y = poly_basis(X, 10) @ true_coeffs.reshape(-1, 1)
        yv = poly_basis(Xv, 10) @ true_coeffs.reshape(-1, 1)
    scale = np.std(poly_basis(np.linspace(0, 1, 100), 10).dot(true_coeffs))
    y /= scale
    yv /= scale
    return {'X': X, 'y': y, 'Xv': Xv, 'yv': yv}

def run(cfg):
    seed = int(cfg.get('seed', 0))
    ws = [5, 10, 20, 30, 40, 50]
    hs = [2, 3, 4, 5, 6, 7, 8]
    summary = {'rigid_Nc': [], 'fat_Nc': []}
    objectives = {'rigid_score': 0.0, 'fat_score': 0.0}
    for kind in ['rigid', 'fat']:
        nc_list = []
        for w in ws:
            found = False
            for h in hs:
                data = family(kind, w, seed + w * 1000 + h)
                X, y = data['X'], data['y']
                Xv, yv = data['Xv'], data['yv']
                model = mlp_fit(X, y, h, seeds=3)
                pred = mlp_predict(model, Xv)
                err = np.max(np.abs(pred - yv))
                if err <= 1e-3:
                    nc_list.append(h)
                    found = True
                    break
            nc_list.append(None) if not found else None
        valid_ncs = [n for n in nc_list if n is not None and isinstance(n, (int, float))]
        if valid_ncs:
            nc_min = min(valid_ncs)
            summary[f'{kind}_Nc'].append(nc_min)
            if kind == 'rigid':
                objectives['rigid_score'] = float(nc_min)
            else:
                objectives['fat_score'] = float(nc_min)
        else:
            summary[f'{kind}_Nc'].append([None]*len(ws))
            if kind == 'rigid':
       
[validate] mode='explore' success=None nobj=0 cf=False lab=False
[exec-route] mode='coder' desc[:80]='Design and execute a numerical experiment to test whether small feedforward netw' obj_len=509 is_exp_desc=True is_exp_obj=True is_det_desc=False
[code-lab-author] raw_len=2394 extracted_len=2381 prompt_len=4183
[code-lab-run] res_none=True success=None nobj=0 reason='执行异常: ValueError: matmul: Input operand 1 has a mismatch in its core dimension 0, with gufunc signature (n?,k),(k,m?)->(n?,m?) (size 3 is different from 5)'
[code-lab-author] raw_len=2366 extracted_len=2351 prompt_len=7059
[code-lab-run] res_none=True success=None nobj=0 reason='执行异常: ValueError: matmul: Input operand 1 has a mismatch in its core dimension 0, with gufunc signature (n?,k),(k,m?)->(n?,m?) (size 3 is different from 5)'
[code-lab-author] raw_len=2366 extracted_len=2351 prompt_len=7029
[code-lab-run] res_none=True success=None nobj=0 reason='执行异常: ValueError: matmul: Input operand 1 has a mismatch in its core dimension 0, with gufunc signature (n?,k),(k,m?)->(n?,m?) (size 3 is different from 5)'
[code-lab-author] raw_len=2474 extracted_len=2459 prompt_len=7029
[code-lab-run] res_none=True success=None nobj=0 reason='执行异常: ValueError: matmul: Input operand 1 has a mismatch in its core dimension 0, with gufunc signature (n?,k),(k,m?)->(n?,m?) (size 3 is different from 5)'
code_lab 沙箱执行经 4 轮修复仍未产出证据(不伪造): 执行异常: ValueError: matmul: Input operand 1 has a mismatch in its core dimension 0, with gufunc signature (n?,k),(k,m?)->(n?,m?) (size 3 is different from 5)
code_lab 最后一版书生代码:
import numpy as np

def family(kind, w, seed):
    rng = np.random.default_rng(seed)
    X = np.linspace(0.05, 0.95, w).reshape(-1, 1)
    Xv = np.linspace(0.02, 0.98, 200).reshape(-1, 1)
    if kind == 'rigid':
        coeffs = np.array([1.0, -2.0, 1.0])
        basis_X = poly_basis(X, 3)
        basis_Xv = poly_basis(Xv, 3)
        y = basis_X @ coeffs.reshape(-1, 1)
        yv = basis_Xv @ coeffs.reshape(-1, 1)
    else:
        coeffs = rng.standard_normal(5)
        basis_X = poly_basis(X, 5)
        basis_Xv = poly_basis(Xv, 5)
        y = basis_X @ coeffs.reshape(-1, 1)
        yv = basis_Xv @ coeffs.reshape(-1, 1)
    scale = np.std(poly_basis(np.linspace(0, 1, 1000), 5) @ coeffs)
    y /= scale
    yv /= scale
    return {'X': X, 'y': y, 'Xv': Xv, 'yv': yv}

def mlp_fit(X, y, h, seeds=3):
    from sklearn.neural_network import MLPRegressor
    models = []
    for s in range(seeds):
        model = MLPRegressor(hidden_layer_sizes=(h,), activation='tanh', solver='lbfgs', max_iter=1000, random_state=s)
        model.fit(X.ravel(), y.ravel())
        models.append(model)
    return models

def mlp_predict(models, X):
    preds = np.array([model.predict(X.ravel()) for model in models])
    return np.mean(preds, axis=0).reshape(-1, 1)

def poly_basis(X, n):
    X = X.ravel()
    return np.array([X**i for i in range(n)]).T

def _as_2d(x):
    return x.reshape(-1, 1) if x.ndim == 1 else x

def run(cfg):
    seed = int(cfg.get('seed', 0))
    ws = [4, 8, 16, 32]
    hs = [4, 8, 16, 32, 64, 128]
    summary = {'rigid_Nc': [], 'fat_Nc': []}
    objectives = {'rigid_score': 0.0, 'fat_score': 0.0}
    for kind in ['rigid', 'fat']:
        Nc_list = []
        for w in ws:
            data = family(kind, w, seed + w)
            X, y = data['X'], data['y']
            Xv, yv = data['Xv'], data['yv']
            Nc = None
            for h in hs:
                models = mlp_fit(X, y, h, seeds=3)
                pred = mlp_predict(models, Xv)
                err = np.max(
[validate] mode='coder' success=True nobj=0 cf=False lab=False
metacog: 假设可能为换名归约 (trap=, target=Constraints sample the function space probabilistically. To maintain a non-vanishing probability of satisfying all $w$ constraints, the search space volume (width) must grow logarithmically to compensate for the exponential decay of joint satisfaction probability.): ... with reasoning.
[exec-route] mode='explore' desc[:80]='Design a bootstrap experiment to test if small feedforward networks act as probe' obj_len=509 is_exp_desc=True is_exp_obj=True is_det_desc=True
[code-lab-author] raw_len=4433 extracted_len=4418 prompt_len=4048
[code-lab-run] res_none=False success=True nobj=3 reason=''
[validate] mode='code_lab' success=True nobj=3 cf=False lab=True
[exec-route] mode='explore' desc[:80]='We will test the hypothesis that small feedforward networks probe solution space' obj_len=509 is_exp_desc=True is_exp_obj=True is_det_desc=True
[code-lab-author] raw_len=4116 extracted_len=4101 prompt_len=4184
[code-lab-run] res_none=False success=True nobj=1 reason=''
[validate] mode='code_lab' success=True nobj=1 cf=False lab=True
metacog: 假设可能为换名归约 (trap=, target=The bootstrap constraints define a rigid algebraic manifold of fixed dimension; small ReLU networks have sufficient structural capacity to embed this manifold without scaling width as constraints accumulate.): [DIM: structure] Algebraic Rigidity via Basis Sparsity
[exec-route] mode='explore' desc[:80]='[auto-routed: surprise=1.00] Execute a bootstrap rigidity scan for small feedfor' obj_len=509 is_exp_desc=True is_exp_obj=True is_det_desc=True
[code-lab-author] raw_len=1923 extracted_len=1908 prompt_len=4235
[code-lab-run] res_none=True success=None nobj=0 reason='执行异常: IndexError: list index out of range'
[code-lab-author] raw_len=1926 extracted_len=1911 prompt_len=6524
[code-lab-run] res_none=True success=None nobj=0 reason='执行异常: IndexError: list index out of range'
[code-lab-author] raw_len=1858 extracted_len=1843 prompt_len=6527
[code-lab-run] res_none=False success=True nobj=1 reason=''
[validate] mode='code_lab' success=True nobj=1 cf=False lab=True
[exec-route] mode='explore' desc[:80]='Design a numerical experiment to test the rigidity hypothesis for small ReLU net' obj_len=509 is_exp_desc=True is_exp_obj=True is_det_desc=False
[code-lab-author] raw_len=2986 extracted_len=2971 prompt_len=4763
[code-lab-run] res_none=False success=True nobj=2 reason=''
error in _parse_verify_score: JSON parse failed, falling back to regex
Traceback (most recent call last):
  File "/workspace/agent/huginn/autoloop/engine_reflect.py", line 2467, in _parse_verify_score
    data = json.loads(resp.strip())
           ^^^^^^^^^^^^^^^^^^^^^^^^
  File "/usr/lib/python3.12/json/__init__.py", line 346, in loads
    return _default_decoder.decode(s)
           ^^^^^^^^^^^^^^^^^^^^^^^^^^
  File "/usr/lib/python3.12/json/decoder.py", line 337, in decode
    obj, end = self.raw_decode(s, idx=_w(s, 0).end())
               ^^^^^^^^^^^^^^^^^^^^^^^^^^^^^^^^^^^^^^
  File "/usr/lib/python3.12/json/decoder.py", line 355, in raw_decode
    raise JSONDecodeError("Expecting value", s, err.value) from None
json.decoder.JSONDecodeError: Expecting value: line 1 column 1 (char 0)
[validate] mode='code_lab' success=True nobj=2 cf=False lab=True
[exec-route] mode='explore' desc[:80]='Design and execute a numerical experiment to test if small feedforward networks ' obj_len=509 is_exp_desc=True is_exp_obj=True is_det_desc=False
[code-lab-author] raw_len=2372 extracted_len=2357 prompt_len=4201
[code-lab-run] res_none=False success=True nobj=2 reason=''
[validate] mode='code_lab' success=True nobj=2 cf=False lab=True
phase_gate advisory: plan→execute 缺证据 ['description'], 已放行 (非 checkpoint)
phase_gate advisory: plan→execute 缺证据 ['description'], 已放行 (非 checkpoint)
[exec-route] mode='explore' desc[:80]='' obj_len=509 is_exp_desc=False is_exp_obj=True is_det_desc=False
[code-lab-author] raw_len=4121 extracted_len=4106 prompt_len=3637
[code-lab-run] res_none=False success=True nobj=1 reason=''
[validate] mode='code_lab' success=True nobj=1 cf=False lab=True
metacog: 假设可能为换名归约 (trap=, target=[DIM: optimization] The solution space of the bootstrap constraints forms a convex polytope in function space; as w increases, the polytope's dimension remains constant (rigid) because additional constraints are linearly dependent on existing ones, so N_c(w) stays constant at a small value (e.g., N_...): [DIM: geometry] The solution space of small ReLU networks is piecewise linear; as constraint count $
[exec-route] mode='explore' desc[:80]='This hypothesis tests whether small ReLU networks exhibit rigid (piecewise linea' obj_len=509 is_exp_desc=True is_exp_obj=True is_det_desc=True
[code-lab-author] raw_len=2083 extracted_len=2068 prompt_len=4708
[code-lab-run] res_none=True success=None nobj=0 reason='执行异常: ValueError: matmul: Input operand 1 has a mismatch in its core dimension 0, with gufunc signature (n?,k),(k,m?)->(n?,m?) (size 2 is different from 3)'
[code-lab-author] raw_len=2037 extracted_len=2022 prompt_len=7271
[code-lab-run] res_none=True success=None nobj=0 reason='执行异常: ValueError: matmul: Input operand 1 has a mismatch in its core dimension 0, with gufunc signature (n?,k),(k,m?)->(n?,m?) (size 2 is different from 3)'
[code-lab-author] raw_len=2037 extracted_len=2022 prompt_len=7225
[code-lab-run] res_none=True success=None nobj=0 reason='执行异常: ValueError: matmul: Input operand 1 has a mismatch in its core dimension 0, with gufunc signature (n?,k),(k,m?)->(n?,m?) (size 2 is different from 3)'
[code-lab-author] raw_len=2037 extracted_len=2022 prompt_len=7225
[code-lab-run] res_none=True success=None nobj=0 reason='执行异常: ValueError: matmul: Input operand 1 has a mismatch in its core dimension 0, with gufunc signature (n?,k),(k,m?)->(n?,m?) (size 2 is different from 3)'
code_lab 沙箱执行经 4 轮修复仍未产出证据(不伪造): 执行异常: ValueError: matmul: Input operand 1 has a mismatch in its core dimension 0, with gufunc signature (n?,k),(k,m?)->(n?,m?) (size 2 is different from 3)
code_lab 最后一版书生代码:
import numpy as np

def family(kind, w, seed):
    rng = np.random.default_rng(seed)
    X = np.linspace(0.05, 0.95, w).reshape(-1, 1)
    Xv = np.linspace(0.02, 0.98, 200).reshape(-1, 1)
    if kind == 'rigid':
        coeffs = np.array([1.0, 2.0])
        y = poly_basis(X, 2) @ coeffs.reshape(-1, 1)
        yv = poly_basis(Xv, 2) @ coeffs.reshape(-1, 1)
    else:
        coeffs = np.array([1.0, 0.0, -1.0])
        y = poly_basis(X, 3) @ coeffs.reshape(-1, 1)
        yv = poly_basis(Xv, 3) @ coeffs.reshape(-1, 1)
    scale = np.std(poly_basis(np.linspace(0, 1, 1000), 3) @ coeffs)
    y = y / scale
    yv = yv / scale
    return {'X': X, 'y': y, 'Xv': Xv, 'yv': yv}

def run(cfg):
    seed = int(cfg.get('seed', 0))
    ws = [2, 4, 8, 16, 32]
    hs = [1, 2, 4, 8, 16]
    summary = {'rigid_Nc': [], 'fat_Nc': []}
    objectives = {'rigid_rigid_score': 0.0, 'fat_fat_score': 0.0}
    for kind in ['rigid', 'fat']:
        Nc_list = []
        for w in ws:
            Nc = 999.0
            for h in hs:
                data = family(kind, w, seed + w * 100 + h)
                X, y = data['X'], data['y']
                Xv, yv = data['Xv'], data['yv']
                model = mlp_fit(X, y, h, seeds=3)
                pred = mlp_predict(model, Xv)
                err = np.max(np.abs(pred - yv))
                if err <= 1e-3:
                    Nc = float(h)
                    break
            Nc_list.append(Nc)
            summary[f'{kind}_w{w}_Nc'] = float(Nc)
        if kind == 'rigid':
            score = 1.0 if all(Nc <= 2 for Nc in Nc_list) else 0.0
            objectives['rigid_rigid_score'] = float(score)
            summary['rigid_mean_Nc'] = float(np.mean(Nc_list[:4]))
        else:
            score = 1.0 if all(Nc > 10 for Nc in Nc_list) else 0.0
            objectives['fat_fat_score'] = float(score)
            summary['fat_mean_Nc'] = float(np.mean(Nc_list))
        summary[f'{kind}_Nc_sequence'] = Nc_list
    return {'success': True, 'summary': summary, 'ob
[validate] mode='probe_exec' success=True nobj=0 cf=True lab=False
metacog: 假设可能为换名归约 (trap=, target=VC-Dimension Capacity Bound**): [DIM: geometry] 假设约束函数族为低维多项式空间，其维数独立于约束样本数 w，则所需最小隐藏层宽度 N_c(w) 在 w 增大时保持常数（刚性） | predict: N_c(w) ≈ 
[exec-route] mode='explore' desc[:80]='Design and execute a numerical experiment to test the rigidity hypothesis for lo' obj_len=509 is_exp_desc=True is_exp_obj=True is_det_desc=False
[code-lab-author] raw_len=2015 extracted_len=2000 prompt_len=4434
[code-lab-run] res_none=False success=True nobj=2 reason=''
[validate] mode='code_lab' success=True nobj=2 cf=False lab=True
[exec-route] mode='explore' desc[:80]='Design an exploration to test whether N_c(w) follows logarithmic growth (as hypo' obj_len=509 is_exp_desc=True is_exp_obj=True is_det_desc=False
[code-lab-author] raw_len=4102 extracted_len=4087 prompt_len=4557
[code-lab-run] res_none=True success=None nobj=0 reason='执行异常: ValueError: matmul: Input operand 1 has a mismatch in its core dimension 0, with gufunc signature (n?,k),(k,m?)->(n?,m?) (size 3 is different from 10)'
[code-lab-author] raw_len=3325 extracted_len=3310 prompt_len=7553
[code-lab-run] res_none=True success=None nobj=0 reason='执行异常: ValueError: matmul: Input operand 1 has a mismatch in its core dimension 0, with gufunc signature (n?,k),(k,m?)->(n?,m?) (size 3 is different from 10)'
[code-lab-author] raw_len=4102 extracted_len=4087 prompt_len=7553
[code-lab-run] res_none=True success=None nobj=0 reason='执行异常: ValueError: matmul: Input operand 1 has a mismatch in its core dimension 0, with gufunc signature (n?,k),(k,m?)->(n?,m?) (size 3 is different from 10)'
[code-lab-author] raw_len=3950 extracted_len=3935 prompt_len=7553
[code-lab-run] res_none=True success=None nobj=0 reason='执行异常: ValueError: matmul: Input operand 1 has a mismatch in its core dimension 0, with gufunc signature (n?,k),(k,m?)->(n?,m?) (size 3 is different from 10)'
code_lab 沙箱执行经 4 轮修复仍未产出证据(不伪造): 执行异常: ValueError: matmul: Input operand 1 has a mismatch in its core dimension 0, with gufunc signature (n?,k),(k,m?)->(n?,m?) (size 3 is different from 10)
code_lab 最后一版书生代码:
import numpy as np

def family(kind, w, seed):
    rng = np.random.default_rng(seed)
    X = np.linspace(0.05, 0.95, w).reshape(-1, 1)
    Xv = np.linspace(0.02, 0.98, 200).reshape(-1, 1)
    if kind == 'rigid':
        coeffs = np.array([1.0, -2.0, 1.0])
        basis = poly_basis(X, 3)
        y = basis @ coeffs.reshape(-1, 1)
        basis_v = poly_basis(Xv, 3)
        yv = basis_v @ coeffs.reshape(-1, 1)
    else:
        coeffs = rng.standard_normal(10)
        basis = poly_basis(X, 10)
        y = basis @ coeffs.reshape(-1, 1)
        basis_v = poly_basis(Xv, 10)
        yv = basis_v @ coeffs.reshape(-1, 1)
    scale = np.std(poly_basis(np.linspace(0, 1, 1000), 10) @ coeffs)
    y = y / scale
    yv = yv / scale
    return {'X': X, 'y': y, 'Xv': Xv, 'yv': yv}

def mlp_fit(X, y, h, seeds=3):
    from scipy.optimize import minimize
    import torch
    import torch.nn as nn
    import torch.optim as optim
    class MLP(nn.Module):
        def __init__(self, in_h, h):
            super().__init__()
            self.net = nn.Sequential(nn.Linear(in_h, h), nn.Tanh(), nn.Linear(h, 1))
        def forward(self, x):
            return self.net(x)
    X_t = torch.FloatTensor(X)
    y_t = torch.FloatTensor(y)
    best_loss = np.inf
    best_state = None
    for seed in range(seeds):
        torch.manual_seed(seed)
        model = MLP(1, h)
        criterion = nn.MSELoss()
        optimizer = optim.LBFGS(model.parameters(), lr=1.0)
        for _ in range(500):
            def closure():
                optimizer.zero_grad()
                out = model(X_t)
                loss = criterion(out, y_t)
                loss.backward()
                return loss
            optimizer.step(closure)
        loss = criterion(model(X_t), y_t).item()
        if loss < best_loss:
            best_loss = loss
            best_state = model.state_dict()
    params = []
    for name, param in nn.ModuleDict({('net', nn.Sequential(nn.Linear(1, h), nn.Tanh(), nn.Linear(h, 1)))}).items():
[validate] mode='explore' success=None nobj=0 cf=False lab=False
plan_check failed (tier=light, scene=auto_networks, max_refines=1): The plan attempts to test a hypothesis about rank deficiency in the initial linear regime via Jacobian rank, but the provided hypothesis and its formal constraints (zero-violation, rigidity vs. fat) are not aligned with the Jacobian approach. The hypothesis specifically defines N_c(w) as the minimum width achieving zero-violation on held-out constraint points (a training/optimization result), while the plan computes the Jacobian rank at initialization (a static linear algebra property). The plan fails to address the 'rigidity' vs. 'fat' criterion defined in the hard constraints, which requires observing whether N_c remains bounded or fails to converge as w increases. Additionally, the plan does not specify how to handle non-linear activation functions (ReLU) which may bypass linear dependencies, contradicting the con in the hypothesis. The plan also lacks explicit training procedures, loss functions, and optimization details necessary to compute the 'zero-violation' metric.
[exec-route] mode='coder' desc[:80]='Create a Python script to analyze the initial linear regime of a neural network ' obj_len=509 is_exp_desc=True is_exp_obj=True is_det_desc=True
[code-lab-author] raw_len=2114 extracted_len=2099 prompt_len=4763
[code-lab-run] res_none=False success=True nobj=6 reason=''
error in _parse_verify_score: JSON parse failed, falling back to regex
Traceback (most recent call last):
  File "/workspace/agent/huginn/autoloop/engine_reflect.py", line 2467, in _parse_verify_score
    data = json.loads(resp.strip())
           ^^^^^^^^^^^^^^^^^^^^^^^^
  File "/usr/lib/python3.12/json/__init__.py", line 346, in loads
    return _default_decoder.decode(s)
           ^^^^^^^^^^^^^^^^^^^^^^^^^^
  File "/usr/lib/python3.12/json/decoder.py", line 337, in decode
    obj, end = self.raw_decode(s, idx=_w(s, 0).end())
               ^^^^^^^^^^^^^^^^^^^^^^^^^^^^^^^^^^^^^^
  File "/usr/lib/python3.12/json/decoder.py", line 355, in raw_decode
    raise JSONDecodeError("Expecting value", s, err.value) from None
json.decoder.JSONDecodeError: Expecting value: line 1 column 1 (char 0)
[validate] mode='code_lab' success=True nobj=6 cf=False lab=True
[exec-route] mode='explore' desc[:80]='Design and execute a numerical experiment to test the rigidity hypothesis: for a' obj_len=509 is_exp_desc=True is_exp_obj=True is_det_desc=False
[code-lab-author] raw_len=2059 extracted_len=2044 prompt_len=4157
[code-lab-run] res_none=True success=None nobj=0 reason='执行异常: ValueError: matmul: Input operand 1 has a mismatch in its core dimension 0, with gufunc signature (n?,k),(k,m?)->(n?,m?) (size 3 is different from 10)'
[code-lab-author] raw_len=2380 extracted_len=2365 prompt_len=6697
[code-lab-run] res_none=False success=True nobj=2 reason=''
[validate] mode='code_lab' success=True nobj=2 cf=False lab=True
[exec-route] mode='explore' desc[:80]='Design and execute a numerical scan over constraint counts w ∈ [10, 100] and net' obj_len=509 is_exp_desc=True is_exp_obj=True is_det_desc=True
[code-lab-author] raw_len=2168 extracted_len=2153 prompt_len=4163
[code-lab-run] res_none=False success=True nobj=3 reason=''
[validate] mode='code_lab' success=True nobj=3 cf=False lab=True
[exec-route] mode='explore' desc[:80]='[auto-routed: surprise=1.00] Design and implement a numerical experiment to test' obj_len=509 is_exp_desc=True is_exp_obj=True is_det_desc=True
[code-lab-author] raw_len=3905 extracted_len=3890 prompt_len=4224
[code-lab-run] res_none=False success=True nobj=1 reason=''
[validate] mode='code_lab' success=True nobj=1 cf=False lab=True
[exec-route] mode='explore' desc[:80]='Design and execute a systematic numerical experiment to test the hypothesis that' obj_len=509 is_exp_desc=True is_exp_obj=True is_det_desc=True
[code-lab-author] raw_len=1988 extracted_len=1973 prompt_len=4592
[code-lab-run] res_none=True success=None nobj=0 reason="执行异常: UnboundLocalError: cannot access local variable 'coeffs' where it is not associated with a value"
[code-lab-author] raw_len=1957 extracted_len=1942 prompt_len=7007
[code-lab-run] res_none=True success=None nobj=0 reason="执行异常: UnboundLocalError: cannot access local variable 'coeffs' where it is not associated with a value"
[code-lab-author] raw_len=2061 extracted_len=2046 prompt_len=6976
[code-lab-run] res_none=False success=True nobj=1 reason=''
[validate] mode='code_lab' success=True nobj=1 cf=False lab=True
[exec-route] mode='explore' desc[:80]='Design and execute a numerical experiment to test the hypothesis that minimal ne' obj_len=509 is_exp_desc=True is_exp_obj=True is_det_desc=True
[code-lab-author] raw_len=3423 extracted_len=3408 prompt_len=4763
[code-lab-run] res_none=False success=True nobj=2 reason=''
[validate] mode='code_lab' success=True nobj=2 cf=False lab=True
plan_check failed (tier=light, scene=auto_networks, max_refines=1): Plan is in 'explore' mode but requires 'coder' mode execution to generate numerical data. The description lacks specific implementation details (target function, constraint sampling, architecture specs, training procedure) that were identified as the exact cause of previous failures in this scenario. It essentially repeats the same high-level plan that was previously criticized for lacking concrete implementation details.
[exec-route] mode='explore' desc[:80]='[auto-routed: surprise=1.00] Generate and execute a numerical scan to test if sm' obj_len=509 is_exp_desc=True is_exp_obj=True is_det_desc=False
[code-lab-author] raw_len=3013 extracted_len=2998 prompt_len=4183
[code-lab-run] res_none=True success=None nobj=0 reason='执行异常: ValueError: matmul: Input operand 1 has a mismatch in its core dimension 0, with gufunc signature (n?,k),(k,m?)->(n?,m?) (size 3 is different from 10)'
[code-lab-author] raw_len=3013 extracted_len=2998 prompt_len=7179
[code-lab-run] res_none=True success=None nobj=0 reason='执行异常: ValueError: matmul: Input operand 1 has a mismatch in its core dimension 0, with gufunc signature (n?,k),(k,m?)->(n?,m?) (size 3 is different from 10)'
[code-lab-author] raw_len=3005 extracted_len=2990 prompt_len=7179
[code-lab-run] res_none=True success=None nobj=0 reason='执行异常: ValueError: matmul: Input operand 1 has a mismatch in its core dimension 0, with gufunc signature (n?,k),(k,m?)->(n?,m?) (size 3 is different from 10)'
[code-lab-author] raw_len=3046 extracted_len=3031 prompt_len=7179
[code-lab-run] res_none=True success=None nobj=0 reason='执行异常: ValueError: matmul: Input operand 1 has a mismatch in its core dimension 0, with gufunc signature (n?,k),(k,m?)->(n?,m?) (size 3 is different from 10)'
code_lab 沙箱执行经 4 轮修复仍未产出证据(不伪造): 执行异常: ValueError: matmul: Input operand 1 has a mismatch in its core dimension 0, with gufunc signature (n?,k),(k,m?)->(n?,m?) (size 3 is different from 10)
code_lab 最后一版书生代码:
import numpy as np

def mlp_fit(X, y, h, seeds=3):
    def forward(W, x):
        a1 = np.tanh(x @ W[0] + b[0])
        return a1 @ W[1] + b[1]
    def loss_func(params):
        W = [params[:h*2].reshape(h, 2), params[2*h:2*h+h].reshape(2, 1)]
        b = [params[2*h+h:2*h+2*h].reshape(h, 1), params[2*h+2*h:].reshape(1, 1)]
        pred = forward(W, X)
        return np.mean((pred - y) ** 2)
    best = None
    for _ in range(seeds):
        W0 = [np.random.randn(h, 2), np.random.randn(2, 1)]
        b0 = [np.random.randn(h, 1), np.random.randn(1, 1)]
        init = np.concatenate([W0[0].ravel(), W0[1].ravel(), b0[0].ravel(), b0[1].ravel()])
        from scipy.optimize import minimize
        res = minimize(loss_func, init, method='L-BFGS-B')
        if best is None or res.fun < best[0]:
            best = (res.fun, res.x)
    W = [best[1][:h*2].reshape(h, 2), best[1][h*2:2*h].reshape(2, 1)]
    b = [best[1][2*h:2+h].reshape(h, 1), best[1][2+h:2+h+1].reshape(1, 1)]
    return (W, b)

def mlp_predict(model, Xv):
    W, b = model
    a1 = np.tanh(Xv @ W[0] + b[0])
    return a1 @ W[1] + b[1]

def poly_basis(X, n):
    X = X.ravel()
    return np.array([X**i for i in range(n)]).T

def _as_2d(x):
    return x.reshape(-1, 1) if x.ndim == 1 else x

def family(kind, w, seed):
    rng = np.random.default_rng(seed)
    X = rng.uniform(0.05, 0.95, w).reshape(-1, 1)
    Xv = np.linspace(0.02, 0.98, 200).reshape(-1, 1)
    if kind == 'rigid':
        coeffs = np.array([1.0, -2.0, 1.0])
        y = poly_basis(X, 3) @ coeffs.reshape(-1, 1)
        yv = poly_basis(Xv, 3) @ coeffs.reshape(-1, 1)
    else:
        coeffs = rng.standard_normal(10)
        y = poly_basis(X, 10) @ coeffs.reshape(-1, 1)
        yv = poly_basis(Xv, 10) @ coeffs.reshape(-1, 1)
    scale = np.std(poly_basis(np.linspace(0, 1, 100), 10) @ coeffs)
    y /= scale; yv /= scale
    return {'X': X, 'y': y, 'Xv': Xv, 'yv': yv}

def run(cfg):
    seed = int(cfg.get('seed', 0))
    w_list = [5, 10, 20, 50, 100]
   
[validate] mode='explore' success=None nobj=0 cf=False lab=False
[exec-route] mode='coder' desc[:80]='Implement a Python script to perform a neural network capacity scan on two const' obj_len=509 is_exp_desc=True is_exp_obj=True is_det_desc=False
[code-lab-author] raw_len=2512 extracted_len=2497 prompt_len=4020
[code-lab-run] res_none=False success=True nobj=1 reason=''
[validate] mode='code_lab' success=True nobj=1 cf=False lab=True
metacog: 假设可能为换名归约 (trap=, target=Algebraic Rank Collapse): ** [DIM: structure] Algebraic Rank Constraint Hypothesis.
phase_gate advisory: plan→execute 缺证据 ['description'], 已放行 (非 checkpoint)
phase_gate advisory: plan→execute 缺证据 ['description'], 已放行 (非 checkpoint)
[exec-route] mode='explore' desc[:80]='' obj_len=509 is_exp_desc=False is_exp_obj=True is_det_desc=False
[code-lab-author] raw_len=2779 extracted_len=2764 prompt_len=3629
[code-lab-run] res_none=False success=True nobj=3 reason=''
[validate] mode='code_lab' success=True nobj=3 cf=False lab=True
[exec-route] mode='explore' desc[:80]='Design and execute a numerical experiment to test the hypothesis that the soluti' obj_len=509 is_exp_desc=True is_exp_obj=True is_det_desc=True
[code-lab-author] raw_len=3596 extracted_len=3583 prompt_len=4763
[code-lab-run] res_none=False success=True nobj=16 reason=''
[validate] mode='code_lab' success=True nobj=16 cf=False lab=True
[exec-route] mode='explore' desc[:80]='Design a numerical experiment to probe "解空间刚性" (solution space rigidity) using s' obj_len=509 is_exp_desc=True is_exp_obj=True is_det_desc=False
[code-lab-author] raw_len=1959 extracted_len=1944 prompt_len=4184
[code-lab-run] res_none=False success=True nobj=1 reason=''
[validate] mode='code_lab' success=True nobj=1 cf=False lab=True
metacog: 假设可能为换名归约 (trap=, target=Information-Theoretic Bottleneck): ** [DIM: measure] Stochastic Bottleneck Hypothesis.
phase_gate advisory: plan→execute 缺证据 ['description'], 已放行 (非 checkpoint)
phase_gate advisory: plan→execute 缺证据 ['description'], 已放行 (非 checkpoint)
[exec-route] mode='explore' desc[:80]='' obj_len=509 is_exp_desc=False is_exp_obj=True is_det_desc=False
[code-lab-author] raw_len=2086 extracted_len=2071 prompt_len=3623
[code-lab-run] res_none=True success=None nobj=0 reason='执行异常: ValueError: matmul: Input operand 1 has a mismatch in its core dimension 0, with gufunc signature (n?,k),(k,m?)->(n?,m?) (size 3 is different from 10)'
[code-lab-author] raw_len=2080 extracted_len=2065 prompt_len=6190
[code-lab-run] res_none=True success=None nobj=0 reason='执行异常: ValueError: matmul: Input operand 1 has a mismatch in its core dimension 0, with gufunc signature (n?,k),(k,m?)->(n?,m?) (size 3 is different from 10)'
[code-lab-author] raw_len=2080 extracted_len=2065 prompt_len=6184
[code-lab-run] res_none=True success=None nobj=0 reason='执行异常: ValueError: matmul: Input operand 1 has a mismatch in its core dimension 0, with gufunc signature (n?,k),(k,m?)->(n?,m?) (size 3 is different from 10)'
[code-lab-author] raw_len=2080 extracted_len=2065 prompt_len=6184
[code-lab-run] res_none=True success=None nobj=0 reason='执行异常: ValueError: matmul: Input operand 1 has a mismatch in its core dimension 0, with gufunc signature (n?,k),(k,m?)->(n?,m?) (size 3 is different from 10)'
code_lab 沙箱执行经 4 轮修复仍未产出证据(不伪造): 执行异常: ValueError: matmul: Input operand 1 has a mismatch in its core dimension 0, with gufunc signature (n?,k),(k,m?)->(n?,m?) (size 3 is different from 10)
code_lab 最后一版书生代码:
import numpy as np

def family(kind, w, seed):
    rng = np.random.default_rng(seed)
    X = np.linspace(0.05, 0.95, w).reshape(-1, 1)
    Xv = np.linspace(0.02, 0.98, 200).reshape(-1, 1)
    if kind == 'rigid':
        coeffs = np.array([1.0, -2.0, 1.0])
        y = poly_basis(X, 3) @ coeffs.reshape(-1, 1)
        yv = poly_basis(Xv, 3) @ coeffs.reshape(-1, 1)
    else:
        coeffs = rng.standard_normal(10)
        y = poly_basis(X, 10) @ coeffs.reshape(-1, 1)
        yv = poly_basis(Xv, 10) @ coeffs.reshape(-1, 1)
    scale = np.std(poly_basis(np.linspace(0, 1, 1000), 10) @ coeffs)
    y /= scale
    yv /= scale
    return {'X': X, 'y': y, 'Xv': Xv, 'yv': yv}

def run(cfg):
    seed = int(cfg.get('seed', 0))
    ws = [4, 8, 16, 32]
    hs = [4, 8, 16, 32]
    summary = {'rigid_Nc': [], 'fat_Nc': [], 'rigid_errors': [], 'fat_errors': []}
    objectives = {'score': 0.0}
    for kind in ['rigid', 'fat']:
        Nc_list = []
        err_list = []
        for w in ws:
            min_Nc = None
            w_errors = []
            for h in hs:
                data = family(kind, w, seed + w * 100 + h)
                X, y = data['X'], data['y']
                Xv, yv = data['Xv'], data['yv']
                model = mlp_fit(X, y, h, seeds=3)
                pred = mlp_predict(model, Xv)
                err = np.max(np.abs(pred - yv))
                w_errors.append(err)
                if err <= 1e-3:
                    if min_Nc is None or h < min_Nc:
                        min_Nc = h
            Nc_list.append(min_Nc if min_Nc is not None else 100)
            err_list.append(np.mean(w_errors))
        summary[f'{kind}_Nc'].append(Nc_list)
        summary[f'{kind}_errors'].append(err_list)
        rigid_Nc = summary['rigid_Nc']
        fat_Nc = summary['fat_Nc']
        if all(isinstance(n, (int, float)) and n < 50 for n in rigid_Nc):
            objectives['score'] += 1.0
        if all(n == 100 for n in fat_Nc):
            objectives['score'] += 1.0
    retur
[validate] mode='explore' success=None nobj=0 cf=False lab=False
metacog: 假设可能为换名归约 (trap=, target=The rigid family constraints are algebraically dependent, forming a variety of dimension $d \ll w$, so the minimal network width $N_c$ depends only on $d$ and is constant in $w$. The fat family constraints are algebraically independent, so $N_c(w)$ scales linearly with $w$ as each constraint adds a ...): [DIM: computation] The minimal network width $N_c(w)$ required to achieve zero violation scales as $
[exec-route] mode='explore' desc[:80]='Design a controlled numerical experiment to test the scaling of minimal network ' obj_len=509 is_exp_desc=True is_exp_obj=True is_det_desc=False
[code-lab-author] raw_len=1880 extracted_len=1865 prompt_len=4732
[code-lab-run] res_none=True success=None nobj=0 reason='执行异常: ValueError: matmul: Input operand 1 has a mismatch in its core dimension 0, with gufunc signature (n?,k),(k,m?)->(n?,m?) (size 3 is different from 10)'
[code-lab-author] raw_len=1880 extracted_len=1865 prompt_len=7093
[code-lab-run] res_none=True success=None nobj=0 reason='执行异常: ValueError: matmul: Input operand 1 has a mismatch in its core dimension 0, with gufunc signature (n?,k),(k,m?)->(n?,m?) (size 3 is different from 10)'
[code-lab-author] raw_len=1880 extracted_len=1865 prompt_len=7093
[code-lab-run] res_none=True success=None nobj=0 reason='执行异常: ValueError: matmul: Input operand 1 has a mismatch in its core dimension 0, with gufunc signature (n?,k),(k,m?)->(n?,m?) (size 3 is different from 10)'
[code-lab-author] raw_len=1880 extracted_len=1865 prompt_len=7093
[code-lab-run] res_none=True success=None nobj=0 reason='执行异常: ValueError: matmul: Input operand 1 has a mismatch in its core dimension 0, with gufunc signature (n?,k),(k,m?)->(n?,m?) (size 3 is different from 10)'
code_lab 沙箱执行经 4 轮修复仍未产出证据(不伪造): 执行异常: ValueError: matmul: Input operand 1 has a mismatch in its core dimension 0, with gufunc signature (n?,k),(k,m?)->(n?,m?) (size 3 is different from 10)
code_lab 最后一版书生代码:
import numpy as np

def family(kind, w, seed):
    rng = np.random.default_rng(seed)
    X = np.linspace(0.05, 0.95, w).reshape(-1, 1)
    Xv = np.linspace(0.02, 0.98, 200).reshape(-1, 1)
    if kind == 'rigid':
        coeffs = np.array([1.0, 2.0, 0.5])
        y = poly_basis(X, 3) @ coeffs.reshape(-1, 1)
        yv = poly_basis(Xv, 3) @ coeffs.reshape(-1, 1)
    else:
        coeffs = rng.standard_normal(10)
        y = poly_basis(X, 10) @ coeffs.reshape(-1, 1)
        yv = poly_basis(Xv, 10) @ coeffs.reshape(-1, 1)
    scale = np.std(poly_basis(np.linspace(0, 1, 100), 10) @ coeffs)
    y /= scale
    yv /= scale
    return {'X': X, 'y': y, 'Xv': Xv, 'yv': yv}

def run(cfg):
    seed = int(cfg.get('seed', 0))
    ws = [4, 8, 16, 32]
    hs = [4, 8, 16, 32, 64, 128]
    summary = {'rigid': {}, 'fat': {}}
    objectives = {'rigid_Nc': [], 'fat_Nc': []}
    for kind in ['rigid', 'fat']:
        summary[kind] = {}
        for w in ws:
            summary[kind][w] = {'Nc': None, 'errors': []}
            for h in hs:
                data = family(kind, w, seed + w * 100 + h)
                X, y = data['X'], data['y']
                Xv, yv = data['Xv'], data['yv']
                model = mlp_fit(X, y, h, seeds=3)
                yp = mlp_predict(model, Xv)
                err = np.max(np.abs(yp - yv))
                summary[kind][w]['errors'].append((h, err))
                if err <= 1e-3 and summary[kind][w]['Nc'] is None:
                    summary[kind][w]['Nc'] = h
            nc = summary[kind][w]['Nc'] if summary[kind][w]['Nc'] is not None else 128
            summary[kind][w]['Nc'] = float(nc)
            if kind == 'rigid':
                objectives['rigid_Nc'].append(float(nc))
            else:
                objectives['fat_Nc'].append(float(nc))
    return {'success': True, 'summary': summary, 'objectives': objectives}
[validate] mode='explore' success=None nobj=0 cf=False lab=False
[exec-route] mode='coder' desc[:80]='Create a Python script to conduct the numerical experiment on small feedforward ' obj_len=509 is_exp_desc=True is_exp_obj=True is_det_desc=True
[code-lab-author] raw_len=2644 extracted_len=2629 prompt_len=4145
[code-lab-run] res_none=False success=True nobj=3 reason=''
[validate] mode='code_lab' success=True nobj=3 cf=False lab=True
GoalJudge JSON parse failed, falling back to rules
╭─────────────────────────────────── Result ───────────────────────────────────╮
│ Loop Complete                                                                │
│ Run ID: loop_dd113aef                                                        │
│ Success: Yes                                                                 │
│ Total time: 3604.0s                                                          │
│ Report:                                                                      │
│ /workspace/research_outputs/shusheng_rsi_run55/huginn_autoloop_report_loop_2 │
│ b11bb92.md                                                                   │
│ Snapshot:                                                                    │
│ /workspace/research_outputs/shusheng_rsi_run55/.huginn/autoloop_results/2cd7 │
│ 028e.json                                                                    │
╰──────────────────────────────────────────────────────────────────────────────╯

Phase Summary:
  completed    hypothesize     (93.9s)
  completed    plan            (5.3s)
  completed    execute         (21.5s)
  completed    validate        (8.5s)
  completed    hypothesize     (42.9s)
  completed    plan            (2.5s)
  completed    execute         (34.0s)
  completed    validate        (8.0s)
  completed    hypothesize     (54.6s)
  completed    plan            (6.3s)
  completed    execute         (341.7s)
  completed    validate        (8.6s)
  completed    hypothesize     (46.5s)
  completed    plan            (5.0s)
  completed    execute         (14.7s)
  completed    validate        (8.9s)
  completed    learn           (4.5s)
  completed    hypothesize     (65.1s)
  completed    plan            (5.7s)
  completed    execute         (12.6s)
  completed    validate        (7.7s)
  completed    learn           (3.4s)
  completed    hypothesize     (16.6s)
  completed    plan            (5.9s)
  completed    execute         (41.2s)
  completed    validate        (9.3s)
  completed    learn           (3.0s)
  completed    hypothesize     (18.6s)
  completed    plan            (5.7s)
  completed    execute         (80.4s)
  completed    validate        (9.2s)
  completed    learn           (5.6s)
  completed    hypothesize     (66.9s)
  completed    plan            (5.3s)
  completed    execute         (13.3s)
  completed    validate        (9.9s)
  completed    learn           (4.5s)
  completed    hypothesize     (13.5s)
  completed    plan            (3.7s)
  completed    execute         (18.1s)
  completed    validate        (9.0s)
  completed    learn           (4.0s)
  completed    hypothesize     (14.6s)
  completed    plan            (5.5s)
  completed    execute         (28.6s)
  completed    validate        (7.5s)
  completed    hypothesize     (11.1s)
  completed    plan            (6.1s)
  completed    execute         (18.8s)
  completed    validate        (7.7s)
  completed    learn           (5.0s)
  completed    hypothesize     (11.9s)
  completed    plan            (5.5s)
  completed    execute         (42.2s)
  completed    validate        (7.9s)
  completed    hypothesize     (10.7s)
  completed    plan            (13.6s)
  completed    execute         (11.0s)
  completed    validate        (3.8s)
  completed    learn           (4.5s)
  completed    hypothesize     (19.8s)
  completed    plan            (5.5s)
  completed    execute         (45.8s)
  completed    validate        (8.6s)
  completed    learn           (6.3s)
  completed    hypothesize     (21.7s)
  completed    plan            (6.1s)
  completed    execute         (545.8s)
  completed    validate        (10.3s)
  completed    learn           (4.0s)
  completed    hypothesize     (59.5s)
  completed    plan            (6.5s)
  completed    execute         (20.8s)
  completed    validate        (8.8s)
  completed    learn           (4.0s)
  completed    hypothesize     (19.8s)
  completed    plan            (8.8s)
  completed    execute         (129.4s)
  completed    validate        (10.3s)
  completed    learn           (5.0s)
  completed    hypothesize     (57.5s)
  completed    plan            (6.5s)
  completed    execute         (14.3s)
  completed    validate        (9.4s)
  completed    learn           (4.4s)
  completed    hypothesize     (40.3s)
  completed    plan            (11.4s)
  completed    execute         (39.1s)
  completed    validate        (7.2s)
  completed    hypothesize     (12.1s)
  completed    plan            (5.1s)
  completed    execute         (52.5s)
  completed    validate        (9.2s)
  completed    learn           (5.0s)
  completed    hypothesize     (17.9s)
  completed    plan            (4.8s)
  completed    execute         (18.2s)
  completed    validate        (9.2s)
  completed    learn           (4.1s)
  completed    hypothesize     (20.3s)
  completed    plan            (6.1s)
  completed    execute         (31.9s)
  completed    validate        (7.6s)
  completed    learn           (4.6s)
  completed    hypothesize     (66.1s)
  completed    plan            (6.3s)
  completed    execute         (7.8s)
  completed    validate        (7.9s)
  completed    learn           (3.2s)
  completed    hypothesize     (25.9s)
  completed    plan            (3.8s)
  completed    execute         (26.3s)
  completed    validate        (7.5s)
  completed    hypothesize     (86.3s)
  completed    plan            (5.3s)
  completed    execute         (23.8s)
  completed    validate        (8.2s)
  completed    hypothesize     (68.5s)
  completed    plan            (5.2s)
  completed    execute         (10.1s)
  completed    validate        (9.3s)
  completed    learn           (4.2s)
  completed    report          (10.0s)
⠏ Running autonomous loop...
