<frozen runpy>:130: RuntimeWarning: 'huginn.cli.main' found in sys.modules after import of package 'huginn.cli', but prior to execution of 'huginn.cli.main'; this may result in unpredictable behaviour
Tool huginn.tools.vasp_tool registered but its deps are missing — capability degraded: pymatgen
Tool huginn.tools.sim.packing_tool registered but its deps are missing — capability degraded: ase, matplotlib, rdkit
Tool huginn.tools.sim.plasma_tool registered but its deps are missing — capability degraded: sklearn
Tool huginn.tools.sim.transolver_tool registered but its deps are missing — capability degraded: torch
Tool huginn.tools.vina_tool registered but its deps are missing — capability degraded: rdkit, vina
Tool huginn.tools.openmm_tool registered but its deps are missing — capability degraded: openmm
Tool huginn.tools.sci.symbolic_regression_tool registered but its deps are missing — capability degraded: model, torch
Tool huginn.tools.dynamics_discovery_tool registered but its deps are missing — capability degraded: sklearn
Tool huginn.tools.sci.interpretable_ml_tool registered but its deps are missing — capability degraded: gpytorch, torch
Tool huginn.tools.sci.sklearn_tool registered but its deps are missing — capability degraded: sklearn
Tool huginn.tools.sci.vae_tool registered but its deps are missing — capability degraded: torch
Tool huginn.tools.sci.autodiff_tool registered but its deps are missing — capability degraded: jax
Tool huginn.tools.numerical_tool registered but its deps are missing — capability degraded: cvxpy, pulp
Tool huginn.tools.sci.symmetry_tool registered but its deps are missing — capability degraded: pymatgen, spglib
Tool huginn.tools.sci.tda_tool registered but its deps are missing — capability degraded: gudhi, ripser
Tool huginn.tools.sci.uq_tool registered but its deps are missing — capability degraded: chaospy
Tool huginn.tools.gp_tool registered but its deps are missing — capability degraded: sklearn
Tool huginn.tools.sci.gnn_tool registered but its deps are missing — capability degraded: sklearn, torch, torch_geometric
Tool huginn.tools.sci.stat_tests_tool registered but its deps are missing — capability degraded: statsmodels
Tool huginn.tools.sci.descriptor_tool registered but its deps are missing — capability degraded: ase, dscribe, matminer, pymatgen
Tool huginn.tools.rdkit_tool registered but its deps are missing — capability degraded: rdkit
Tool huginn.tools.sci.active_learning_tool registered but its deps are missing — capability degraded: pandas
Tool huginn.tools.sci.ml_potential_tool registered but its deps are missing — capability degraded: ase, chgnet, fairchem, mace, pynep
Tool huginn.tools.sci.xrd_sim_tool registered but its deps are missing — capability degraded: pymatgen
Tool huginn.tools.design.doe_tool registered but its deps are missing — capability degraded: statsmodels
Tool huginn.tools.vision_describe_tool registered but its deps are missing — capability degraded: PIL, easyocr, paddleocr, pytesseract, torch
Tool huginn.tools.vision_locate_tool registered but its deps are missing — capability degraded: PIL
Tool huginn.tools.characterization_tool registered but its deps are missing — capability degraded: PIL
Tool huginn.tools.model3d_tool registered but its deps are missing — capability degraded: pymatgen, trimesh
Tool huginn.tools.browser_tool registered but its deps are missing — capability degraded: playwright, selenium
Tool huginn.tools.materials_database_tool registered but its deps are missing — capability degraded: ase, pymatgen
Tool huginn.tools.experimental_data_tool registered but its deps are missing — capability degraded: PIL
Tool huginn.tools.thermo_tool registered but its deps are missing — capability degraded: pymatgen, thermo
Tool huginn.tools.bench_infra.plot_tool registered but its deps are missing — capability degraded: matplotlib
Tool huginn.tools.bench_infra.matrix_tool registered but its deps are missing — capability degraded: torch
Tool huginn.tools.bench_infra.c2st_tool registered but its deps are missing — capability degraded: sklearn
strict_work_dir=True but allowed_work_dirs empty — path scoping inactive. Set allowed_work_dirs or HUGINN_WORKSPACE to enable.
Long-horizon goal: goal_164a0049
  wall-clock budget: 3600s, iteration cap: 30
╭────────────────────────────────── Starting ──────────────────────────────────╮
│ Autoloop                                                                     │
│ Objective: 【研究命题·纯机器学习/数学】                                      │
│                                                                              │
│ 解空间刚性 = 满足全部解析约束的函数集合的维数：低维/唯一 = 刚，高维/连续族 = │
│ 胖。                                                                         │
│                                                                              │
│ 核心问题：小型前馈网络的“泛化行为”能否作为 bootstrap 解空间刚性的探针？      │
│ 令 w = 约束样本数，N_c(w) =                                                  │
│ 在未参与训练的留出约束点上取得“零违规”所需的最小网络容量（用隐藏层宽度度量） │
│ 。                                                                           │
│                                                                              │
│ 【唯一硬性口径（不可更改，其余全由你决定）】                                 │
│ - 零违规 = 留出约束点上的最大绝对误差 ≤ 1e-3。                               │
│ - 刚性 = 扫描范围内存在较小的有限 N_c（且 N_c 不随 w 增长）；胖 =            │
│ 扫描上限内任何宽度都达不到零违规（N_c 不可达）。判别是二值的。               │
│ - 所有报告数值必须是有限数（禁止 inf/nan/None）。                            │
│ -                                                                            │
│ 研究对象只能是小型前馈网络本身。严禁把本命题替换或“换名归约”为材料/化学/玻璃 │
│ /合金/离子导电等任何物理体系，也不要用别的领域类比回答。                     │
│                                                                              │
│ 【实验的族、样本、扫描、脚本如何设计，以及如何证明“刚性可达”，由你自己决定并 │
│ 给出理由。】                                                                 │
│                                                                              │
│ 所有结论必须来自真实运行的可复现数值实验：给出扫描设置、训练与留出误差数值、 │
│ 以及 N_c(w) 的数值与趋势。                                                   │
│ Max iterations: 30                                                           │
╰──────────────────────────────────────────────────────────────────────────────╯
[cache-debug] model=Intern-S2-Preview-35B stats_keys=['model_provider', 'finish_reason', 'model_name']
empty required_results for target_1 — fallback
metacog: 假设可能为换名归约 (trap=, target=将'解空间刚性'这一几何/代数性质，通过'约束雅可比矩阵的秩'和'损失景观的几何'进行了术语替换，本质上是用优化理论的语言重述了解空间维度的定义，未引入新的可计算机制或实验路径。): [DIM: optimization] The minimal network width $N_c(w)$ required to achieve zero violation on held-ou
plan_check failed (tier=medium, scene=workflow, max_refines=1): The plan is invalid because it proposes testing a hypothesis about 'rigid' and 'fat' families defined by linear system rank (A x = b), but uses a 2-layer MLP with ReLU activation. This creates a fundamental mismatch: a 2-layer MLP is a universal approximator that can fit any finite set of points (including underdetermined systems) given sufficient width. Therefore, even for 'fat' families (rank-deficient A), the network will likely find a solution within the swept width range [10, 500], failing to demonstrate divergence as predicted. The hypothesis concerns the geometry of the constraint manifold in function space, but the proposed experiment uses a model class that bypasses this geometry via its own capacity. Additionally, the plan does not account for the fact that 'zero violation' on held-out constraints for a linear system with infinite solutions is trivially achievable by any network that fits the training set, making the test meaningless for the intended hypothesis.
[exec-route] mode='coder' desc[:80]='Implement a numerical experiment in Python to test the hypothesis that $N_c(w)$ ' obj_len=509 is_exp_desc=True is_exp_obj=True is_det_desc=False
[code-lab-author] raw_len=911 extracted_len=896 prompt_len=3149
[code-lab-run] res_none=True success=None nobj=0 reason="执行异常: ValueError: rigid w=5: 标签无方差(近常数) —— 这不是有效约束族, 无法支撑'刚性/胖'的容量判别. 请把你的 family 实现为真正的解析约束族(rigid=低维唯一确定族, fat=高维连续族), 两族须有区分度."
[code-lab-author] raw_len=8138 extracted_len=8123 prompt_len=4528
[code-lab-run] res_none=False success=True nobj=36 reason=''
[validate] mode='code_lab' success=True nobj=36 cf=False lab=True
metacog: 假设可能为换名归约 (trap=, target=将'泛化行为作为刚性探针'的问题，通过假设线性子空间结构，等价重述为'网络容量是否足以张成该子空间'的代数问题。): [DIM: structure] The constraint system defines a linear subspace of dimension d = n - w, and a two-l
[exec-route] mode='explore' desc[:80]='[auto-routed: surprise=1.00] Create a Python script that implements the numerica' obj_len=509 is_exp_desc=True is_exp_obj=True is_det_desc=True
[code-lab-author] raw_len=841 extracted_len=826 prompt_len=3149
[code-lab-run] res_none=False success=True nobj=36 reason=''
[validate] mode='code_lab' success=True nobj=36 cf=False lab=True
metacog: 假设可能为换名归约 (trap=, target=胖解空间（Flexible Solution Space）): [DIM: measure] The minimal width $N_c(w)$ for zero violation follows a heavy-tailed distribution acr
renamed-reduction 3× consecutive: trigger counterexample hunt
[exec-route] mode='explore' desc[:80]='[auto-routed: surprise=1.00] Conduct a systematic numerical experiment to test t' obj_len=509 is_exp_desc=True is_exp_obj=True is_det_desc=True
[code-lab-author] raw_len=968 extracted_len=953 prompt_len=3149
[code-lab-run] res_none=True success=None nobj=0 reason="执行异常: UnboundLocalError: cannot access local variable 'n' where it is not associated with a value"
[code-lab-author] raw_len=1045 extracted_len=1030 prompt_len=4553
[code-lab-run] res_none=False success=True nobj=36 reason=''
