<frozen runpy>:128: RuntimeWarning: 'huginn.cli.main' found in sys.modules after import of package 'huginn.cli', but prior to execution of 'huginn.cli.main'; this may result in unpredictable behaviour
Tool huginn.tools.vasp_tool registered but its deps are missing — capability degraded: pymatgen
Tool huginn.tools.sim.packing_tool registered but its deps are missing — capability degraded: ase, matplotlib, rdkit
Tool huginn.tools.sim.plasma_tool registered but its deps are missing — capability degraded: sklearn
Tool huginn.tools.sim.transolver_tool registered but its deps are missing — capability degraded: torch
Tool huginn.tools.vina_tool registered but its deps are missing — capability degraded: rdkit, vina
Tool huginn.tools.openmm_tool registered but its deps are missing — capability degraded: openmm
Tool huginn.tools.sci.symbolic_regression_tool registered but its deps are missing — capability degraded: model, torch
Tool huginn.tools.dynamics_discovery_tool registered but its deps are missing — capability degraded: sklearn
Tool huginn.tools.sci.interpretable_ml_tool registered but its deps are missing — capability degraded: gpytorch, torch
Tool huginn.tools.sci.sklearn_tool registered but its deps are missing — capability degraded: sklearn
Tool huginn.tools.sci.vae_tool registered but its deps are missing — capability degraded: torch
Tool huginn.tools.sci.autodiff_tool registered but its deps are missing — capability degraded: jax
Tool huginn.tools.numerical_tool registered but its deps are missing — capability degraded: cvxpy, pulp
Tool huginn.tools.sci.symmetry_tool registered but its deps are missing — capability degraded: pymatgen, spglib
Tool huginn.tools.sci.tda_tool registered but its deps are missing — capability degraded: gudhi, ripser
Tool huginn.tools.sci.uq_tool registered but its deps are missing — capability degraded: chaospy
Tool huginn.tools.gp_tool registered but its deps are missing — capability degraded: sklearn
Tool huginn.tools.sci.gnn_tool registered but its deps are missing — capability degraded: sklearn, torch, torch_geometric
Tool huginn.tools.sci.stat_tests_tool registered but its deps are missing — capability degraded: statsmodels
Tool huginn.tools.sci.descriptor_tool registered but its deps are missing — capability degraded: ase, dscribe, matminer, pymatgen
Tool huginn.tools.rdkit_tool registered but its deps are missing — capability degraded: rdkit
Tool huginn.tools.sci.active_learning_tool registered but its deps are missing — capability degraded: pandas
Tool huginn.tools.sci.ml_potential_tool registered but its deps are missing — capability degraded: ase, chgnet, fairchem, mace, pynep
Tool huginn.tools.sci.xrd_sim_tool registered but its deps are missing — capability degraded: pymatgen
Tool huginn.tools.design.doe_tool registered but its deps are missing — capability degraded: statsmodels
Tool huginn.tools.vision_describe_tool registered but its deps are missing — capability degraded: easyocr, paddleocr, pytesseract, torch
Tool huginn.tools.model3d_tool registered but its deps are missing — capability degraded: pymatgen, trimesh
Tool huginn.tools.browser_tool registered but its deps are missing — capability degraded: playwright, selenium
Tool huginn.tools.materials_database_tool registered but its deps are missing — capability degraded: ase, pymatgen
Tool huginn.tools.thermo_tool registered but its deps are missing — capability degraded: pymatgen, thermo
Tool huginn.tools.bench_infra.plot_tool registered but its deps are missing — capability degraded: matplotlib
Tool huginn.tools.bench_infra.matrix_tool registered but its deps are missing — capability degraded: torch
Tool huginn.tools.bench_infra.c2st_tool registered but its deps are missing — capability degraded: sklearn
strict_work_dir=True but allowed_work_dirs empty — path scoping inactive. Set allowed_work_dirs or HUGINN_WORKSPACE to enable.
Long-horizon goal: goal_9b2c9a0d
  wall-clock budget: 3600s, iteration cap: 60
╭────────────────────────────────── Starting ──────────────────────────────────╮
│ Autoloop                                                                     │
│ Objective: 【研究命题·纯机器学习/数学】                                      │
│                                                                              │
│ 解空间刚性 = 满足全部解析约束的函数集合的维数：低维/唯一 = 刚，高维/连续族 = │
│ 胖。                                                                         │
│                                                                              │
│ 核心问题：小型前馈网络的“泛化行为”能否作为 bootstrap 解空间刚性的探针？      │
│ 令 w = 约束样本数，N_c(w) =                                                  │
│ 在未参与训练的留出约束点上取得“零违规”所需的最小网络容量（用隐藏层宽度度量） │
│ 。                                                                           │
│                                                                              │
│ 【唯一硬性口径（不可更改，其余全由你决定）】                                 │
│ - 零违规 = 留出约束点上的最大绝对误差 ≤ 1e-3。                               │
│ - 刚性 = 扫描范围内存在较小的有限 N_c（且 N_c 不随 w 增长）；胖 =            │
│ 扫描上限内任何宽度都达不到零违规（N_c 不可达）。判别是二值的。               │
│ - 所有报告数值必须是有限数（禁止 inf/nan/None）。                            │
│ -                                                                            │
│ 研究对象只能是小型前馈网络本身。严禁把本命题替换或“换名归约”为材料/化学/玻璃 │
│ /合金/离子导电等任何物理体系，也不要用别的领域类比回答。                     │
│                                                                              │
│ 【实验的族、样本、扫描、脚本如何设计，以及如何证明“刚性可达”，由你自己决定并 │
│ 给出理由。】                                                                 │
│                                                                              │
│ 所有结论必须来自真实运行的可复现数值实验：给出扫描设置、训练与留出误差数值、 │
│ 以及 N_c(w) 的数值与趋势。                                                   │
│ Max iterations: 60                                                           │
╰──────────────────────────────────────────────────────────────────────────────╯
[cache-debug] model=Intern-S2-Preview-35B stats_keys=['model_provider', 'finish_reason', 'model_name']
[exec-route] mode='skill' desc[:80]='Execute a small-scale MLP capacity scan using PyTorch to test whether the functi' obj_len=509 is_exp_desc=True is_exp_obj=True is_det_desc=False
[code-lab-author] raw_len=2199 extracted_len=2184 prompt_len=4168
[code-lab-run] res_none=False success=True nobj=1 reason=''
[validate] mode='code_lab' success=True nobj=1 cf=False lab=True
[FINALLY-REFLECT] tool_results_this_turn=0
[exec-route] mode='explore' desc[:80]='Re-examine the hypothesis with a more challenging constraint function family (e.' obj_len=509 is_exp_desc=True is_exp_obj=True is_det_desc=False
[code-lab-author] raw_len=3604 extracted_len=3589 prompt_len=4110
[code-lab-run] res_none=False success=True nobj=1 reason=''
[validate] mode='code_lab' success=True nobj=1 cf=False lab=True
control_trace name=collab_blind_reconstruct iteration=9 evidence=skip: node status=refuted action=skip
plan_check failed (tier=medium, scene=other, max_refines=1): The plan is invalid because it attempts to execute a custom neural network training experiment without first establishing the necessary code execution tool. The ToolCallRouter previously failed this exact scenario because no pre-existing tool handles 'small feedforward network training'. The plan description assumes the implementation exists ('Implement a modular... framework') but provides no code generation step. According to the workflow rules, a heavy tool/call cannot be executed without a lightweight path or prior coding step. The plan must first include a 'coder' phase to write the PyTorch script before it can be executed.
[exec-route] mode='explore' desc[:80]='[auto-routed: surprise=1.00] Implement a modular neural network training framewo' obj_len=509 is_exp_desc=True is_exp_obj=True is_det_desc=False
[code-lab-author] raw_len=3944 extracted_len=3929 prompt_len=4607
[code-lab-run] res_none=True success=None nobj=0 reason='执行异常: ValueError: matmul: Input operand 1 has a mismatch in its core dimension 0, with gufunc signature (n?,k),(k,m?)->(n?,m?) (size 3 is different from 10)'
[code-lab-author] raw_len=3682 extracted_len=3667 prompt_len=7603
[code-lab-run] res_none=True success=None nobj=0 reason='执行异常: ValueError: matmul: Input operand 1 has a mismatch in its core dimension 0, with gufunc signature (n?,k),(k,m?)->(n?,m?) (size 3 is different from 10)'
[code-lab-author] raw_len=3947 extracted_len=3932 prompt_len=7603
[code-lab-run] res_none=True success=None nobj=0 reason='执行异常: ValueError: matmul: Input operand 1 has a mismatch in its core dimension 0, with gufunc signature (n?,k),(k,m?)->(n?,m?) (size 3 is different from 10)'
[code-lab-author] raw_len=4044 extracted_len=4029 prompt_len=7603
[code-lab-run] res_none=True success=None nobj=0 reason='执行异常: ValueError: matmul: Input operand 1 has a mismatch in its core dimension 0, with gufunc signature (n?,k),(k,m?)->(n?,m?) (size 3 is different from 10)'
code_lab 沙箱执行经 4 轮修复仍未产出证据(不伪造): 执行异常: ValueError: matmul: Input operand 1 has a mismatch in its core dimension 0, with gufunc signature (n?,k),(k,m?)->(n?,m?) (size 3 is different from 10)
code_lab 最后一版书生代码:
import numpy as np

def family(kind, w, seed):
    rng = np.random.default_rng(seed)
    X = np.linspace(0.05, 0.95, w).reshape(-1, 1)
    Xv = np.linspace(0.02, 0.98, 200).reshape(-1, 1)
    if kind == 'rigid':
        coeffs = np.array([1.0, -2.0, 1.0])
        y = poly_basis(X, 3) @ coeffs.reshape(-1, 1)
        yv = poly_basis(Xv, 3) @ coeffs.reshape(-1, 1)
    else:
        coeffs = rng.standard_normal(10)
        y = poly_basis(X, 10) @ coeffs.reshape(-1, 1)
        yv = poly_basis(Xv, 10) @ coeffs.reshape(-1, 1)
    scale = np.std(poly_basis(np.linspace(0, 1, 1000), 10) @ coeffs.reshape(-1, 1))
    y /= scale
    yv /= scale
    return {'X': X, 'y': y, 'Xv': Xv, 'yv': yv}

def poly_basis(X, n):
    X = X.flatten()
    return np.array([X**i for i in range(n)]).T

def _as_2d(x):
    return x.reshape(-1, 1) if x.ndim == 1 else x

def mlp_fit(X, y, h, seeds=3):
    import torch
    import torch.nn as nn
    import torch.optim as optim
    X_ = X.flatten().numpy()
    y_ = y.flatten().numpy()
    class Model(nn.Module):
        def __init__(self):
            super().__init__()
            self.l1 = nn.Linear(1, h)
            self.l2 = nn.Linear(h, 1)
        def forward(self, x):
            return torch.tanh(self.l1(torch.tanh(self.l1(x)))).squeeze()
    best = None
    best_err = float('inf')
    for seed in range(seeds):
        torch.manual_seed(seed + 12345)
        model = Model()
        criterion = nn.MSELoss()
        optimizer = optim.LBFGS(model.parameters(), lr=1.0)
        for step in range(500):
            def closure():
                optimizer.zero_grad()
                out = model(torch.tensor(X_, dtype=torch.float32).view(-1, 1))
                loss = criterion(out, torch.tensor(y_, dtype=torch.float32).view(-1, 1))
                loss.backward()
                return loss
            optimizer.step(closure)
        with torch.no_grad():
            pred = model(torch.tensor(X_, dtype=torch.float32).view(-1, 1)).numpy().flatten()
        
