<frozen runpy>:130: RuntimeWarning: 'huginn.cli.main' found in sys.modules after import of package 'huginn.cli', but prior to execution of 'huginn.cli.main'; this may result in unpredictable behaviour
Tool huginn.tools.vasp_tool registered but its deps are missing — capability degraded: pymatgen
Tool huginn.tools.sim.packing_tool registered but its deps are missing — capability degraded: ase, matplotlib, rdkit
Tool huginn.tools.sim.plasma_tool registered but its deps are missing — capability degraded: sklearn
Tool huginn.tools.sim.transolver_tool registered but its deps are missing — capability degraded: torch
Tool huginn.tools.vina_tool registered but its deps are missing — capability degraded: rdkit, vina
Tool huginn.tools.openmm_tool registered but its deps are missing — capability degraded: openmm
Tool huginn.tools.sci.symbolic_regression_tool registered but its deps are missing — capability degraded: model, torch
Tool huginn.tools.dynamics_discovery_tool registered but its deps are missing — capability degraded: sklearn
Tool huginn.tools.sci.interpretable_ml_tool registered but its deps are missing — capability degraded: gpytorch, torch
Tool huginn.tools.sci.sklearn_tool registered but its deps are missing — capability degraded: sklearn
Tool huginn.tools.sci.vae_tool registered but its deps are missing — capability degraded: torch
Tool huginn.tools.sci.autodiff_tool registered but its deps are missing — capability degraded: jax
Tool huginn.tools.numerical_tool registered but its deps are missing — capability degraded: cvxpy, pulp
Tool huginn.tools.sci.symmetry_tool registered but its deps are missing — capability degraded: pymatgen, spglib
Tool huginn.tools.sci.tda_tool registered but its deps are missing — capability degraded: gudhi, ripser
Tool huginn.tools.sci.uq_tool registered but its deps are missing — capability degraded: chaospy
Tool huginn.tools.gp_tool registered but its deps are missing — capability degraded: sklearn
Tool huginn.tools.sci.gnn_tool registered but its deps are missing — capability degraded: sklearn, torch, torch_geometric
Tool huginn.tools.sci.stat_tests_tool registered but its deps are missing — capability degraded: statsmodels
Tool huginn.tools.sci.descriptor_tool registered but its deps are missing — capability degraded: ase, dscribe, matminer, pymatgen
Tool huginn.tools.rdkit_tool registered but its deps are missing — capability degraded: rdkit
Tool huginn.tools.sci.active_learning_tool registered but its deps are missing — capability degraded: pandas
Tool huginn.tools.sci.ml_potential_tool registered but its deps are missing — capability degraded: ase, chgnet, fairchem, mace, pynep
Tool huginn.tools.sci.xrd_sim_tool registered but its deps are missing — capability degraded: pymatgen
Tool huginn.tools.design.doe_tool registered but its deps are missing — capability degraded: statsmodels
Tool huginn.tools.vision_describe_tool registered but its deps are missing — capability degraded: PIL, easyocr, paddleocr, pytesseract, torch
Tool huginn.tools.vision_locate_tool registered but its deps are missing — capability degraded: PIL
Tool huginn.tools.characterization_tool registered but its deps are missing — capability degraded: PIL
Tool huginn.tools.model3d_tool registered but its deps are missing — capability degraded: pymatgen, trimesh
Tool huginn.tools.browser_tool registered but its deps are missing — capability degraded: playwright, selenium
Tool huginn.tools.materials_database_tool registered but its deps are missing — capability degraded: ase, pymatgen
Tool huginn.tools.experimental_data_tool registered but its deps are missing — capability degraded: PIL
Tool huginn.tools.thermo_tool registered but its deps are missing — capability degraded: pymatgen, thermo
Tool huginn.tools.bench_infra.plot_tool registered but its deps are missing — capability degraded: matplotlib
Tool huginn.tools.bench_infra.matrix_tool registered but its deps are missing — capability degraded: torch
Tool huginn.tools.bench_infra.c2st_tool registered but its deps are missing — capability degraded: sklearn
strict_work_dir=True but allowed_work_dirs empty — path scoping inactive. Set allowed_work_dirs or HUGINN_WORKSPACE to enable.
Long-horizon goal: goal_e8026266
  wall-clock budget: 3600s, iteration cap: 30
╭────────────────────────────────── Starting ──────────────────────────────────╮
│ Autoloop                                                                     │
│ Objective: 【研究命题·纯机器学习/数学】                                      │
│                                                                              │
│ 解空间刚性 = 满足全部解析约束的函数集合的维数：低维/唯一 = 刚，高维/连续族 = │
│ 胖。                                                                         │
│                                                                              │
│ 核心问题：小型前馈网络的“泛化行为”能否作为 bootstrap 解空间刚性的探针？      │
│ 令 w = 约束样本数，N_c(w) =                                                  │
│ 在未参与训练的留出约束点上取得“零违规”所需的最小网络容量（用隐藏层宽度度量） │
│ 。                                                                           │
│                                                                              │
│ 【判别口径·本轮已定（务必按此判定，别再自创）】                              │
│ - 刚性族：在扫描范围内**存在**较小的有限 N_c（例如 h=2~8 即可零违规），且    │
│ N_c 不随 w 增长（趋势为 flat 或 decreasing）。必须给出可达锚点。             │
│ - 胖族：在扫描上限（h=64）内**任何宽度都达不到零违规**，即 N_c =             │
│ ∞（脚手架会标                                                                │
│ trend='unreachable'）。**这就是“胖”的判别签名**，不需要、也不要强行去找“N_c  │
│ 递增”。                                                                      │
│ - 因此本轮的判别结论是二值的：刚性=有限小 N_c；胖=unreachable（不可达）。    │
│                                                                              │
│ 研究对象只能是小型前馈网络本身。硬性边界：严禁把本命题替换或“换名归约”为材料 │
│ 、化学、玻璃、合金、离子导电等任何物理体系，也不要用别的领域类比回答。       │
│                                                                              │
│ 【零违规判据·统一口径】                                                      │
│ - 零违规 = 在未参与训练的留出约束点上，最大绝对误差 ≤ 1e-3。                 │
│ - 训练误差只需“足够小”（≤1e-4 量级）即可，**不要加 train_err < 1e-6          │
│ 这类过严门槛**（会把可达宽度误判为失败）。                                   │
│ - 所有报告数值必须是有限数（禁止 inf / nan /                                 │
│ None）；达不到零违规的行如实报其真实（有限）留出误差。                       │
│                                                                              │
│ 【尺度纪律·本轮新增硬项（否则绝对判据失效）】                                │
│ - **y 与 yv 的数值量级必须归一到 O(1)**（例如 std ≲                          │
│ 10）。绝对判据“≤1e-3”只有在目标 O(1) 时才有意义：run29 的 fat 用 20          │
│ 项随机多项式，基 (2z-1)^19 取值到 ~1e9，导致“1e-3”在 ~1e9                    │
│ 尺度上根本不可能，判定直接失效。                                             │
│ - 若你的族本质带大动态范围，请先对 y 做显式归一（如除以自身                  │
│ std），并在报告里说明归一方式 —— 但留出误差仍要在**同一归一尺度**上报告。    │
│                                                                              │
│ 【第 0 步·刚性可达性 bootstrap（必须先做）】                                 │
│ 先证明“刚性族在本实验里零违规可达”：让某个 (w, 宽度, 种子)                   │
│ 组合训练后对留出点达到                                                       │
│ ≤1e-3，并如实打印锚点数值（宽度、训练误差、留出误差）。                      │
│ - 若刚性族在最大宽度下仍不可达，说明约束族构造不当（例如 w 太小导致 5        │
│ 个点无法确定函数、或阈值不可达），先改构造再重做；此时不得报结论。           │
│                                                                              │
│ 【实验设计】                                                                 │
│ 1) 真的训练网络：沙箱已内置 capacity_scan（两层 tanh + L-BFGS-B              │
│ 多起点），你只需写 family。                                                  │
│ 2) 宽度扫描上限 h=64；刚性族必须在这段内出现有限 N_c。                       │
│ 3) 至少 3 个随机种子，报告 N_c(w) 的数值与趋势，并说明两族的解析 ground      │
│ truth。                                                                      │
│ 4) w 的取值要让“刚性族能被有限样本确定”这件事成立：w 太小（如                │
│ 5）时，光滑函数在训练点之间仍有大量候选，留出误差会偏大 ——                   │
│ 这是真实的“欠定”，请如实报告，并保证在较大 w 上刚性族确实可达零违规。        │
│                                                                              │
│ 【Code Lab 脚本契约】                                                        │
│ - 你**只需实现 family(kind, w, seed) 这一个函数**；run(cfg) 原样 `return     │
│ capacity_scan(family, seed=...)`，可传 ho_tol/tr_tol 覆盖默认阈值。          │
│ - **不要改 run 函数，也不要把训练/优化/参数打包/前向传播写进代码**。         │
│ - family 返回 dict {'X','y','Xv','yv'}：X/y 是 w 个**训练**约束点，Xv/yv     │
│ 是**留出**约束点；一律 `.reshape(-1, 1)` 成 (N,1)。                          │
│ - **标签形状硬约束**：y/yv 必须是 (N,1)。`(N,)` 与 `(N,1)` 相加会广播成      │
│ `(N,N)`——静默伪结果陷阱，脚手架已硬校验。                                    │
│ - **留出集必须真的留出**：Xv 的输入点不得与 X 的训练点重合（脚手架会判       │
│ invalid_heldout 并报重叠比例）；别用含端点重合的同一网格。                   │
│ - 随机数用 rng = np.random.default_rng(seed)；Generator 没有 randn，用       │
│ rng.standard_normal(n)。                                                     │
│ - 不要用 assert / raise 中断执行：把真实数值全部 return，由上层裁决。        │
│                                                                              │
│ 【前几轮伪结果诊断·本轮必须避免】                                            │
│ 1) run27：fat 标签广播 bug（→(w,w)），留出误差被钉在 ~0.51                   │
│ 假值。已由形状硬校验拦截。                                                   │
│ 2) run28：fat 用与 x 无关的 **i.i.d. 纯噪声**，让“刚 vs 胖”退化成“可学 vs    │
│ 不可学”，且目标是 x²/恒等这类平凡 1 维函数，两族不对立。→ 本轮 fat 必须是    │
│ **x 的、高维但可部分学习** 的函数族（自由度 ≫ w），不得是与 x 无关的噪声。   │
│ 3) run29：rigid 用 cos(πx) 但 w=5 欠定（留出 ~4e-2，不可达）；fat            │
│ 用高阶多项式导致 ~1e9 尺度，绝对判据失效。→ 本轮按上面的“尺度纪律”和“第 0    │
│ 步”处理。                                                                    │
│ 4) **报告纪律**：结论必须被 objectives / N_c                                 │
│ 表里的真实数值支持；不得把与数值矛盾的趋势写成结论；训练误差列与留出误差列必 │
│ 须各自独立测得，不得互相复制；正文不得引入材料/化学/晶界等类比框架。         │
│                                                                              │
│ 所有结论必须来自真实运行的可复现数值实验：给出扫描设置、训练与留出误差数值、 │
│ 以及 N_c(w) 的数值与趋势。                                                   │
│ Max iterations: 30                                                           │
╰──────────────────────────────────────────────────────────────────────────────╯
[cache-debug] model=Intern-S2-Preview-35B stats_keys=['model_provider', 'finish_reason', 'model_name']
metacog: 假设可能为换名归约 (trap=, target=刚性族 = 低维仿射子空间（多项式/三角基）；胖族 = 高维随机多项式（自由度随约束数组合增长）): [DIM: structure] The rigid family is defined by a set of linear algebraic constraints that reduce th
[exec-route] mode='coder' desc[:80]='Implement the rigid and fat family functions as described in the hypothesis, ens' obj_len=2462 is_exp_desc=True is_exp_obj=True is_det_desc=False
[code-lab-author] raw_len=1052 extracted_len=1038 prompt_len=5379
[code-lab-run] res_none=False success=True nobj=36 reason=''
[validate] mode='code_lab' success=True nobj=36 cf=False lab=True
metacog: 假设可能为换名归约 (trap=, target=刚性族在样本量 w 增加时因数值病态导致泛化误差上升（过约束现象），这属于数值优化/统计学习中的经典偏差-方差权衡，未触及解空间刚性（解的唯一性/维数）与网络容量 N_c 之间的因果机制。): [DIM: measure] The heldout error for the rigid family follows a U-shaped curve as a function of samp
[exec-route] mode='explore' desc[:80]='[auto-routed: surprise=1.00] Implement the family function for rigid and fat fam' obj_len=2462 is_exp_desc=True is_exp_obj=True is_det_desc=False
[code-lab-author] raw_len=1580 extracted_len=1565 prompt_len=5379
[code-lab-run] res_none=False success=True nobj=36 reason=''
[validate] mode='code_lab' success=True nobj=36 cf=False lab=True
metacog: 假设可能为换名归约 (trap=, target=将原问题中关于'小型前馈网络泛化行为作为解空间刚性探针'的实证研究，替换为对'正交多项式插值在固定约束下可被小容量网络精确拟合'这一已知数学性质的理论陈述，未引入新的实验机制或数据验证。): [DIM: structure] The rigid family is defined by a set of linear algebraic constraints that reduce th
renamed-reduction 3× consecutive: trigger counterexample hunt
[exec-route] mode='explore' desc[:80]="[auto-routed: surprise=1.00] Implement `family(kind='rigid', w, seed)` using ort" obj_len=2462 is_exp_desc=True is_exp_obj=True is_det_desc=False
[code-lab-author] raw_len=1063 extracted_len=1048 prompt_len=5379
[code-lab-run] res_none=False success=True nobj=36 reason=''
[validate] mode='code_lab' success=True nobj=36 cf=False lab=True
metacog: 假设可能为换名归约 (trap=, target=刚性族与胖族的泛化误差分布差异（尾部行为）): [DIM: measure] The heldout error of the rigid family follows a sub-Gaussian tail bound $P(\text{err}
[exec-route] mode='explore' desc[:80]='[auto-routed: surprise=1.00] Implement the family function for rigid and fat fam' obj_len=2462 is_exp_desc=True is_exp_obj=True is_det_desc=False
[code-lab-author] raw_len=942 extracted_len=927 prompt_len=5379
[code-lab-run] res_none=False success=True nobj=36 reason=''
[validate] mode='code_lab' success=True nobj=36 cf=False lab=True
metacog: 假设可能为换名归约 (trap=, target=刚性族 = 低维流形（维数 ≤ w）；胖族 = 高熵流形（需指数容量）): [DIM: geometry] The rigid family functions reside on a low-dimensional algebraic manifold in functio
renamed-reduction 5× consecutive: escalate — block dominant family + force redirect
[exec-route] mode='explore' desc[:80]='[auto-routed: surprise=1.00] Implement the `family` function for rigid and fat f' obj_len=2462 is_exp_desc=True is_exp_obj=True is_det_desc=False
[code-lab-author] raw_len=866 extracted_len=851 prompt_len=5379
[code-lab-run] res_none=False success=True nobj=36 reason=''
error in _parse_verify_score: JSON parse failed, falling back to regex
Traceback (most recent call last):
  File "/workspace/agent/huginn/autoloop/engine_reflect.py", line 2308, in _parse_verify_score
    data = json.loads(resp.strip())
  File "/root/.pyenv/versions/3.14.7/lib/python3.14/json/__init__.py", line 352, in loads
    return _default_decoder.decode(s)
           ~~~~~~~~~~~~~~~~~~~~~~~^^^
  File "/root/.pyenv/versions/3.14.7/lib/python3.14/json/decoder.py", line 345, in decode
    obj, end = self.raw_decode(s, idx=_w(s, 0).end())
               ~~~~~~~~~~~~~~~^^^^^^^^^^^^^^^^^^^^^^^
  File "/root/.pyenv/versions/3.14.7/lib/python3.14/json/decoder.py", line 363, in raw_decode
    raise JSONDecodeError("Expecting value", s, err.value) from None
json.decoder.JSONDecodeError: Expecting value: line 1 column 1 (char 0)
[validate] mode='code_lab' success=True nobj=36 cf=False lab=True
metacog: 假设可能为换名归约 (trap=, target=刚性族解空间维数低导致泛化误差方差随样本量w增加而衰减（O(1/w)），胖族解空间维数高导致泛化误差分布重尾。这本质上是将'解空间刚性'这一几何/代数概念重新表述为'统计泛化行为'的分布特性，未提供新的计算或实验证据来验证N_c(w)的可达性趋势。): [DIM: measure] The held-out error of the rigid family follows a sub-Gaussian tail distribution where
plan_check failed (tier=medium, scene=dft, max_refines=1): The plan is invalid for multiple fundamental reasons. First, the MODE is set to 'explore' but the DESCRIPTION describes a 'coder' task (implementing a constrained family generation module), which is a mismatch. Second, the DESCRIPTION lacks the specific mathematical definitions required to execute the experiment (specific basis functions, constraint manifold equations, target function form, learning algorithm, loss function). Third, the plan repeats the historical failure of not properly separating implementation from analysis. Fourth, it does not address how to specifically measure and validate the sub-Gaussian vs heavy-tailed tail distributions (e.g., what specific statistical tests or metrics will be used to verify the O(1/w) variance decay and divergent higher moments).
[exec-route] mode='explore' desc[:80]='[auto-routed: surprise=1.00] Implement the constrained family generation module ' obj_len=2462 is_exp_desc=True is_exp_obj=True is_det_desc=False
[code-lab-author] raw_len=1313 extracted_len=1299 prompt_len=5379
[code-lab-run] res_none=False success=True nobj=36 reason=''
[validate] mode='code_lab' success=True nobj=36 cf=False lab=True
[validate] mode='code_lab' success=True nobj=36 cf=False lab=True
repeat execution detected (streak=1): inject pivot hint
metacog: 假设可能为换名归约 (trap=, target=刚性族 = 线性子空间维数 d ≤ w 且约束矩阵满秩): [DIM: structure] The rigid family defines a linear subspace of dimension $d \le w$ in function space
[validate] mode='code_lab' success=True nobj=36 cf=False lab=True
repeat execution detected (streak=2): inject pivot hint
metacog: 假设可能为换名归约 (trap=, target=将'泛化行为作为解空间刚性探针'这一具体计算问题，替换为'Rademacher复杂度控制泛化误差'这一通用统计学习理论命题。): [DIM: measure] The generalization gap for the rigid family is governed by the Rademacher complexity 
[validate] mode='code_lab' success=True nobj=36 cf=False lab=True
repeat execution detected (streak=3): inject pivot hint
metacog: 假设可能为换名归约 (trap=, target=刚性族 = 线性子空间且维数=w): [DIM: structure] The rigid family constitutes a linear subspace of dimension exactly $w$ in the func
renamed-reduction 3× consecutive: trigger counterexample hunt
plan_check failed (tier=light, scene=auto_family, max_refines=1): 该plan在多个关键维度上存在缺陷：1) 缺少对h和w的具体数值范围定义，无法验证预测；2) 未明确说明rigid和fat家族的数学定义及实现方式；3) 未指定如何计算N_c(w)和'violation'；4) 未考虑之前失败模式中的问题（如函数尺度、x依赖性等）；5) 预测过于理想化（zero violation at small h），缺乏对实际困难的考量。
phase_gate advisory: plan→execute 缺证据 ['description'], 已放行 (非 checkpoint)
[validate] mode='code_lab' success=True nobj=36 cf=False lab=True
repeat execution detected (streak=4): inject pivot hint
metacog: 假设可能为换名归约 (trap=, target=刚性族与胖族的定义及判别标准已在原始问题中明确定义，候选发现仅将问题重新表述为'计算维度'，未引入新的机制或验证路径): **[DIM: computation]**
[exec-route] mode='explore' desc[:80]='[auto-routed: surprise=1.00] Implement the `family` function to generate constra' obj_len=2462 is_exp_desc=True is_exp_obj=True is_det_desc=True
[code-lab-author] raw_len=1172 extracted_len=1157 prompt_len=5379
[code-lab-run] res_none=False success=True nobj=36 reason=''
[validate] mode='code_lab' success=True nobj=36 cf=False lab=True
repeat execution detected (streak=5): inject pivot hint
metacog: 假设可能为换名归约 (trap=, target=线性代数约束矩阵的秩亏导致解空间维数膨胀（即刚性族被错误构造为胖族），而非通过机器学习实验验证泛化行为与解空间刚性的关系。): [DIM: structure] The rigid family is defined by a linear algebraic constraint matrix $A$ such that t
renamed-reduction 5× consecutive: escalate — block dominant family + force redirect
[exec-route] mode='explore' desc[:80]='[auto-routed: surprise=1.00] Implement the `family` function for rigid and fat f' obj_len=2462 is_exp_desc=True is_exp_obj=True is_det_desc=True
[code-lab-author] raw_len=939 extracted_len=924 prompt_len=5379
[code-lab-run] res_none=False success=True nobj=36 reason=''
[validate] mode='code_lab' success=True nobj=36 cf=False lab=True
metacog: 假设可能为换名归约 (trap=, target=将'刚性'的定义从'解空间维数低'替换为'容量复杂度满足信息论界 N_c(w) ≤ ⌈log₂(w+1)⌉'，但未提供该不等式在小型前馈网络中的具体实现机制或实证支撑，仅是对原命题的数学重述。): [DIM: computation] The capacity complexity $N_c(w)$ for the rigid family satisfies the information-t
[exec-route] mode='explore' desc[:80]='[auto-routed: surprise=1.00] Implement the `family` function for the rigid famil' obj_len=2462 is_exp_desc=True is_exp_obj=True is_det_desc=False
[code-lab-author] raw_len=1102 extracted_len=1087 prompt_len=5379
[code-lab-run] res_none=False success=True nobj=36 reason=''
[validate] mode='code_lab' success=True nobj=36 cf=False lab=True
metacog: 假设可能为换名归约 (trap=, target=刚性族 = 由小基函数张成的线性子空间，其系数由 w 个样本唯一确定（Vandermonde 系统），故 N_c(w) 与 w 无关且为有限小值): [DIM: structure] The rigid family corresponds to a linear subspace of the function space spanned by 
plan_check failed (tier=light, scene=auto_family, max_refines=1): The plan fails to address critical missing parameters identified in historical failures: (1) It does not specify the exact degree bound for the rigid family (k), risking underdetermination as in run29 where w=5 was insufficient; (2) It lacks explicit scaling details for the fat family despite claiming O(1) normalization, risking numerical overflow/underflow; (3) It does not define the exact range of w values for the capacity scan; (4) It doesn't specify how N_c(w) is actually computed from training/holdout errors. The plan is too vague to produce reproducible, valid numerical results that could support the hypothesis.
[exec-route] mode='explore' desc[:80]='Implement the rigid family as a linear subspace of polynomials of degree ≤ k (wi' obj_len=2462 is_exp_desc=True is_exp_obj=True is_det_desc=False
[code-lab-author] raw_len=937 extracted_len=922 prompt_len=5379
[code-lab-run] res_none=False success=True nobj=36 reason=''
[validate] mode='code_lab' success=True nobj=36 cf=False lab=True
metacog: 假设可能为换名归约 (trap=, target=刚性族与胖族的泛化行为差异被重新表述为VC维度的渐近缩放差异，但未提供与N_c(w)数值实验的映射机制): [DIM: computation] The rigid family has a VC-dimension that scales sublinearly with w (specifically 
renamed-reduction 3× consecutive: trigger counterexample hunt
[exec-route] mode='explore' desc[:80]='[auto-routed: surprise=1.00] Implement the `family` function for both rigid and ' obj_len=2462 is_exp_desc=True is_exp_obj=True is_det_desc=False
[code-lab-author] raw_len=1019 extracted_len=1004 prompt_len=5379
[code-lab-run] res_none=False success=True nobj=36 reason=''
[validate] mode='code_lab' success=True nobj=36 cf=False lab=True
metacog: 假设可能为换名归约 (trap=, target=刚性族与胖族的定义（刚性=有限小N_c，胖=unreachable）): [DIM: computation] The rigid family's capacity complexity N_c(w) obeys an information-theoretic boun
plan_check failed (tier=light, scene=auto_family, max_refines=1): The plan correctly identifies the mathematical structure (function space geometry/computational capacity) and MODE (explore) matches the task. However, it fails to specify how N_c(w) will be numerically computed and measured. It describes theoretical bounds but doesn't define the empirical procedure to extract N_c(w) values from training/validation/test splits. The prediction is vague about what specific metrics will be calculated (training error, validation error, Rademacher complexity values). It also doesn't address the specific failure modes about scale normalization and independent error measurement. Without a clear computational protocol for measuring N_c(w), the plan cannot produce the required quantitative thresholds to verify the hypothesis.
[exec-route] mode='explore' desc[:80]='Implement the capacity_scan framework with mathematically rigorous definitions: ' obj_len=2462 is_exp_desc=True is_exp_obj=True is_det_desc=True
[code-lab-author] raw_len=866 extracted_len=851 prompt_len=5379
[code-lab-run] res_none=False success=True nobj=36 reason=''
[validate] mode='code_lab' success=True nobj=36 cf=False lab=True
metacog: 假设可能为换名归约 (trap=, target=刚性族在小宽度下对初始化的敏感性导致 N_c(w) 的随机性，但未提供新的机制或可验证的定量关系来解释这种随机性如何影响刚性/胖族的判别边界。): [DIM: measure] The heldout error for the rigid family follows a heavy-tailed distribution across ran
renamed-reduction 5× consecutive: escalate — block dominant family + force redirect
[exec-route] mode='explore' desc[:80]='[auto-routed: surprise=1.00] Implement the rigid and fat family functions with p' obj_len=2462 is_exp_desc=False is_exp_obj=True is_det_desc=False
[code-lab-author] raw_len=1012 extracted_len=997 prompt_len=5379
[code-lab-run] res_none=False success=True nobj=36 reason=''
[validate] mode='code_lab' success=True nobj=36 cf=False lab=True
metacog: 假设可能为换名归约 (trap=, target=刚性族 = 多项式插值空间（维数 w-1）): [DIM: structure] The rigid family's solution space forms a linear subspace of dimension exactly w-1,
[exec-route] mode='explore' desc[:80]='[auto-routed: surprise=1.00] Implement the rigid family family function that ret' obj_len=2462 is_exp_desc=True is_exp_obj=True is_det_desc=False
[code-lab-author] raw_len=1269 extracted_len=1254 prompt_len=5379
[code-lab-run] res_none=False success=True nobj=36 reason=''
[validate] mode='code_lab' success=True nobj=36 cf=False lab=True
metacog: 假设可能为换名归约 (trap=, target=刚性族在 w 较小时因采样偏差导致留出误差分布重尾、方差无限，从而 N_c(w) 非单调): [DIM: measure] The held-out error for the rigid family follows a heavy-tailed distribution across ra
[exec-route] mode='explore' desc[:80]='Implement rigid family (Lagrange basis polynomials of degree w-1) and fat family' obj_len=2462 is_exp_desc=True is_exp_obj=True is_det_desc=True
[code-lab-author] raw_len=1108 extracted_len=1094 prompt_len=5379
[code-lab-run] res_none=False success=True nobj=36 reason=''
error in _parse_verify_score: JSON parse failed, falling back to regex
Traceback (most recent call last):
  File "/workspace/agent/huginn/autoloop/engine_reflect.py", line 2308, in _parse_verify_score
    data = json.loads(resp.strip())
  File "/root/.pyenv/versions/3.14.7/lib/python3.14/json/__init__.py", line 352, in loads
    return _default_decoder.decode(s)
           ~~~~~~~~~~~~~~~~~~~~~~~^^^
  File "/root/.pyenv/versions/3.14.7/lib/python3.14/json/decoder.py", line 345, in decode
    obj, end = self.raw_decode(s, idx=_w(s, 0).end())
               ~~~~~~~~~~~~~~~^^^^^^^^^^^^^^^^^^^^^^^
  File "/root/.pyenv/versions/3.14.7/lib/python3.14/json/decoder.py", line 363, in raw_decode
    raise JSONDecodeError("Expecting value", s, err.value) from None
json.decoder.JSONDecodeError: Expecting value: line 1 column 1 (char 0)
[validate] mode='code_lab' success=True nobj=36 cf=False lab=True
repeat execution detected (streak=1): inject pivot hint
metacog: 假设可能为换名归约 (trap=, target=刚性族 = 有限小 N_c；胖族 = unreachable（不可达）): [DIM: geometry] The rigid family's solution space is a linear subspace of dimension w in C[0,1], ind
renamed-reduction 3× consecutive: trigger counterexample hunt
[exec-route] mode='explore' desc[:80]='[auto-routed: surprise=1.00] Implement the `family` function for the rigid and f' obj_len=2462 is_exp_desc=True is_exp_obj=True is_det_desc=False
[code-lab-author] raw_len=1004 extracted_len=989 prompt_len=5379
[code-lab-run] res_none=False success=True nobj=36 reason=''
[validate] mode='code_lab' success=True nobj=36 cf=False lab=True
metacog: 假设可能为换名归约 (trap=, target=将'解空间刚性'（函数集合的维数/自由度）这一数学概念，通过观察到的网络泛化误差曲线（U型曲线），重新表述为机器学习中的'偏差-方差权衡'（Bias-Variance Tradeoff）现象。): [DIM: measure] The held-out error for the rigid family follows a U-shaped curve in w: decreasing for
[exec-route] mode='explore' desc[:80]='[auto-routed: surprise=1.00] Implement the `family` function for rigid and fat f' obj_len=2462 is_exp_desc=True is_exp_obj=True is_det_desc=False
[code-lab-author] raw_len=1429 extracted_len=1414 prompt_len=5379
[code-lab-run] res_none=False success=True nobj=36 reason=''
[validate] mode='code_lab' success=True nobj=36 cf=False lab=True
metacog: 假设可能为换名归约 (trap=, target=将'解空间刚性'这一几何/拓扑概念重新表述为线性代数的'线性子空间维数'，本质上是用代数语言重述了原命题的定义，未引入新的物理机制或可验证的泛化行为探针。): [DIM: structure] The rigid family defines a linear subspace of dimension w-1 in C[0,1] spanned by La
renamed-reduction 5× consecutive: escalate — block dominant family + force redirect
[exec-route] mode='explore' desc[:80]='[auto-routed: surprise=1.00] Implement the rigid and fat family functions with p' obj_len=2462 is_exp_desc=True is_exp_obj=True is_det_desc=False
[code-lab-author] raw_len=1198 extracted_len=1183 prompt_len=5379
[code-lab-run] res_none=False success=True nobj=36 reason=''
[validate] mode='code_lab' success=True nobj=36 cf=False lab=True
[exec-route] mode='explore' desc[:80]='[auto-routed: surprise=1.00] Implement the family function for the rigid family ' obj_len=2462 is_exp_desc=True is_exp_obj=True is_det_desc=False
[code-lab-author] raw_len=1237 extracted_len=1222 prompt_len=5379
[code-lab-run] res_none=False success=True nobj=36 reason=''
[validate] mode='code_lab' success=True nobj=36 cf=False lab=True
metacog: 假设可能为换名归约 (trap=, target=刚性族 = 低维流形，胖族 = 高维流形（几何表述）): [DIM: geometry] The rigid family can be represented as a low-dimensional manifold in the function sp
[exec-route] mode='explore' desc[:80]='Define explicit function families: rigid as low-rank interpolation basis (e.g., ' obj_len=2462 is_exp_desc=True is_exp_obj=True is_det_desc=True
[code-lab-author] raw_len=945 extracted_len=930 prompt_len=5379
[code-lab-run] res_none=False success=True nobj=36 reason=''
[validate] mode='code_lab' success=True nobj=36 cf=False lab=True
metacog: 假设可能为换名归约 (trap=, target=刚性/胖族的容量复杂度渐近行为（N_c(w) 的尺度律）): [DIM: computation] The rigid family's capacity complexity N_c(w) is bounded by O(log w) due to the i
plan_check failed (tier=light, scene=auto_family, max_refines=1): The plan describes an exploration of function families (rigid vs. fat) but does not explicitly define the specific mathematical forms (e.g., Lagrange polynomials, high-degree polynomials with bounded coefficients) required to avoid the 'i.i.d. noise' failure mode (run28). It also lacks explicit confirmation that the rigid family's width w is sufficient to avoid under-determination (run29) and does not specify how training/holding errors will be independently measured to support N_c(w) conclusions. Without these concrete definitions and measurement protocols, the plan risks repeating historical failures.
[exec-route] mode='explore' desc[:80]='Define explicit function families: rigid family as low-rank interpolation basis ' obj_len=2462 is_exp_desc=True is_exp_obj=True is_det_desc=True
[code-lab-author] raw_len=1644 extracted_len=1629 prompt_len=5379
[code-lab-run] res_none=False success=True nobj=36 reason=''
error in _parse_verify_score: JSON parse failed, falling back to regex
Traceback (most recent call last):
  File "/workspace/agent/huginn/autoloop/engine_reflect.py", line 2308, in _parse_verify_score
    data = json.loads(resp.strip())
  File "/root/.pyenv/versions/3.14.7/lib/python3.14/json/__init__.py", line 352, in loads
    return _default_decoder.decode(s)
           ~~~~~~~~~~~~~~~~~~~~~~~^^^
  File "/root/.pyenv/versions/3.14.7/lib/python3.14/json/decoder.py", line 345, in decode
    obj, end = self.raw_decode(s, idx=_w(s, 0).end())
               ~~~~~~~~~~~~~~~^^^^^^^^^^^^^^^^^^^^^^^
  File "/root/.pyenv/versions/3.14.7/lib/python3.14/json/decoder.py", line 363, in raw_decode
    raise JSONDecodeError("Expecting value", s, err.value) from None
json.decoder.JSONDecodeError: Expecting value: line 1 column 1 (char 0)
[validate] mode='code_lab' success=True nobj=36 cf=False lab=True
metacog: 假设可能为换名归约 (trap=, target=将'解空间刚性'问题替换为'计算复杂度/信息论编码长度'问题，用理论渐近界替代了实验可验证的 N_c(w) 数值与趋势): [DIM: computation] The capacity complexity N_c(w) for the rigid family satisfies N_c(w) = ⌈log₂(w)⌉ 
renamed-reduction 3× consecutive: trigger counterexample hunt
[exec-route] mode='explore' desc[:80]='[auto-routed: surprise=1.00] Implement the `family` function to generate trainin' obj_len=2462 is_exp_desc=True is_exp_obj=True is_det_desc=False
[code-lab-author] raw_len=957 extracted_len=942 prompt_len=5379
[code-lab-run] res_none=False success=True nobj=36 reason=''
[validate] mode='code_lab' success=True nobj=36 cf=False lab=True
metacog: 假设可能为换名归约 (trap=, target=将刚性族的泛化行为重新表述为统计学习中的偏差-方差权衡（bias-variance tradeoff），未触及解空间刚性（解空间维数/约束满足度）的本质): [DIM: measure] The held-out error of the rigid family follows a U-shaped curve with respect to sampl
[exec-route] mode='explore' desc[:80]='[auto-routed: surprise=1.00] Implement the family function for the rigid family ' obj_len=2462 is_exp_desc=True is_exp_obj=True is_det_desc=True
[code-lab-author] raw_len=1442 extracted_len=1427 prompt_len=5379
[code-lab-run] res_none=False success=True nobj=36 reason=''
[validate] mode='code_lab' success=True nobj=36 cf=False lab=True
metacog: 假设可能为换名归约 (trap=, target=刚性族在宽度扫描中的泛化误差行为（即 N_c(w) 的数值与趋势）): [DIM: dynamics] The rigid family's generalization error follows a two-phase transient governed by th
renamed-reduction 5× consecutive: escalate — block dominant family + force redirect
plan_check failed (tier=light, scene=auto_family, max_refines=1): The plan correctly identifies the mathematical structure (Hessian spectrum, effective rank) and avoids the critical historical failure mode of using noise for the fat family. However, the plan lacks specific implementation details required to avoid previous failures: it does not explicitly define the function families to ensure they are x-dependent and high-dimensional (fat) vs low-rank (rigid), nor does it specify the normalization and shape constraints that were previously violated. The description is too vague to guarantee that the spectral dynamics will be properly captured or that the two-phase transient will be distinguishable from a smooth U-curve. Additionally, there is no mention of how to handle the 'sharp transition' hypothesis quantitatively, which is critical for validation.
[exec-route] mode='explore' desc[:80]='Implement the rigid and fat function families with proper normalization and (N,1' obj_len=2462 is_exp_desc=True is_exp_obj=True is_det_desc=True
[code-lab-author] raw_len=948 extracted_len=933 prompt_len=5379
[code-lab-run] res_none=False success=True nobj=36 reason=''
[validate] mode='code_lab' success=True nobj=36 cf=False lab=True
metacog: 假设可能为换名归约 (trap=, target=刚性族 = 有限小 N_c；胖族 = unreachable（不可达）): [DIM: structure] The rigid family defines an affine subspace of dimension exactly $w$ in function sp
[exec-route] mode='explore' desc[:80]='[auto-routed: surprise=1.00] Implement the family(kind, w, seed) function that g' obj_len=2462 is_exp_desc=True is_exp_obj=True is_det_desc=False
[code-lab-author] raw_len=1534 extracted_len=1519 prompt_len=5379
[code-lab-run] res_none=False success=True nobj=36 reason=''
error in _parse_verify_score: JSON parse failed, falling back to regex
Traceback (most recent call last):
  File "/workspace/agent/huginn/autoloop/engine_reflect.py", line 2308, in _parse_verify_score
    data = json.loads(resp.strip())
  File "/root/.pyenv/versions/3.14.7/lib/python3.14/json/__init__.py", line 352, in loads
    return _default_decoder.decode(s)
           ~~~~~~~~~~~~~~~~~~~~~~~^^^
  File "/root/.pyenv/versions/3.14.7/lib/python3.14/json/decoder.py", line 345, in decode
    obj, end = self.raw_decode(s, idx=_w(s, 0).end())
               ~~~~~~~~~~~~~~~^^^^^^^^^^^^^^^^^^^^^^^
  File "/root/.pyenv/versions/3.14.7/lib/python3.14/json/decoder.py", line 363, in raw_decode
    raise JSONDecodeError("Expecting value", s, err.value) from None
json.decoder.JSONDecodeError: Expecting value: line 1 column 1 (char 0)
[validate] mode='code_lab' success=True nobj=36 cf=False lab=True
metacog: 假设可能为换名归约 (trap=, target=刚性族 = 低维线性流形，维度随 w 线性缩放): [DIM: geometry] The rigid family function space forms a low-dimensional linear manifold embedded in 
[exec-route] mode='explore' desc[:80]='[auto-routed: surprise=1.00] Implement the family(kind, w, seed) function to gen' obj_len=2462 is_exp_desc=True is_exp_obj=True is_det_desc=False
[code-lab-author] raw_len=1000 extracted_len=985 prompt_len=5379
[code-lab-run] res_none=False success=True nobj=36 reason=''
[validate] mode='code_lab' success=True nobj=36 cf=False lab=True
metacog: 假设可能为换名归约 (trap=, target=刚性族 = 有限小 N_c；胖族 = unreachable（不可达）): [DIM: dynamics] The rigid family corresponds to a deterministic dynamical system where the constrain
renamed-reduction 3× consecutive: trigger counterexample hunt
[exec-route] mode='explore' desc[:80]='[auto-routed: surprise=1.00] Implement the family function for the rigid and fat' obj_len=2462 is_exp_desc=True is_exp_obj=True is_det_desc=False
[code-lab-author] raw_len=868 extracted_len=853 prompt_len=5379
[code-lab-run] res_none=False success=True nobj=36 reason=''
[validate] mode='code_lab' success=True nobj=36 cf=False lab=True
metacog: 假设可能为换名归约 (trap=, target=刚性族与胖族的定义性差异（刚性族存在有限 N_c 且 N_c 不随 w 增长；胖族在 h=64 内 N_c=∞）被替换为抽象的复杂度术语（信息论压缩、Kolmogorov 复杂度），但未提供与实验可验证的 N_c(w) 数值趋势或机制的对应关系。): [DIM: computation] The complexity measure N_c(w) for the rigid family scales as O(w) due to informat
plan_check failed (tier=light, scene=workflow, max_refines=1): The plan fails to address the critical dimensional mismatch identified in historical failures. Specifically, it does not explicitly define how the fat family is constructed to be a function of x (avoiding i.i.d. noise) or how to handle the scale discrepancy between rigid (cos(πx)) and fat (high-degree polynomials) families to avoid absolute criterion failure. The plan proposes a 'comparative capacity analysis' but lacks specific implementation details for the function definitions and scaling discipline required to avoid the exact pitfalls mentioned in the history (run28 and run29). Without defining the specific functional forms and scaling constraints, the numerical verification will likely fail or produce meaningless results.
[exec-route] mode='explore' desc[:80]='Reframe the hypothesis test as a comparative capacity analysis between rigid and' obj_len=2462 is_exp_desc=True is_exp_obj=True is_det_desc=False
[code-lab-author] raw_len=1034 extracted_len=1019 prompt_len=5379
[code-lab-run] res_none=False success=True nobj=36 reason=''
[validate] mode='code_lab' success=True nobj=36 cf=False lab=True
repeat execution detected (streak=1): inject pivot hint
metacog: 假设可能为换名归约 (trap=, target=刚性族的定义（低维/唯一解空间）): [DIM: geometry] The rigid family corresponds to a low-dimensional linear subspace of the function sp
renamed-reduction 5× consecutive: escalate — block dominant family + force redirect
[exec-route] mode='explore' desc[:80]='Implement the family function for rigid and fat families with proper O(1) normal' obj_len=2462 is_exp_desc=True is_exp_obj=True is_det_desc=False
[code-lab-author] raw_len=940 extracted_len=925 prompt_len=5379
[code-lab-run] res_none=False success=True nobj=36 reason=''
[validate] mode='code_lab' success=True nobj=36 cf=False lab=True
metacog: 假设可能为换名归约 (trap=, target=刚性/胖族的定义（基于 N_c(w) 的可达性）): [DIM: dynamics] The rigid family admits a gradient flow with a Lyapunov functional that decreases mo
plan_check failed (tier=light, scene=auto_family, max_refines=1): The plan fails to define the critical 'rigid' function family concretely (only mentions trigonometric polynomials without defining the parameterization $w$), and it lacks the gradient flow algorithm specification (e.g., learning rate schedule, optimizer type) required to verify the Lyapunov functional claim. Additionally, the plan risks repeating historical failure #2 by using random high-degree polynomials for the 'fat' family which may not be $x$-dependent or learnable in a meaningful way, collapsing the comparison into 'learnable vs unlearnable' rather than 'rigid vs fat'. It also fails to address the scale issues noted in failure #3 (e.g., high-degree polynomials leading to $10^9$ scales).
[exec-route] mode='explore' desc[:80]='Implement rigid (trigonometric polynomials, O(1) normalized, shape (N,1)) and fa' obj_len=2462 is_exp_desc=True is_exp_obj=True is_det_desc=True
[code-lab-author] raw_len=1138 extracted_len=1123 prompt_len=5379
[code-lab-run] res_none=False success=True nobj=36 reason=''
[validate] mode='code_lab' success=True nobj=36 cf=False lab=True
repeat execution detected (streak=1): inject pivot hint
metacog: 假设可能为换名归约 (trap=, target=刚性/胖族的解空间维度（N_c）与泛化误差的数值关系): [DIM: dynamics] The rigid family exhibits a gradient flow with a Lyapunov functional that decreases 
plan_check failed (tier=light, scene=auto_family, max_refines=1): The plan fails to address the core dynamical systems requirements of the hypothesis. It focuses on static function space definitions (polynomial dimensions) and final validation errors, ignoring the required dynamic analysis: Lyapunov functional tracking, gradient flow verification, and chaotic landscape characterization (e.g., Lyapunov exponents, basin visualization). It also lacks specification of the optimization algorithm's dynamic behavior monitoring.
[exec-route] mode='explore' desc[:80]='Implement rigid (low-dim polynomial, x-dependent) and fat (high-dim random polyn' obj_len=2462 is_exp_desc=True is_exp_obj=True is_det_desc=True
[code-lab-author] raw_len=1011 extracted_len=996 prompt_len=5379
[code-lab-run] res_none=False success=True nobj=36 reason=''
[validate] mode='code_lab' success=True nobj=36 cf=False lab=True
repeat execution detected (streak=2): inject pivot hint
metacog: 假设可能为换名归约 (trap=, target=刚性族与胖族的定义被替换为'可学性'（即网络能否拟合函数），而非解空间维数/刚性的本质属性。): ` followed by the hypothesis and LUCID.
renamed-reduction 3× consecutive: trigger counterexample hunt
[exec-route] mode='explore' desc[:80]='[auto-routed: surprise=1.00] Implement the family function for rigid and fat fun' obj_len=2462 is_exp_desc=True is_exp_obj=True is_det_desc=False
[code-lab-author] raw_len=868 extracted_len=853 prompt_len=5379
[code-lab-run] res_none=False success=True nobj=36 reason=''
[validate] mode='code_lab' success=True nobj=36 cf=False lab=True
metacog: 假设可能为换名归约 (trap=, target=刚性族 = 满足 w 个解析约束的函数集合的维数（w-1维），小型前馈网络可精确表示该解空间，故 N_c(w) 为有限小值且趋势平坦): [DIM: structure] The rigid family forms a finite-dimensional vector space of dimension d_rigid = w -
plan_check failed (tier=light, scene=auto_family, max_refines=1): The plan uses 'explore' mode for a theoretical mathematical claim, but the hypothesis requires rigorous symbolic analysis or formal proof (matching 'coder' or 'verify' mode). The DESCRIPTION lacks explicit definition of the rigid family's basis functions, constraint matrix, and how N_c(w) is measured. It also fails to specify the two-layer network architecture and proof of capacity. This mirrors the historical failure where the plan lacked the necessary theoretical framework to rigorously establish dimension or prove the bound.
[exec-route] mode='explore' desc[:80]='[auto-routed: surprise=1.00] Implement symbolic analysis to define the rigid fam' obj_len=2462 is_exp_desc=True is_exp_obj=True is_det_desc=False
[code-lab-author] raw_len=1809 extracted_len=1794 prompt_len=5379
[code-lab-run] res_none=False success=True nobj=36 reason=''
error in _parse_verify_score: JSON parse failed, falling back to regex
Traceback (most recent call last):
  File "/workspace/agent/huginn/autoloop/engine_reflect.py", line 2308, in _parse_verify_score
    data = json.loads(resp.strip())
  File "/root/.pyenv/versions/3.14.7/lib/python3.14/json/__init__.py", line 352, in loads
    return _default_decoder.decode(s)
           ~~~~~~~~~~~~~~~~~~~~~~~^^^
  File "/root/.pyenv/versions/3.14.7/lib/python3.14/json/decoder.py", line 345, in decode
    obj, end = self.raw_decode(s, idx=_w(s, 0).end())
               ~~~~~~~~~~~~~~~^^^^^^^^^^^^^^^^^^^^^^^
  File "/root/.pyenv/versions/3.14.7/lib/python3.14/json/decoder.py", line 363, in raw_decode
    raise JSONDecodeError("Expecting value", s, err.value) from None
json.decoder.JSONDecodeError: Expecting value: line 1 column 1 (char 0)
[validate] mode='code_lab' success=True nobj=36 cf=False lab=True
metacog: 假设可能为换名归约 (trap=, target=刚性族 = 满足全部解析约束的函数集合的维数：低维/唯一 = 刚): [DIM: structure] The rigid family forms a finite-dimensional vector space of dimension $d_{\text{rig
renamed-reduction 5× consecutive: escalate — block dominant family + force redirect
[exec-route] mode='explore' desc[:80]='[auto-routed: surprise=1.00] Implement the family(kind, w, seed) function to gen' obj_len=2462 is_exp_desc=True is_exp_obj=True is_det_desc=False
[code-lab-author] raw_len=1810 extracted_len=1795 prompt_len=5379
[code-lab-run] res_none=False success=True nobj=36 reason=''
