<frozen runpy>:130: RuntimeWarning: 'huginn.cli.main' found in sys.modules after import of package 'huginn.cli', but prior to execution of 'huginn.cli.main'; this may result in unpredictable behaviour
Tool huginn.tools.vasp_tool registered but its deps are missing — capability degraded: pymatgen
Tool huginn.tools.sim.packing_tool registered but its deps are missing — capability degraded: ase, matplotlib, rdkit
Tool huginn.tools.sim.plasma_tool registered but its deps are missing — capability degraded: sklearn
Tool huginn.tools.sim.transolver_tool registered but its deps are missing — capability degraded: torch
Tool huginn.tools.vina_tool registered but its deps are missing — capability degraded: rdkit, vina
Tool huginn.tools.openmm_tool registered but its deps are missing — capability degraded: openmm
Tool huginn.tools.sci.symbolic_regression_tool registered but its deps are missing — capability degraded: model, torch
Tool huginn.tools.dynamics_discovery_tool registered but its deps are missing — capability degraded: sklearn
Tool huginn.tools.sci.interpretable_ml_tool registered but its deps are missing — capability degraded: gpytorch, torch
Tool huginn.tools.sci.sklearn_tool registered but its deps are missing — capability degraded: sklearn
Tool huginn.tools.sci.vae_tool registered but its deps are missing — capability degraded: torch
Tool huginn.tools.sci.autodiff_tool registered but its deps are missing — capability degraded: jax
Tool huginn.tools.numerical_tool registered but its deps are missing — capability degraded: cvxpy, pulp
Tool huginn.tools.sci.symmetry_tool registered but its deps are missing — capability degraded: pymatgen, spglib
Tool huginn.tools.sci.tda_tool registered but its deps are missing — capability degraded: gudhi, ripser
Tool huginn.tools.sci.uq_tool registered but its deps are missing — capability degraded: chaospy
Tool huginn.tools.gp_tool registered but its deps are missing — capability degraded: sklearn
Tool huginn.tools.sci.gnn_tool registered but its deps are missing — capability degraded: sklearn, torch, torch_geometric
Tool huginn.tools.sci.stat_tests_tool registered but its deps are missing — capability degraded: statsmodels
Tool huginn.tools.sci.descriptor_tool registered but its deps are missing — capability degraded: ase, dscribe, matminer, pymatgen
Tool huginn.tools.rdkit_tool registered but its deps are missing — capability degraded: rdkit
Tool huginn.tools.sci.active_learning_tool registered but its deps are missing — capability degraded: pandas
Tool huginn.tools.sci.ml_potential_tool registered but its deps are missing — capability degraded: ase, chgnet, fairchem, mace, pynep
Tool huginn.tools.sci.xrd_sim_tool registered but its deps are missing — capability degraded: pymatgen
Tool huginn.tools.design.doe_tool registered but its deps are missing — capability degraded: statsmodels
Tool huginn.tools.vision_describe_tool registered but its deps are missing — capability degraded: easyocr, paddleocr, pytesseract, torch
Tool huginn.tools.model3d_tool registered but its deps are missing — capability degraded: pymatgen, trimesh
Tool huginn.tools.browser_tool registered but its deps are missing — capability degraded: playwright, selenium
Tool huginn.tools.materials_database_tool registered but its deps are missing — capability degraded: ase, pymatgen
Tool huginn.tools.thermo_tool registered but its deps are missing — capability degraded: pymatgen, thermo
Tool huginn.tools.bench_infra.plot_tool registered but its deps are missing — capability degraded: matplotlib
Tool huginn.tools.bench_infra.matrix_tool registered but its deps are missing — capability degraded: torch
Tool huginn.tools.bench_infra.c2st_tool registered but its deps are missing — capability degraded: sklearn
strict_work_dir=True but allowed_work_dirs empty — path scoping inactive. Set allowed_work_dirs or HUGINN_WORKSPACE to enable.
Long-horizon goal: goal_b3f70d30
  wall-clock budget: 3600s, iteration cap: 60
╭────────────────────────────────── Starting ──────────────────────────────────╮
│ Autoloop                                                                     │
│ Objective: 【研究命题·纯机器学习/数学】                                      │
│                                                                              │
│ 解空间刚性 = 满足全部解析约束的函数集合的维数：低维/唯一 = 刚，高维/连续族 = │
│ 胖。                                                                         │
│                                                                              │
│ 核心问题：小型前馈网络的“泛化行为”能否作为 bootstrap 解空间刚性的探针？      │
│ 令 w = 约束样本数，N_c(w) =                                                  │
│ 在未参与训练的留出约束点上取得“零违规”所需的最小网络容量（用隐藏层宽度度量） │
│ 。                                                                           │
│                                                                              │
│ 【唯一硬性口径（不可更改，其余全由你决定）】                                 │
│ - 零违规 = 留出约束点上的最大绝对误差 ≤ 1e-3。                               │
│ - 刚性 = 扫描范围内存在较小的有限 N_c（且 N_c 不随 w 增长）；胖 =            │
│ 扫描上限内任何宽度都达不到零违规（N_c 不可达）。判别是二值的。               │
│ - 所有报告数值必须是有限数（禁止 inf/nan/None）。                            │
│ -                                                                            │
│ 研究对象只能是小型前馈网络本身。严禁把本命题替换或“换名归约”为材料/化学/玻璃 │
│ /合金/离子导电等任何物理体系，也不要用别的领域类比回答。                     │
│                                                                              │
│ 【实验的族、样本、扫描、脚本如何设计，以及如何证明“刚性可达”，由你自己决定并 │
│ 给出理由。】                                                                 │
│                                                                              │
│ 所有结论必须来自真实运行的可复现数值实验：给出扫描设置、训练与留出误差数值、 │
│ 以及 N_c(w) 的数值与趋势。                                                   │
│ Max iterations: 60                                                           │
╰──────────────────────────────────────────────────────────────────────────────╯
[cache-debug] model=Intern-S2-Preview-35B stats_keys=['model_provider', 'finish_reason', 'model_name']
empty required_results for target_1 — fallback
[exec-route] mode='coder' desc[:80]='Design a bootstrap experiment to probe solution space rigidity using small feedf' obj_len=509 is_exp_desc=True is_exp_obj=True is_det_desc=True
[code-lab-author] raw_len=2179 extracted_len=2164 prompt_len=4235
[code-lab-run] res_none=False success=True nobj=2 reason=''
[validate] mode='code_lab' success=True nobj=2 cf=False lab=True
[exec-route] mode='explore' desc[:80]='[auto-routed: surprise=1.00] Create a standalone Python script to test the hypot' obj_len=509 is_exp_desc=True is_exp_obj=True is_det_desc=True
[code-lab-author] raw_len=2526 extracted_len=2511 prompt_len=4537
[code-lab-run] res_none=False success=True nobj=1 reason=''
[validate] mode='code_lab' success=True nobj=1 cf=False lab=True
[exec-route] mode='explore' desc[:80]='[auto-routed: surprise=1.00] Create a Python script to implement the numerical e' obj_len=509 is_exp_desc=True is_exp_obj=True is_det_desc=True
[code-lab-author] raw_len=4157 extracted_len=4144 prompt_len=4206
[code-lab-run] res_none=False success=True nobj=4 reason=''
error in _parse_verify_score: JSON parse failed, falling back to regex
Traceback (most recent call last):
  File "/workspace/agent/huginn/autoloop/engine_reflect.py", line 2453, in _parse_verify_score
    data = json.loads(resp.strip())
  File "/root/.pyenv/versions/3.14.7/lib/python3.14/json/__init__.py", line 352, in loads
    return _default_decoder.decode(s)
           ~~~~~~~~~~~~~~~~~~~~~~~^^^
  File "/root/.pyenv/versions/3.14.7/lib/python3.14/json/decoder.py", line 345, in decode
    obj, end = self.raw_decode(s, idx=_w(s, 0).end())
               ~~~~~~~~~~~~~~~^^^^^^^^^^^^^^^^^^^^^^^
  File "/root/.pyenv/versions/3.14.7/lib/python3.14/json/decoder.py", line 363, in raw_decode
    raise JSONDecodeError("Expecting value", s, err.value) from None
json.decoder.JSONDecodeError: Expecting value: line 1 column 1 (char 0)
[validate] mode='code_lab' success=True nobj=4 cf=False lab=True
[exec-route] mode='explore' desc[:80]='We will conduct an empirical scan of the minimal network width N_c(w) required t' obj_len=509 is_exp_desc=True is_exp_obj=True is_det_desc=False
[code-lab-author] raw_len=2447 extracted_len=2432 prompt_len=4197
[code-lab-run] res_none=False success=True nobj=2 reason=''
validate: 非有限 objectives 不计为证据 (keys=['rigid_Nc_min'])
[validate] mode='code_lab' success=True nobj=2 cf=False lab=False
[exec-route] mode='explore' desc[:80]='Design a numerical experiment to test the hypothesis that bootstrap solution spa' obj_len=509 is_exp_desc=True is_exp_obj=True is_det_desc=True
[code-lab-author] raw_len=2117 extracted_len=2103 prompt_len=4610
[code-lab-run] res_none=False success=True nobj=4 reason=''
[validate] mode='code_lab' success=True nobj=4 cf=False lab=True
[exec-route] mode='explore' desc[:80]='Design and execute a numerical scan to test the hypothesis that small feedforwar' obj_len=509 is_exp_desc=True is_exp_obj=True is_det_desc=False
[code-lab-author] raw_len=4050 extracted_len=4035 prompt_len=4215
[code-lab-run] res_none=False success=True nobj=3 reason=''
error in _parse_verify_score: JSON parse failed, falling back to regex
Traceback (most recent call last):
  File "/workspace/agent/huginn/autoloop/engine_reflect.py", line 2453, in _parse_verify_score
    data = json.loads(resp.strip())
  File "/root/.pyenv/versions/3.14.7/lib/python3.14/json/__init__.py", line 352, in loads
    return _default_decoder.decode(s)
           ~~~~~~~~~~~~~~~~~~~~~~~^^^
  File "/root/.pyenv/versions/3.14.7/lib/python3.14/json/decoder.py", line 345, in decode
    obj, end = self.raw_decode(s, idx=_w(s, 0).end())
               ~~~~~~~~~~~~~~~^^^^^^^^^^^^^^^^^^^^^^^
  File "/root/.pyenv/versions/3.14.7/lib/python3.14/json/decoder.py", line 363, in raw_decode
    raise JSONDecodeError("Expecting value", s, err.value) from None
json.decoder.JSONDecodeError: Expecting value: line 1 column 1 (char 0)
[validate] mode='code_lab' success=True nobj=3 cf=False lab=True
[exec-route] mode='explore' desc[:80]='Design and execute a numerical experiment to test if small feedforward networks ' obj_len=509 is_exp_desc=True is_exp_obj=True is_det_desc=True
[code-lab-author] raw_len=3942 extracted_len=3927 prompt_len=4230
[code-lab-run] res_none=False success=True nobj=2 reason=''
[validate] mode='code_lab' success=True nobj=2 cf=False lab=True
[exec-route] mode='explore' desc[:80]='Design a numerical experiment to test the Empirical Concentration Hypothesis reg' obj_len=509 is_exp_desc=True is_exp_obj=True is_det_desc=False
[code-lab-author] raw_len=4239 extracted_len=4224 prompt_len=4230
[code-lab-run] res_none=True success=None nobj=0 reason="执行异常: TypeError: unsupported operand type(s) for /: 'dict' and 'float'"
[code-lab-author] raw_len=3971 extracted_len=3956 prompt_len=7140
[code-lab-run] res_none=False success=True nobj=3 reason=''
[validate] mode='code_lab' success=True nobj=3 cf=False lab=True
plan_check failed (tier=light, scene=other, max_refines=1): The plan fundamentally misaligns with the hypothesis. The hypothesis concerns 'measure concentration on the output space' (statistical variance decay under random initialization), but the plan describes measuring 'N_c(w)' as the network capacity to satisfy deterministic constraints (training error on held-out points). This is a different problem (approximation capacity vs. output variance concentration). The plan fails to compute or verify the key quantity: output variance decay as O(1/w) under random initialization, which is the core of the hypothesis.
[exec-route] mode='explore' desc[:80]='This is a pure mathematics / ML theory investigation (function space geometry / ' obj_len=509 is_exp_desc=True is_exp_obj=True is_det_desc=True
[code-lab-author] raw_len=1870 extracted_len=1855 prompt_len=4763
[code-lab-run] res_none=False success=True nobj=2 reason=''
[validate] mode='code_lab' success=True nobj=2 cf=False lab=True
[exec-route] mode='explore' desc[:80]='[auto-routed: surprise=1.00] This is a pure ML/math hypothesis testing problem. ' obj_len=509 is_exp_desc=True is_exp_obj=True is_det_desc=False
[code-lab-author] raw_len=3636 extracted_len=3621 prompt_len=4369
[code-lab-run] res_none=True success=None nobj=0 reason="执行异常: UnboundLocalError: cannot access local variable 'coeffs' where it is not associated with a value"
[code-lab-author] raw_len=3632 extracted_len=3617 prompt_len=7311
[code-lab-run] res_none=True success=None nobj=0 reason="执行异常: UnboundLocalError: cannot access local variable 'coeffs' where it is not associated with a value"
[code-lab-author] raw_len=3424 extracted_len=3409 prompt_len=7311
[code-lab-run] res_none=False success=True nobj=2 reason=''
[validate] mode='code_lab' success=True nobj=2 cf=False lab=True
metacog: 假设可能为换名归约 (trap=, target=[DIM: measure] The constraints induce a measure concentration on the output space...): [DIM: measure] Stochastic Concentration Hypothesis**
[exec-route] mode='explore' desc[:80]='Design a systematic scan of small feedforward networks to probe the rigidity of ' obj_len=509 is_exp_desc=True is_exp_obj=True is_det_desc=False
[code-lab-author] raw_len=1968 extracted_len=1955 prompt_len=4233
[code-lab-run] res_none=False success=True nobj=2 reason=''
[validate] mode='code_lab' success=True nobj=2 cf=False lab=True
metacog: 假设可能为换名归约 (trap=, target=Constraints are generated by a low-degree polynomial invariant (e.g., $y = x^2$ or modular). The network learns the invariant function.): [DIM: structure] Algebraic Invariant Hypothesis**
[exec-route] mode='explore' desc[:80]='[auto-routed: surprise=1.00] Create the numerical experiment to test the Algebra' obj_len=509 is_exp_desc=True is_exp_obj=True is_det_desc=True
[code-lab-author] raw_len=4282 extracted_len=4267 prompt_len=4136
[code-lab-run] res_none=True success=None nobj=0 reason="执行异常: KeyError: 'rigid_err'"
[code-lab-author] raw_len=4090 extracted_len=4075 prompt_len=7003
[code-lab-run] res_none=False success=True nobj=1 reason=''
[validate] mode='code_lab' success=True nobj=1 cf=False lab=True
metacog: 假设可能为换名归约 (trap=, target=Manifold Embedding Hypothesis): ** I will pick the one that seems most novel/robust. The Geometry (Manifold) hypothesis is often the
renamed-reduction 3× consecutive: trigger counterexample hunt
[exec-route] mode='explore' desc[:80]='[auto-routed: surprise=1.00] Execute a bootstrap rigidity experiment for small f' obj_len=509 is_exp_desc=True is_exp_obj=True is_det_desc=False
[code-lab-author] raw_len=3421 extracted_len=3406 prompt_len=4763
[code-lab-run] res_none=False success=True nobj=4 reason=''
[validate] mode='code_lab' success=True nobj=4 cf=False lab=True
plan_check failed (tier=light, scene=auto_numerical, max_refines=1): The hypothesis string in the target field is empty ('.'), making the goal undefined. As noted in the historical failures, without a clear non-empty hypothesis, the experiment cannot be designed to validate against a specific claim. While the DESCRIPTION and PREDICTION are well-structured, they target no actual hypothesis. The plan repeats the same failure as before by not defining a concrete hypothesis to test.
[exec-route] mode='explore' desc[:80]='Define a hypothesis about solution space rigidity: "For polynomial identity cons' obj_len=509 is_exp_desc=True is_exp_obj=True is_det_desc=False
[code-lab-author] raw_len=2787 extracted_len=2772 prompt_len=4007
[code-lab-run] res_none=False success=True nobj=1 reason=''
[validate] mode='code_lab' success=True nobj=1 cf=False lab=True
[exec-route] mode='explore' desc[:80]='We will design a systematic numerical experiment to test the hypothesis that $N_' obj_len=509 is_exp_desc=True is_exp_obj=True is_det_desc=True
[code-lab-author] raw_len=1873 extracted_len=1858 prompt_len=4763
[code-lab-run] res_none=False success=True nobj=2 reason=''
[validate] mode='code_lab' success=True nobj=2 cf=False lab=True
[exec-route] mode='explore' desc[:80]='Systematically test the bootstrap constraint rigidity hypothesis via small feedf' obj_len=509 is_exp_desc=True is_exp_obj=True is_det_desc=True
[code-lab-author] raw_len=3514 extracted_len=3499 prompt_len=4348
[code-lab-run] res_none=False success=True nobj=1 reason=''
[validate] mode='code_lab' success=True nobj=1 cf=False lab=True
plan_check failed (tier=light, scene=md, max_refines=1): The plan is an exploratory description lacking executable implementation details. It fails the 'coder' requirement by not providing the actual code needed to run the experiment. Specifically, it omits the exact definition of the piecewise-constant function, the method for generating bootstrap constraints, the specific loss function (though implied as max absolute error, it's not explicit), and the validation protocol construction. Without these, the experiment cannot be verified or reproduced, directly repeating the 'same scenario historical failure' noted in the prompt.
[exec-route] mode='explore' desc[:80]='Implement a rigorous numerical experiment to test the approximation-theoretic ri' obj_len=509 is_exp_desc=True is_exp_obj=True is_det_desc=False
[code-lab-author] raw_len=3895 extracted_len=3880 prompt_len=4250
[code-lab-run] res_none=False success=True nobj=3 reason=''
