<frozen runpy>:130: RuntimeWarning: 'huginn.cli.main' found in sys.modules after import of package 'huginn.cli', but prior to execution of 'huginn.cli.main'; this may result in unpredictable behaviour
解析 SKILL.md 失败 /workspace/agent/huginn/plugins/science-skills/skills/instrument-ingest/SKILL.md: mapping values are not allowed here
  in "<unicode string>", line 2, column 160:
     ... 数据转成可检索的测量摘要。对应 chain-of-thought: 输入仪器导出文件 → 输出"峰位+强度+FWHM+新相提示" ... 
                                         ^
解析 SKILL.md 失败 /workspace/agent/huginn/plugins/science-skills/skills/structure-encoder/SKILL.md: mapping values are not allowed here
  in "<unicode string>", line 2, column 175:
     ... 检索的 JSON 描述子。对应 chain-of-thought: 输入结构 → 输出统一的"化学式+空间群+晶格+元素比例"  ... 
                                         ^
解析技能文件失败 /workspace/agent/huginn/plugins/science-skills/skills/instrument-ingest/SKILL.md: mapping values are not allowed here
  in "<unicode string>", line 2, column 160:
     ... 数据转成可检索的测量摘要。对应 chain-of-thought: 输入仪器导出文件 → 输出"峰位+强度+FWHM+新相提示" ... 
                                         ^
解析技能文件失败 /workspace/agent/huginn/plugins/science-skills/skills/structure-encoder/SKILL.md: mapping values are not allowed here
  in "<unicode string>", line 2, column 175:
     ... 检索的 JSON 描述子。对应 chain-of-thought: 输入结构 → 输出统一的"化学式+空间群+晶格+元素比例"  ... 
                                         ^
Tool huginn.tools.vasp_tool registered but its deps are missing — capability degraded: pymatgen
Tool huginn.tools.sim.packing_tool registered but its deps are missing — capability degraded: ase, matplotlib, rdkit
Tool huginn.tools.sim.plasma_tool registered but its deps are missing — capability degraded: sklearn
Tool huginn.tools.vina_tool registered but its deps are missing — capability degraded: rdkit, vina
Tool huginn.tools.openmm_tool registered but its deps are missing — capability degraded: openmm
Tool huginn.tools.sci.symbolic_regression_tool registered but its deps are missing — capability degraded: model
Tool huginn.tools.dynamics_discovery_tool registered but its deps are missing — capability degraded: sklearn
Tool huginn.tools.sci.interpretable_ml_tool registered but its deps are missing — capability degraded: gpytorch
Tool huginn.tools.sci.sklearn_tool registered but its deps are missing — capability degraded: sklearn
Tool huginn.tools.sci.autodiff_tool registered but its deps are missing — capability degraded: jax
Tool huginn.tools.numerical_tool registered but its deps are missing — capability degraded: cvxpy, pulp
Tool huginn.tools.sci.symmetry_tool registered but its deps are missing — capability degraded: pymatgen, spglib
Tool huginn.tools.sci.tda_tool registered but its deps are missing — capability degraded: gudhi, ripser
Tool huginn.tools.sci.uq_tool registered but its deps are missing — capability degraded: chaospy
Tool huginn.tools.gp_tool registered but its deps are missing — capability degraded: sklearn
Tool huginn.tools.sci.gnn_tool registered but its deps are missing — capability degraded: sklearn, torch_geometric
Tool huginn.tools.sci.stat_tests_tool registered but its deps are missing — capability degraded: statsmodels
Tool huginn.tools.sci.descriptor_tool registered but its deps are missing — capability degraded: ase, dscribe, matminer, pymatgen
Tool huginn.tools.rdkit_tool registered but its deps are missing — capability degraded: rdkit
Tool huginn.tools.sci.active_learning_tool registered but its deps are missing — capability degraded: pandas
Tool huginn.tools.sci.ml_potential_tool registered but its deps are missing — capability degraded: ase, chgnet, fairchem, mace, pynep
Tool huginn.tools.sci.xrd_sim_tool registered but its deps are missing — capability degraded: pymatgen
Tool huginn.tools.design.doe_tool registered but its deps are missing — capability degraded: statsmodels
Tool huginn.tools.vision_describe_tool registered but its deps are missing — capability degraded: easyocr, paddleocr, pytesseract
Tool huginn.tools.model3d_tool registered but its deps are missing — capability degraded: pymatgen, trimesh
Tool huginn.tools.browser_tool registered but its deps are missing — capability degraded: playwright, selenium
Tool huginn.tools.materials_database_tool registered but its deps are missing — capability degraded: ase, pymatgen
Tool huginn.tools.thermo_tool registered but its deps are missing — capability degraded: pymatgen, thermo
Tool huginn.tools.bench_infra.plot_tool registered but its deps are missing — capability degraded: matplotlib
Tool huginn.tools.bench_infra.c2st_tool registered but its deps are missing — capability degraded: sklearn
FTS5 stale: MATCH 'runid' = 0, rebuilding index
strict_work_dir=True but allowed_work_dirs empty — path scoping inactive. Set allowed_work_dirs or HUGINN_WORKSPACE to enable.
Created goal: goal_6523b227
  criteria: ['tests_passed']
╭────────────────────────────────── Starting ──────────────────────────────────╮
│ Autoloop                                                                     │
│ Objective: 【研究命题·纯机器学习/数学】                                      │
│                                                                              │
│ 解空间刚性 = 满足全部解析约束的函数集合的维数：低维/唯一 = 刚，高维/连续族 = │
│ 胖。                                                                         │
│                                                                              │
│ 核心问题：小型前馈网络的“泛化行为”能否作为 bootstrap 解空间刚性的探针？      │
│ 令 w = 约束样本数，N_c(w) =                                                  │
│ 在未参与训练的留出约束点上取得“零违规”所需的最小网络容量（用隐藏层宽度度量） │
│ 。测量 N_c(w) 随 w 的趋势：                                                  │
│ - 不增（小容量即可零违规）→ 支持刚性（唯一性/低维）；                        │
│ - 递增（样本越多越装不下）→ 支持胖（高维/连续族）。                          │
│                                                                              │
│ 研究对象只能是小型前馈网络本身。硬性边界：严禁把本命题替换或“换名归约”为材料 │
│ 、化学、玻璃、合金、离子导电等任何物理体系，也不要用别的领域类比回答。       │
│                                                                              │
│ 【第 0 步·零违规可达性 bootstrap（必须先做，否则整轮无效）】                 │
│ 在测 N_c(w)                                                                  │
│ 之前，先证明“零违规在本实验里是可达的”：构造一个足够容易的子问题（例如低维线 │
│ 性可分/低维唯一解约束族 + 足够宽的网络 + 足够多训练步 +                      │
│ 合适的学习率），让某个 (w, 宽度, 种子)                                       │
│ 组合训练后对留出点达到零违规（阈值可取留出违规 ≤1e-3 或直接判 0              │
│ 个误分类点），并把这个“可达锚点”的数值（宽度、训练步、训练违规、留出违规）如 │
│ 实打印出来。                                                                 │
│ - 若在最大宽度、最大训练步下仍无法零违规，说明实验设置有问题（欠训练 /       │
│ 阈值太严 / 任务不可分），必须调整后重做；此时不得报                          │
│ N_c(w)，更不得把“未收敛的低值”当作刚性证据。                                 │
│ - 上一轮实验的失败正是：所有 w 都停在约 3.125% 违规、从未零违规，却把 N_c    │
│ 报成“持平”——那是“没收敛”，不是“刚性”。这次必须显式通过第 0                   │
│ 步排除这一伪结果。                                                           │
│                                                                              │
│ 【实验设计·可复现数值实验】                                                  │
│ 1)                                                                           │
│ 真的训练网络：用梯度下降/明确优化器迭代更新权重去寻找能零违规的最小宽度；不  │
│ 允许只做随机初始化后检查“随机网络是否恰好分类正确”。                         │
│ 2) 宽度扫描要留足上限，并保证扫描范围内确实存在零违规的宽度（由第 0          │
│ 步保证可达）；若整段扫描全部触顶，说明实验无效，必须改约束族或提高上限后重做 │
│ ——不得把触顶值当作 N_c(w)。                                                  │
│ 3) 趋势判据必须区分“非增”与“递减”：全相等应报“持平(flat)”，不是              │
│ decreasing。报告必须给出真实 N_c(w) 数值表，以及每个 w                       │
│ 的训练违规/留出违规数值。                                                    │
│ 4) 至少 3 个随机种子，报告 N_c(w)                                            │
│ 的均值±标准差，并说明约束族的构造依据（低维/刚性与高维/胖各对应什么解析      │
│ ground truth）。                                                             │
│                                                                              │
│ 【Code Lab 可跑性约束（脚本必须满足，否则跑不通）】                          │
│ - 只写 `import numpy as                                                      │
│ np`（及等价的科学计算白名单库），纯数值计算，禁止文件 IO / 网络 / 绘图；     │
│ - 必须提供 `def run(cfg): ...`，返回 `{"success": bool, "summary": {...},    │
│ "objectives": {name: float}}`；                                              │
│ -                                                                            │
│ 网格/训练规模要能在沙箱超时内跑完：宽度扫描点数、训练步数、种子数的总计算量  │
│ 要控制住，先用小规模跑通第 0 步，再放大到完整扫描；                          │
│ - 随机数一律用 `np.random.default_rng(seed)`（不要用已被移除的               │
│ `rng.randn`）；                                                              │
│ - 跑不通就如实报告失败与报错，绝不编造数字。                                 │
│                                                                              │
│ 所有结论必须来自真实运行的可复现数值实验：给出扫描/网格设置、训练与留出违规  │
│ 的数值、以及 N_c(w) 的数值与趋势。                                           │
│ Max iterations: 24                                                           │
╰──────────────────────────────────────────────────────────────────────────────╯
[cache-debug] model=Intern-S2-Preview-35B stats_keys=['model_provider', 'finish_reason', 'model_name']
FTS5 stale: MATCH 'runid' = 0, rebuilding index
metacog: 假设可能为换名归约 (trap=, target=原始问题中关于小型前馈网络泛化行为作为解空间刚性探针的假设，即通过测量 N_c(w) 随 w 的趋势来判断解空间是刚性还是胖。): [DIM: structure] The solution space of small feedforward networks interpolating analytic constraints
