<frozen runpy>:130: RuntimeWarning: 'huginn.cli.main' found in sys.modules after import of package 'huginn.cli', but prior to execution of 'huginn.cli.main'; this may result in unpredictable behaviour
解析 SKILL.md 失败 /workspace/agent/huginn/plugins/science-skills/skills/instrument-ingest/SKILL.md: mapping values are not allowed here
  in "<unicode string>", line 2, column 160:
     ... 数据转成可检索的测量摘要。对应 chain-of-thought: 输入仪器导出文件 → 输出"峰位+强度+FWHM+新相提示" ... 
                                         ^
解析 SKILL.md 失败 /workspace/agent/huginn/plugins/science-skills/skills/structure-encoder/SKILL.md: mapping values are not allowed here
  in "<unicode string>", line 2, column 175:
     ... 检索的 JSON 描述子。对应 chain-of-thought: 输入结构 → 输出统一的"化学式+空间群+晶格+元素比例"  ... 
                                         ^
解析技能文件失败 /workspace/agent/huginn/plugins/science-skills/skills/instrument-ingest/SKILL.md: mapping values are not allowed here
  in "<unicode string>", line 2, column 160:
     ... 数据转成可检索的测量摘要。对应 chain-of-thought: 输入仪器导出文件 → 输出"峰位+强度+FWHM+新相提示" ... 
                                         ^
解析技能文件失败 /workspace/agent/huginn/plugins/science-skills/skills/structure-encoder/SKILL.md: mapping values are not allowed here
  in "<unicode string>", line 2, column 175:
     ... 检索的 JSON 描述子。对应 chain-of-thought: 输入结构 → 输出统一的"化学式+空间群+晶格+元素比例"  ... 
                                         ^
Tool huginn.tools.vasp_tool registered but its deps are missing — capability degraded: pymatgen
Tool huginn.tools.sim.packing_tool registered but its deps are missing — capability degraded: ase, matplotlib, rdkit
Tool huginn.tools.sim.plasma_tool registered but its deps are missing — capability degraded: sklearn
Tool huginn.tools.vina_tool registered but its deps are missing — capability degraded: rdkit, vina
Tool huginn.tools.openmm_tool registered but its deps are missing — capability degraded: openmm
Tool huginn.tools.sci.symbolic_regression_tool registered but its deps are missing — capability degraded: model
Tool huginn.tools.dynamics_discovery_tool registered but its deps are missing — capability degraded: sklearn
Tool huginn.tools.sci.interpretable_ml_tool registered but its deps are missing — capability degraded: gpytorch
Tool huginn.tools.sci.sklearn_tool registered but its deps are missing — capability degraded: sklearn
Tool huginn.tools.sci.autodiff_tool registered but its deps are missing — capability degraded: jax
Tool huginn.tools.numerical_tool registered but its deps are missing — capability degraded: cvxpy, pulp
Tool huginn.tools.sci.symmetry_tool registered but its deps are missing — capability degraded: pymatgen, spglib
Tool huginn.tools.sci.tda_tool registered but its deps are missing — capability degraded: gudhi, ripser
Tool huginn.tools.sci.uq_tool registered but its deps are missing — capability degraded: chaospy
Tool huginn.tools.gp_tool registered but its deps are missing — capability degraded: sklearn
Tool huginn.tools.sci.gnn_tool registered but its deps are missing — capability degraded: sklearn, torch_geometric
Tool huginn.tools.sci.stat_tests_tool registered but its deps are missing — capability degraded: statsmodels
Tool huginn.tools.sci.descriptor_tool registered but its deps are missing — capability degraded: ase, dscribe, matminer, pymatgen
Tool huginn.tools.rdkit_tool registered but its deps are missing — capability degraded: rdkit
Tool huginn.tools.sci.active_learning_tool registered but its deps are missing — capability degraded: pandas
Tool huginn.tools.sci.ml_potential_tool registered but its deps are missing — capability degraded: ase, chgnet, fairchem, mace, pynep
Tool huginn.tools.sci.xrd_sim_tool registered but its deps are missing — capability degraded: pymatgen
Tool huginn.tools.design.doe_tool registered but its deps are missing — capability degraded: statsmodels
Tool huginn.tools.vision_describe_tool registered but its deps are missing — capability degraded: easyocr, paddleocr, pytesseract
Tool huginn.tools.model3d_tool registered but its deps are missing — capability degraded: pymatgen, trimesh
Tool huginn.tools.browser_tool registered but its deps are missing — capability degraded: playwright, selenium
Tool huginn.tools.materials_database_tool registered but its deps are missing — capability degraded: ase, pymatgen
Tool huginn.tools.thermo_tool registered but its deps are missing — capability degraded: pymatgen, thermo
Tool huginn.tools.bench_infra.plot_tool registered but its deps are missing — capability degraded: matplotlib
Tool huginn.tools.bench_infra.c2st_tool registered but its deps are missing — capability degraded: sklearn
FTS5 stale: MATCH 'runid' = 0, rebuilding index
strict_work_dir=True but allowed_work_dirs empty — path scoping inactive. Set allowed_work_dirs or HUGINN_WORKSPACE to enable.
╭────────────────────────────────── Starting ──────────────────────────────────╮
│ Autoloop                                                                     │
│ Objective: 【研究命题·纯机器学习/数学】                                      │
│                                                                              │
│ 解空间刚性 = 满足全部解析约束的函数集合的维数：低维/唯一 = 刚，高维/连续族 = │
│ 胖。                                                                         │
│                                                                              │
│ 核心问题：小型前馈网络的“泛化行为”能否作为 bootstrap 解空间刚性的探针？      │
│ 令 w = 约束样本数，N_c(w) =                                                  │
│ 在未参与训练的留出约束点上取得“零违规”所需的最小网络容量（用隐藏层宽度度量） │
│ 。测量 N_c(w) 随 w 的趋势：                                                  │
│ - 不增（小容量即可零违规）→ 支持刚性（唯一性/低维）；                        │
│ - 递增（样本越多越装不下）→ 支持胖（高维/连续族）。                          │
│                                                                              │
│ 研究对象只能是小型前馈网络本身。硬性边界：严禁把本命题替换或“换名归约”为材料 │
│ 、化学、玻璃、合金、离子导电等任何物理体系，也不要用别的领域类比回答。       │
│                                                                              │
│ 【零违规判据·统一口径（务必遵守）】                                          │
│ - 零违规 = 在未参与训练的留出约束点上，最大绝对误差 ≤ 1e-3。                 │
│ - 训练误差只需“足够小”（例如 ≤1e-4）即可，**不要额外加 train_err < 1e-6      │
│ 这类过严门槛**——它会把本来可达的宽度也判成失败，制造伪“不可达”。             │
│ - 所有报告数值必须是有限数（禁止 inf / nan /                                 │
│ None）：某行若达不到零违规，就如实报该行真实的（有限）留出误差，不要写 inf。 │
│                                                                              │
│ 【第 0 步·零违规可达性 bootstrap（必须先做，否则整轮无效）】                 │
│ 在测 N_c(w)                                                                  │
│ 之前，先证明“零违规在本实验里是可达的”：构造一个足够容易的子问题（低维唯一解 │
│ 约束族 + 足够宽的网络），让某个 (w, 宽度, 种子)                              │
│ 组合训练后对留出点达到零违规，并把这个“可达锚点”的数值（宽度、训练误差、留出 │
│ 误差）如实打印出来。                                                         │
│ - 若在最大宽度下仍无法零违规，先调优化器/起点/训练规模再重做；此时不得报     │
│ N_c(w)，也不得把“未收敛的低值”当作刚性证据。                                 │
│                                                                              │
│ 【实验设计·可复现数值实验】                                                  │
│ 1) 真的训练网络：用 scipy.optimize.minimize(method='L-BFGS-B') 最小化训练集  │
│ MSE 去找能零违规的最小宽度；手写 numpy 梯度下降通常收敛不到                  │
│ 1e-3，不要用它当主优化器。                                                   │
│ 2) 多起点：每个宽度用 ≥3                                                     │
│ 个随机起点各优化一次取最优，避免优化器落到局部极小、把可达宽度误判为不可达。 │
│ 3) 宽度扫描要留足上限，并保证扫描范围内确实存在零违规的宽度（由第 0          │
│ 步保证可达）；若整段扫描全部触顶，说明实验无效，必须改约束族或提高上限后重做 │
│ 。                                                                           │
│ 4) 趋势判据必须区分“非增”与“递减”：全相等应报“持平(flat)”，不是              │
│ decreasing。报告必须给出真实 N_c(w) 数值表，以及每行的训练误差 /             │
│ 留出误差（都是有限数）。                                                     │
│ 5) 至少 3 个随机种子，报告 N_c(w)                                            │
│ 的均值±标准差，并说明约束族的构造依据（低维/刚性与高维/胖各对应什么解析      │
│ ground truth）。                                                             │
│                                                                              │
│ 【Code Lab 脚本契约（脚本必须满足，否则跑不通）】                            │
│ - 沙箱**已内置完整数值管线** capacity_scan(family, ...)：训练（两层 tanh +   │
│ L-BFGS-B 多起点）/宽度扫描/零违规判据/N_c 汇总 都由它完成。                  │
│ - 你**只需实现 family(kind, w, seed) 这一个函数**（定义 rigid/fat            │
│ 各自的约束族数据，这是真正需要你决策的科学部分），run(cfg) 原样 `return      │
│ capacity_scan(family, seed=...)`。                                           │
│ - **不要改 run                                                               │
│ 函数，也不要把训练/优化/参数打包/前向传播写进代码**——那正是反复形状报错的根  │
│ 源，已验证在本环境里必错。                                                   │
│ - family 返回 dict {'X','y','Xv','yv'}：X/y 是 w 个**训练**约束点，Xv/yv     │
│ 是**留出**约束点；X/y/Xv/yv 一律用 .reshape(-1, 1) 升成 (N,1)。              │
│ - **标签形状硬约束**：y/yv 必须是 (N,1)。`(N,)` 与 `(N,1)` 相加会广播成      │
│ `(N,N)`——这是个**静默伪结果**陷阱：误差会退化成常数级假值而不报错。脚手架现  │
│ 已硬校验标签形状，非 (N,1) 直接失败。请一律先建一维数组再 `.reshape(-1,      │
│ 1)`。                                                                        │
│ - **留出集必须真的留出**：Xv 的输入点不能与 X                                │
│ 的任何训练点重合（否则“留出误差”=训练误差，N_c 判据失效；脚手架会判          │
│ trend='invalid_heldout' 并在 warnings 里报重叠比例）。Xv                     │
│ 请用不同的网格或不同采样点。                                                 │
│ - 随机数用 rng = np.random.default_rng(seed)；Generator **没有** randn，用   │
│ rng.standard_normal(n)。                                                     │
│ - 不要用 assert / raise 中断执行：把测到的真实数值（含不理想的结果）全部     │
│ return，由上层裁决。                                                         │
│                                                                              │
│ 【上一轮(run27)的伪结果诊断·本轮必须避免（这是验收硬项）】                   │
│ run27 的两族设计是无效的，两个根因都要避免：                                 │
│ 1) **fat 族的标签犯了广播 bug**：`y = X[:,0] +                               │
│ rng.standard_normal((w,1))*0.0` 得到的是 (w,w) 而不是 (w,1)，导致 fat        │
│ 的留出误差被钉在 ~0.51（其实是形状错配的假值，与网络容量无关）。→            │
│ 本轮标签必须是货真价实的 (N,1)。                                             │
│ 2) **rigid/fat 不是真正对立的两族**：run27 里 rigid 是 y=x²、fat 退化成      │
│ y=x，二者都是平凡的 1 维目标，任何小网络都能拟合，无法体现“刚 vs 胖”的差别。 │
│    本轮要求给出**真正互斥的解析 ground truth**：                             │
│    - rigid =                                                                 │
│ 低维/唯一解族：有限样本足以确定函数，小容量网络可以对**留出点**零违规；      │
│    - fat = 高维/连续族：有限 w                                               │
│ 个样本在**留出点**上留下真实歧义（例如目标含远多于 w                         │
│ 个独立自由度/高频成分），使得**扫描范围内没有任何宽度**能在留出点零违规——这  │
│ 不是 bug，而是“胖”的真实签名；若你构造的 fat 在小宽度就能零违规，说明 fat    │
│ 族太容易被拟合，构造不当，需重做。                                           │
│    报告必须同时给出 rigid 与 fat 两族的 N_c(w)（fat 允许全为                 │
│ None，但要如实、明确地说明“扫描上限 h=64                                     │
│ 内不可达”，并给出其有限留出误差数值）。                                      │
│                                                                              │
│ 【报告纪律（硬项）】                                                         │
│ - 报告里每一条结论都必须能被 objectives / N_c                                │
│ 表里的真实数值支持；**禁止**把与数值矛盾的趋势写成结论（run27 把真实为 2,2,8 │
│ 的 rigid N_c 报成了“flat at 2”）。                                           │
│ -                                                                            │
│ 训练误差列与留出误差列必须是各自独立测得的真实数值，**不得**把留出误差原样复 │
│ 制到训练误差列。                                                             │
│ - 报告正文不得引入材料/化学/晶界等类比框架；研究对象限定为小型前馈网络本身。 │
│                                                                              │
│ 所有结论必须来自真实运行的可复现数值实验：给出扫描设置、训练与留出误差的数值 │
│ 、以及 N_c(w) 的数值与趋势。                                                 │
│ Max iterations: 24                                                           │
╰──────────────────────────────────────────────────────────────────────────────╯
[cache-debug] model=Intern-S2-Preview-35B stats_keys=['model_provider', 'finish_reason', 'model_name']
FTS5 stale: MATCH 'runid' = 0, rebuilding index
metacog: 假设可能为换名归约 (trap=, target=线性约束系统的代数刚性): [DIM: structure] The solution space of a linear constraint system is uniquely rigid (dimension 0), s
[exec-route] mode='coder' desc[:80]='Implement the rigid constraint family function for the numerical experiment. The' obj_len=2999 is_exp_desc=True is_exp_obj=True is_det_desc=True
[code-lab-author] raw_len=775 extracted_len=760 prompt_len=5355
[code-lab-run] res_none=False success=True nobj=36 reason=''
[validate] mode='code_lab' success=True nobj=36 cf=False lab=True
FTS5 stale: MATCH 'runid' = 0, rebuilding index
metacog: 假设可能为换名归约 (trap=, target=线性约束系统的刚性 (Linear Constraint System Rigidity)): [DIM: structure] The solution space of a linear constraint system is uniquely rigid (dimension 0), s
[exec-route] mode='explore' desc[:80]='[auto-routed: surprise=1.00] Implement the rigid constraint family (linear syste' obj_len=2999 is_exp_desc=True is_exp_obj=True is_det_desc=False
[code-lab-author] raw_len=753 extracted_len=738 prompt_len=5355
[code-lab-run] res_none=False success=True nobj=36 reason=''
[validate] mode='code_lab' success=True nobj=36 cf=False lab=True
FTS5 stale: MATCH 'runid' = 0, rebuilding index
metacog: 假设可能为换名归约 (trap=, target=原始问题中的刚性（Rigid）与胖（Fat）二分法): [DIM: structure] The solution space of a non-linear transcendental constraint system (e.g., trigonom
plan_check failed (tier=medium, scene=other, max_refines=0): The plan is fundamentally flawed because it describes a high-level conceptual investigation ('implement the capacity_scan framework') without providing the necessary executable code or numerical methodology to test the hypothesis. The 'known failure modes' explicitly warn against this exact behavior: 'current plan does not contain directly runnable numerical script'. Without concrete mathematical definitions of $N_c(w)$, the transcendental constraint system, and the network architecture, the prediction remains an untestable assertion rather than a scientific claim.
[exec-route] mode='explore' desc[:80]='The hypothesis posits that non-linear transcendental constraint systems exhibit ' obj_len=2999 is_exp_desc=True is_exp_obj=True is_det_desc=False
[code-lab-author] raw_len=827 extracted_len=812 prompt_len=5355
[code-lab-run] res_none=True success=None nobj=0 reason='执行异常: ValueError: operands could not be broadcast together with shapes (5,1) (10,1) '
[code-lab-author] raw_len=906 extracted_len=891 prompt_len=6608
[code-lab-run] res_none=False success=True nobj=36 reason=''
