<frozen runpy>:130: RuntimeWarning: 'huginn.cli.main' found in sys.modules after import of package 'huginn.cli', but prior to execution of 'huginn.cli.main'; this may result in unpredictable behaviour
Tool huginn.tools.vasp_tool registered but its deps are missing — capability degraded: pymatgen
Tool huginn.tools.sim.packing_tool registered but its deps are missing — capability degraded: ase, matplotlib, rdkit
Tool huginn.tools.sim.plasma_tool registered but its deps are missing — capability degraded: sklearn
Tool huginn.tools.sim.transolver_tool registered but its deps are missing — capability degraded: torch
Tool huginn.tools.vina_tool registered but its deps are missing — capability degraded: rdkit, vina
Tool huginn.tools.openmm_tool registered but its deps are missing — capability degraded: openmm
Tool huginn.tools.sci.symbolic_regression_tool registered but its deps are missing — capability degraded: model, torch
Tool huginn.tools.dynamics_discovery_tool registered but its deps are missing — capability degraded: sklearn
Tool huginn.tools.sci.interpretable_ml_tool registered but its deps are missing — capability degraded: gpytorch, torch
Tool huginn.tools.sci.sklearn_tool registered but its deps are missing — capability degraded: sklearn
Tool huginn.tools.sci.vae_tool registered but its deps are missing — capability degraded: torch
Tool huginn.tools.sci.autodiff_tool registered but its deps are missing — capability degraded: jax
Tool huginn.tools.numerical_tool registered but its deps are missing — capability degraded: cvxpy, pulp
Tool huginn.tools.sci.symmetry_tool registered but its deps are missing — capability degraded: pymatgen, spglib
Tool huginn.tools.sci.tda_tool registered but its deps are missing — capability degraded: gudhi, ripser
Tool huginn.tools.sci.uq_tool registered but its deps are missing — capability degraded: chaospy
Tool huginn.tools.gp_tool registered but its deps are missing — capability degraded: sklearn
Tool huginn.tools.sci.gnn_tool registered but its deps are missing — capability degraded: sklearn, torch, torch_geometric
Tool huginn.tools.sci.stat_tests_tool registered but its deps are missing — capability degraded: statsmodels
Tool huginn.tools.sci.descriptor_tool registered but its deps are missing — capability degraded: ase, dscribe, matminer, pymatgen
Tool huginn.tools.rdkit_tool registered but its deps are missing — capability degraded: rdkit
Tool huginn.tools.sci.active_learning_tool registered but its deps are missing — capability degraded: pandas
Tool huginn.tools.sci.ml_potential_tool registered but its deps are missing — capability degraded: ase, chgnet, fairchem, mace, pynep
Tool huginn.tools.sci.xrd_sim_tool registered but its deps are missing — capability degraded: pymatgen
Tool huginn.tools.design.doe_tool registered but its deps are missing — capability degraded: statsmodels
Tool huginn.tools.vision_describe_tool registered but its deps are missing — capability degraded: easyocr, paddleocr, pytesseract, torch
Tool huginn.tools.model3d_tool registered but its deps are missing — capability degraded: pymatgen, trimesh
Tool huginn.tools.browser_tool registered but its deps are missing — capability degraded: playwright, selenium
Tool huginn.tools.materials_database_tool registered but its deps are missing — capability degraded: ase, pymatgen
Tool huginn.tools.thermo_tool registered but its deps are missing — capability degraded: pymatgen, thermo
Tool huginn.tools.bench_infra.plot_tool registered but its deps are missing — capability degraded: matplotlib
Tool huginn.tools.bench_infra.matrix_tool registered but its deps are missing — capability degraded: torch
Tool huginn.tools.bench_infra.c2st_tool registered but its deps are missing — capability degraded: sklearn
strict_work_dir=True but allowed_work_dirs empty — path scoping inactive. Set allowed_work_dirs or HUGINN_WORKSPACE to enable.
Long-horizon goal: goal_6dc90e48
  wall-clock budget: 3600s, iteration cap: 30
╭────────────────────────────────── Starting ──────────────────────────────────╮
│ Autoloop                                                                     │
│ Objective: 【研究命题·纯机器学习/数学】                                      │
│                                                                              │
│ 解空间刚性 = 满足全部解析约束的函数集合的维数：低维/唯一 = 刚，高维/连续族 = │
│ 胖。                                                                         │
│                                                                              │
│ 核心问题：小型前馈网络的“泛化行为”能否作为 bootstrap 解空间刚性的探针？      │
│ 令 w = 约束样本数，N_c(w) =                                                  │
│ 在未参与训练的留出约束点上取得“零违规”所需的最小网络容量（用隐藏层宽度度量） │
│ 。                                                                           │
│                                                                              │
│ 【唯一硬性口径（不可更改，其余全由你决定）】                                 │
│ - 零违规 = 留出约束点上的最大绝对误差 ≤ 1e-3。                               │
│ - 刚性 = 扫描范围内存在较小的有限 N_c（且 N_c 不随 w 增长）；胖 =            │
│ 扫描上限内任何宽度都达不到零违规（N_c 不可达）。判别是二值的。               │
│ - 所有报告数值必须是有限数（禁止 inf/nan/None）。                            │
│ -                                                                            │
│ 研究对象只能是小型前馈网络本身。严禁把本命题替换或“换名归约”为材料/化学/玻璃 │
│ /合金/离子导电等任何物理体系，也不要用别的领域类比回答。                     │
│                                                                              │
│ 【实验的族、样本、扫描、脚本如何设计，以及如何证明“刚性可达”，由你自己决定并 │
│ 给出理由。】                                                                 │
│                                                                              │
│ 所有结论必须来自真实运行的可复现数值实验：给出扫描设置、训练与留出误差数值、 │
│ 以及 N_c(w) 的数值与趋势。                                                   │
│ Max iterations: 30                                                           │
╰──────────────────────────────────────────────────────────────────────────────╯
[cache-debug] model=Intern-S2-Preview-35B stats_keys=['model_provider', 'finish_reason', 'model_name']
empty required_results for target_1 — fallback
[exec-route] mode='coder' desc[:80]='Design and execute a numerical experiment to probe the "rigidity" of the solutio' obj_len=509 is_exp_desc=True is_exp_obj=True is_det_desc=False
[code-lab-author] raw_len=3706 extracted_len=3693 prompt_len=4187
[code-lab-run] res_none=False success=True nobj=3 reason=''
error in _parse_verify_score: JSON parse failed, falling back to regex
Traceback (most recent call last):
  File "/workspace/agent/huginn/autoloop/engine_reflect.py", line 2327, in _parse_verify_score
    data = json.loads(resp.strip())
  File "/root/.pyenv/versions/3.14.7/lib/python3.14/json/__init__.py", line 352, in loads
    return _default_decoder.decode(s)
           ~~~~~~~~~~~~~~~~~~~~~~~^^^
  File "/root/.pyenv/versions/3.14.7/lib/python3.14/json/decoder.py", line 345, in decode
    obj, end = self.raw_decode(s, idx=_w(s, 0).end())
               ~~~~~~~~~~~~~~~^^^^^^^^^^^^^^^^^^^^^^^
  File "/root/.pyenv/versions/3.14.7/lib/python3.14/json/decoder.py", line 361, in raw_decode
    obj, end = self.scan_once(s, idx)
               ~~~~~~~~~~~~~~^^^^^^^^
json.decoder.JSONDecodeError: Invalid \escape: line 5 column 52 (char 488)
[validate] mode='code_lab' success=True nobj=3 cf=False lab=True
[exec-route] mode='explore' desc[:80]='[auto-routed: surprise=1.00] Create a Python script that implements the bootstra' obj_len=509 is_exp_desc=True is_exp_obj=True is_det_desc=True
[code-lab-author] raw_len=3696 extracted_len=3681 prompt_len=4763
[code-lab-run] res_none=False success=True nobj=4 reason=''
[validate] mode='code_lab' success=True nobj=4 cf=False lab=True
plan_check failed (tier=medium, scene=other, max_refines=1): The plan fundamentally misinterprets the hypothesis by treating it as a standard neural network regression/generalization problem. The hypothesis concerns 'bootstrap solution space rigidity' — a theoretical property of constraint manifold geometry — but the plan measures approximation error on held-out points, not the existence/non-existence of zero-violation solutions in function space. It fails to distinguish between 'approximation error' and 'constraint satisfaction violation', and lacks any method to detect the binary rigidity/floppy transition of the solution space itself. It also omits theoretical baselines or analytical bounds for N_c(w), critical for validating a phase transition.
[exec-route] mode='explore' desc[:80]='[auto-routed: surprise=1.00] Implement a controlled numerical experiment to test' obj_len=509 is_exp_desc=True is_exp_obj=True is_det_desc=False
[code-lab-author] raw_len=1838 extracted_len=1823 prompt_len=4436
[code-lab-run] res_none=False success=True nobj=4 reason=''
[validate] mode='code_lab' success=True nobj=4 cf=False lab=True
[exec-route] mode='explore' desc[:80]='[auto-routed: surprise=1.00] Construct a synthetic constraint system using a hig' obj_len=509 is_exp_desc=True is_exp_obj=True is_det_desc=True
[code-lab-author] raw_len=3480 extracted_len=3465 prompt_len=4600
[code-lab-run] res_none=False success=True nobj=1 reason=''
