<frozen runpy>:130: RuntimeWarning: 'huginn.cli.main' found in sys.modules after import of package 'huginn.cli', but prior to execution of 'huginn.cli.main'; this may result in unpredictable behaviour
解析 SKILL.md 失败 /workspace/agent/huginn/plugins/science-skills/skills/instrument-ingest/SKILL.md: mapping values are not allowed here
  in "<unicode string>", line 2, column 160:
     ... 数据转成可检索的测量摘要。对应 chain-of-thought: 输入仪器导出文件 → 输出"峰位+强度+FWHM+新相提示" ... 
                                         ^
解析 SKILL.md 失败 /workspace/agent/huginn/plugins/science-skills/skills/structure-encoder/SKILL.md: mapping values are not allowed here
  in "<unicode string>", line 2, column 175:
     ... 检索的 JSON 描述子。对应 chain-of-thought: 输入结构 → 输出统一的"化学式+空间群+晶格+元素比例"  ... 
                                         ^
解析技能文件失败 /workspace/agent/huginn/plugins/science-skills/skills/instrument-ingest/SKILL.md: mapping values are not allowed here
  in "<unicode string>", line 2, column 160:
     ... 数据转成可检索的测量摘要。对应 chain-of-thought: 输入仪器导出文件 → 输出"峰位+强度+FWHM+新相提示" ... 
                                         ^
解析技能文件失败 /workspace/agent/huginn/plugins/science-skills/skills/structure-encoder/SKILL.md: mapping values are not allowed here
  in "<unicode string>", line 2, column 175:
     ... 检索的 JSON 描述子。对应 chain-of-thought: 输入结构 → 输出统一的"化学式+空间群+晶格+元素比例"  ... 
                                         ^
Tool huginn.tools.vasp_tool registered but its deps are missing — capability degraded: pymatgen
Tool huginn.tools.sim.packing_tool registered but its deps are missing — capability degraded: ase, matplotlib, rdkit
Tool huginn.tools.sim.plasma_tool registered but its deps are missing — capability degraded: sklearn
Tool huginn.tools.vina_tool registered but its deps are missing — capability degraded: rdkit, vina
Tool huginn.tools.openmm_tool registered but its deps are missing — capability degraded: openmm
Tool huginn.tools.sci.symbolic_regression_tool registered but its deps are missing — capability degraded: model
Tool huginn.tools.dynamics_discovery_tool registered but its deps are missing — capability degraded: sklearn
Tool huginn.tools.sci.interpretable_ml_tool registered but its deps are missing — capability degraded: gpytorch
Tool huginn.tools.sci.sklearn_tool registered but its deps are missing — capability degraded: sklearn
Tool huginn.tools.sci.autodiff_tool registered but its deps are missing — capability degraded: jax
Tool huginn.tools.numerical_tool registered but its deps are missing — capability degraded: cvxpy, pulp
Tool huginn.tools.sci.symmetry_tool registered but its deps are missing — capability degraded: pymatgen, spglib
Tool huginn.tools.sci.tda_tool registered but its deps are missing — capability degraded: gudhi, ripser
Tool huginn.tools.sci.uq_tool registered but its deps are missing — capability degraded: chaospy
Tool huginn.tools.gp_tool registered but its deps are missing — capability degraded: sklearn
Tool huginn.tools.sci.gnn_tool registered but its deps are missing — capability degraded: sklearn, torch_geometric
Tool huginn.tools.sci.stat_tests_tool registered but its deps are missing — capability degraded: statsmodels
Tool huginn.tools.sci.descriptor_tool registered but its deps are missing — capability degraded: ase, dscribe, matminer, pymatgen
Tool huginn.tools.rdkit_tool registered but its deps are missing — capability degraded: rdkit
Tool huginn.tools.sci.active_learning_tool registered but its deps are missing — capability degraded: pandas
Tool huginn.tools.sci.ml_potential_tool registered but its deps are missing — capability degraded: ase, chgnet, fairchem, mace, pynep
Tool huginn.tools.sci.xrd_sim_tool registered but its deps are missing — capability degraded: pymatgen
Tool huginn.tools.design.doe_tool registered but its deps are missing — capability degraded: statsmodels
Tool huginn.tools.vision_describe_tool registered but its deps are missing — capability degraded: easyocr, paddleocr, pytesseract
Tool huginn.tools.model3d_tool registered but its deps are missing — capability degraded: pymatgen, trimesh
Tool huginn.tools.browser_tool registered but its deps are missing — capability degraded: playwright, selenium
Tool huginn.tools.materials_database_tool registered but its deps are missing — capability degraded: ase, pymatgen
Tool huginn.tools.thermo_tool registered but its deps are missing — capability degraded: pymatgen, thermo
Tool huginn.tools.bench_infra.plot_tool registered but its deps are missing — capability degraded: matplotlib
Tool huginn.tools.bench_infra.c2st_tool registered but its deps are missing — capability degraded: sklearn
FTS5 stale: MATCH 'runid' = 0, rebuilding index
strict_work_dir=True but allowed_work_dirs empty — path scoping inactive. Set allowed_work_dirs or HUGINN_WORKSPACE to enable.
╭────────────────────────────────── Starting ──────────────────────────────────╮
│ Autoloop                                                                     │
│ Objective: 【研究命题·纯机器学习/数学】                                      │
│                                                                              │
│ 解空间刚性 = 满足全部解析约束的函数集合的维数：低维/唯一 = 刚，高维/连续族 = │
│ 胖。                                                                         │
│                                                                              │
│ 核心问题：小型前馈网络的“泛化行为”能否作为 bootstrap 解空间刚性的探针？      │
│ 令 w = 约束样本数，N_c(w) =                                                  │
│ 在未参与训练的留出约束点上取得“零违规”所需的最小网络容量（用隐藏层宽度度量） │
│ 。测量 N_c(w) 随 w 的趋势：                                                  │
│ - 不增（小容量即可零违规）→ 支持刚性（唯一性/低维）；                        │
│ - 递增（样本越多越装不下）→ 支持胖（高维/连续族）。                          │
│                                                                              │
│ 研究对象只能是小型前馈网络本身。硬性边界：严禁把本命题替换或“换名归约”为材料 │
│ 、化学、玻璃、合金、离子导电等任何物理体系，也不要用别的领域类比回答。       │
│                                                                              │
│ 【零违规判据·统一口径（务必遵守）】                                          │
│ - 零违规 = 在未参与训练的留出约束点上，最大绝对误差 ≤ 1e-3。                 │
│ - 训练误差只需“足够小”（例如 ≤1e-4）即可，**不要额外加 train_err < 1e-6      │
│ 这类过严门槛**——它会把本来可达的宽度也判成失败，制造伪“不可达”。             │
│ - 所有报告数值必须是有限数（禁止 inf / nan /                                 │
│ None）：某行若达不到零违规，就如实报该行真实的（有限）留出误差，不要写 inf。 │
│                                                                              │
│ 【第 0 步·零违规可达性 bootstrap（必须先做，否则整轮无效）】                 │
│ 在测 N_c(w) 之前，先证明“零违规在本实验里是可达的”：让某个 (w, 宽度, 种子)   │
│ 组合训练后对留出点达到零违规，并把这个“可达锚点”的数值（宽度、训练误差、留出 │
│ 误差）如实打印出来。                                                         │
│ - 若在最大宽度下仍无法零违规，先调优化器/起点/训练规模再重做；此时不得报     │
│ N_c(w)，也不得把“未收敛的低值”当作刚性证据。                                 │
│ - **阈值标定（防噪底抖动）**：若留出误差的达标水平恰好压在 1e-3              │
│ 判据附近（不同宽度在 1e-3 两侧来回跳），说明 N_c                             │
│ 是被优化器噪底而非真容量决定的。此时应把“零违规”阈值按 anchor                │
│ 可达误差标定（例如 ho_tol = max(1e-3,                                        │
│ 3×anchor_heldout)），并交代所用阈值；否则 N_c(w) 的抖动不构成任何趋势证据。  │
│                                                                              │
│ 【实验设计·可复现数值实验】                                                  │
│ 1) 真的训练网络：用 scipy.optimize.minimize(method='L-BFGS-B') 最小化训练集  │
│ MSE 去找能零违规的最小宽度；手写 numpy 梯度下降通常收敛不到                  │
│ 1e-3，不要用它当主优化器。                                                   │
│ 2) 多起点：每个宽度用 ≥3                                                     │
│ 个随机起点各优化一次取最优，避免优化器落到局部极小、把可达宽度误判为不可达。 │
│ 3) 宽度扫描要留足上限，并保证扫描范围内确实存在零违规的宽度（由第 0          │
│ 步保证可达）；若整段扫描全部触顶，说明实验无效，必须改约束族或提高上限后重做 │
│ 。                                                                           │
│ 4) 趋势判据必须区分“非增”与“递减”：全相等应报“持平(flat)”，不是              │
│ decreasing。报告必须给出真实 N_c(w) 数值表，以及每行的训练误差 /             │
│ 留出误差（都是有限数）。                                                     │
│ 5) 至少 3 个随机种子，报告 N_c(w)                                            │
│ 的均值±标准差，并说明约束族的构造依据（低维/刚性与高维/胖各对应什么解析      │
│ ground truth）。                                                             │
│                                                                              │
│ 【Code Lab 脚本契约（脚本必须满足，否则跑不通）】                            │
│ - 沙箱**已内置完整数值管线** capacity_scan(family, ...)：训练（两层 tanh +   │
│ L-BFGS-B 多起点）/宽度扫描/零违规判据/N_c 汇总 都由它完成；也可传入          │
│ ho_tol/tr_tol 覆盖默认阈值。                                                 │
│ - 你**只需实现 family(kind, w, seed) 这一个函数**（定义 rigid/fat            │
│ 各自的约束族数据，这是真正需要你决策的科学部分），run(cfg) 原样 `return      │
│ capacity_scan(family, seed=...)`。                                           │
│ - **不要改 run                                                               │
│ 函数，也不要把训练/优化/参数打包/前向传播写进代码**——那正是反复形状报错的根  │
│ 源，已验证在本环境里必错。                                                   │
│ - family 返回 dict {'X','y','Xv','yv'}：X/y 是 w 个**训练**约束点，Xv/yv     │
│ 是**留出**约束点；X/y/Xv/yv 一律用 .reshape(-1, 1) 升成 (N,1)。              │
│ - **标签形状硬约束**：y/yv 必须是 (N,1)。`(N,)` 与 `(N,1)` 相加会广播成      │
│ `(N,N)`——这是**静默伪结果**陷阱，误差会退化成常数级假值而不报错。脚手架已硬  │
│ 校验标签形状，非 (N,1) 直接失败。请一律先建一维数组再 `.reshape(-1, 1)`。    │
│ - **留出集必须真的留出**：Xv 的输入点不能与 X                                │
│ 的任何训练点重合（否则“留出误差”=训练误差，N_c 判据失效；脚手架会判          │
│ trend='invalid_heldout' 并在 warnings 里报重叠比例）。Xv                     │
│ 请用不同的网格或不同采样点（注意别用同一区间上含端点重合的网格）。           │
│ - 随机数用 rng = np.random.default_rng(seed)；Generator **没有** randn，用   │
│ rng.standard_normal(n)。                                                     │
│ - 不要用 assert / raise 中断执行：把测到的真实数值（含不理想的结果）全部     │
│ return，由上层裁决。                                                         │
│                                                                              │
│ 【前两轮(run27/run28)的伪结果诊断·本轮必须避免（硬项）】                     │
│ 1) run27：fat 族标签犯广播 bug（`X[:,0] + standard_normal((w,1))*0.0` →      │
│ (w,w)），留出误差被钉在 ~0.51 的假值。→ 已由形状硬校验拦截。                 │
│ 2) run28：形状已修正，但**两族的科学构造仍无效**：                           │
│    - fat 族用了与 x 无关的 **i.i.d. 纯噪声标签**（`xv*0.0 +                  │
│ standard_normal((200,1))`）。纯噪声确实“任何宽度都无法零违规”，但这让“刚 vs  │
│ 胖”退化成“可学 vs 不可学”的同义反复：fat 的 N_c(w) 全为 None，**测不到“随 w  │
│ 递增”这一判别性趋势**，因此无法验证命题。                                    │
│    - **本轮要求**：fat 必须是 **x                                            │
│ 的、高维但可部分学习的函数族**（自由度远大于                                 │
│ w，使有限样本在留出点上留下真实歧义），其留出违规来自**欠定/欠拟合**，而不是 │
│ 标签与输入无关的随机性。若构造得当，应能在扫描内观察到“小容量留下较大留出违  │
│ 规、且需要更大容量才能压到阈值”的行为，从而让 N_c(w) 可测。                  │
│    - rigid 族用了 0 参数的固定函数（sin(pi x)），其宽度-2                    │
│ 网络的近似误差恰好压在 1e-3 判据附近，导致 N_c 在 1e-3 两侧抖动（run28 得    │
│ Nc=[None,2,4]）。→ 本轮按上面的“阈值标定”条目处理，或在报告里明确承认该族    │
│ N_c 处于噪底、不构成趋势证据。                                               │
│ 3) **报告纪律**：每一条结论都必须能被 objectives / N_c                       │
│ 表里的真实数值支持；禁止把与数值矛盾的趋势写成结论；训练误差列与留出误差列必 │
│ 须各自独立测得，不得互相复制；正文不得引入材料/化学/晶界等类比框架。         │
│                                                                              │
│ 所有结论必须来自真实运行的可复现数值实验：给出扫描设置、训练与留出误差的数值 │
│ 、以及 N_c(w) 的数值与趋势。                                                 │
│ Max iterations: 24                                                           │
╰──────────────────────────────────────────────────────────────────────────────╯
[cache-debug] model=Intern-S2-Preview-35B stats_keys=['model_provider', 'finish_reason', 'model_name']
FTS5 stale: MATCH 'runid' = 0, rebuilding index
metacog: 假设可能为换名归约 (trap=, target=将'解空间刚性'的数学定义（满足解析约束的函数集合的维数）通过'非线性超越约束族'和'流形维度'的术语进行重新表述，本质上是对原命题中'刚性=低维/唯一，胖=高维/连续族'这一核心定义的等价换名，未引入新的物理机制或可验证的数学差异。): [DIM: structure] The non‑linear transcendental constraint family offers the best balance of testabil
[exec-route] mode='coder' desc[:80]='Implement the two constraint families (rigid and fat) for the bootstrap probe ex' obj_len=3110 is_exp_desc=True is_exp_obj=True is_det_desc=False
[code-lab-author] raw_len=879 extracted_len=864 prompt_len=5466
[code-lab-run] res_none=False success=True nobj=36 reason=''
[validate] mode='code_lab' success=True nobj=36 cf=False lab=True
FTS5 stale: MATCH 'runid' = 0, rebuilding index
metacog: 假设可能为换名归约 (trap=, target=将'解空间刚性'的数学定义直接重命名为'容量N_c(w)随样本数w的变化趋势'，未提供新的物理/数学机制解释或实证数据支撑): [DIM: transport] The capacity N_c(w) for the rigid constraint family exhibits a decreasing trend as 
[exec-route] mode='explore' desc[:80]='Implement the rigid constraint family (linear function y = x) to test the hypoth' obj_len=3110 is_exp_desc=True is_exp_obj=True is_det_desc=False
[code-lab-author] raw_len=1123 extracted_len=1108 prompt_len=5466
[code-lab-run] res_none=False success=True nobj=36 reason=''
[validate] mode='code_lab' success=True nobj=36 cf=False lab=True
FTS5 stale: MATCH 'runid' = 0, rebuilding index
metacog: 假设可能为换名归约 (trap=, target=将'解空间刚性'这一抽象概念替换为'几何瓶颈'（topological bottleneck）和'流形狭窄'（narrow manifold）等几何描述，但未提供新的可验证机制或数值证据来区分'刚性'与'胖'的本质差异，本质上是用几何术语重述了原问题中'低维/唯一'与'高维/连续族'的判别标准。): ** [DIM: structure] The rigid family (linear constraints) defines a solution space with a topologica
plan_check failed low-conf (tier=medium, scene=other, conf=0.20): The plan fundamentally misinterprets the hypothesis. The hypothesis posits that N_c(w) will INCREASE as the solution space becomes a topological bottleneck (narrower geometry causing resolution failure). The plan predicts N_c(w) will remain FLAT, which directly contradicts the hypothesis mechanism. Furthermore, the plan uses a trivial linear constraint (y=x) which lacks the geometric complexity required to test a 'topological bottleneck'.
[exec-route] mode='explore' desc[:80]='[auto-routed: surprise=1.00] Implement the rigid family constraint function for ' obj_len=3110 is_exp_desc=True is_exp_obj=True is_det_desc=False
[code-lab-author] raw_len=953 extracted_len=939 prompt_len=5466
[code-lab-run] res_none=False success=True nobj=36 reason=''
[validate] mode='code_lab' success=True nobj=36 cf=False lab=True
FTS5 stale: MATCH 'runid' = 0, rebuilding index
metacog: 假设可能为换名归约 (trap=, target=原始问题中的刚性/胖解空间探针命题): [DIM: structure]
plan_check failed low-conf (tier=medium, scene=other, conf=0.15): The plan fundamentally misinterprets the hypothesis mechanism. The hypothesis posits that N_c(w) should INCREASE as geometry becomes narrower (topological bottleneck/resolution failure), but the plan explicitly predicts N_c(w) will remain FLAT or behave unexpectedly without testing the core mechanism. It uses a trivial linear constraint (y=x) which lacks geometric complexity to create a bottleneck, failing to test the topological argument. The plan also misses the critical step of verifying model function form against sin(pi*x) to prevent overfitting artifacts.
[exec-route] mode='explore' desc[:80]='The hypothesis "DIM: structure" relates to whether the solution space of a const' obj_len=3110 is_exp_desc=True is_exp_obj=True is_det_desc=True
[code-lab-author] raw_len=870 extracted_len=855 prompt_len=5466
[code-lab-run] res_none=True success=None nobj=0 reason='执行异常: ValueError: operands could not be broadcast together with shapes (200,5) (5,1) '
[code-lab-author] raw_len=890 extracted_len=875 prompt_len=6763
[code-lab-run] res_none=False success=True nobj=36 reason=''
