<frozen runpy>:130: RuntimeWarning: 'huginn.cli.main' found in sys.modules after import of package 'huginn.cli', but prior to execution of 'huginn.cli.main'; this may result in unpredictable behaviour
解析 SKILL.md 失败 /workspace/agent/huginn/plugins/science-skills/skills/instrument-ingest/SKILL.md: mapping values are not allowed here
  in "<unicode string>", line 2, column 160:
     ... 数据转成可检索的测量摘要。对应 chain-of-thought: 输入仪器导出文件 → 输出"峰位+强度+FWHM+新相提示" ... 
                                         ^
解析 SKILL.md 失败 /workspace/agent/huginn/plugins/science-skills/skills/structure-encoder/SKILL.md: mapping values are not allowed here
  in "<unicode string>", line 2, column 175:
     ... 检索的 JSON 描述子。对应 chain-of-thought: 输入结构 → 输出统一的"化学式+空间群+晶格+元素比例"  ... 
                                         ^
解析技能文件失败 /workspace/agent/huginn/plugins/science-skills/skills/instrument-ingest/SKILL.md: mapping values are not allowed here
  in "<unicode string>", line 2, column 160:
     ... 数据转成可检索的测量摘要。对应 chain-of-thought: 输入仪器导出文件 → 输出"峰位+强度+FWHM+新相提示" ... 
                                         ^
解析技能文件失败 /workspace/agent/huginn/plugins/science-skills/skills/structure-encoder/SKILL.md: mapping values are not allowed here
  in "<unicode string>", line 2, column 175:
     ... 检索的 JSON 描述子。对应 chain-of-thought: 输入结构 → 输出统一的"化学式+空间群+晶格+元素比例"  ... 
                                         ^
Tool huginn.tools.vasp_tool registered but its deps are missing — capability degraded: pymatgen
Tool huginn.tools.sim.packing_tool registered but its deps are missing — capability degraded: ase, matplotlib, rdkit
Tool huginn.tools.sim.plasma_tool registered but its deps are missing — capability degraded: sklearn
Tool huginn.tools.vina_tool registered but its deps are missing — capability degraded: rdkit, vina
Tool huginn.tools.openmm_tool registered but its deps are missing — capability degraded: openmm
Tool huginn.tools.sci.symbolic_regression_tool registered but its deps are missing — capability degraded: model
Tool huginn.tools.dynamics_discovery_tool registered but its deps are missing — capability degraded: sklearn
Tool huginn.tools.sci.interpretable_ml_tool registered but its deps are missing — capability degraded: gpytorch
Tool huginn.tools.sci.sklearn_tool registered but its deps are missing — capability degraded: sklearn
Tool huginn.tools.sci.autodiff_tool registered but its deps are missing — capability degraded: jax
Tool huginn.tools.numerical_tool registered but its deps are missing — capability degraded: cvxpy, pulp
Tool huginn.tools.sci.symmetry_tool registered but its deps are missing — capability degraded: pymatgen, spglib
Tool huginn.tools.sci.tda_tool registered but its deps are missing — capability degraded: gudhi, ripser
Tool huginn.tools.sci.uq_tool registered but its deps are missing — capability degraded: chaospy
Tool huginn.tools.gp_tool registered but its deps are missing — capability degraded: sklearn
Tool huginn.tools.sci.gnn_tool registered but its deps are missing — capability degraded: sklearn, torch_geometric
Tool huginn.tools.sci.stat_tests_tool registered but its deps are missing — capability degraded: statsmodels
Tool huginn.tools.sci.descriptor_tool registered but its deps are missing — capability degraded: ase, dscribe, matminer, pymatgen
Tool huginn.tools.rdkit_tool registered but its deps are missing — capability degraded: rdkit
Tool huginn.tools.sci.active_learning_tool registered but its deps are missing — capability degraded: pandas
Tool huginn.tools.sci.ml_potential_tool registered but its deps are missing — capability degraded: ase, chgnet, fairchem, mace, pynep
Tool huginn.tools.sci.xrd_sim_tool registered but its deps are missing — capability degraded: pymatgen
Tool huginn.tools.design.doe_tool registered but its deps are missing — capability degraded: statsmodels
Tool huginn.tools.vision_describe_tool registered but its deps are missing — capability degraded: easyocr, paddleocr, pytesseract
Tool huginn.tools.model3d_tool registered but its deps are missing — capability degraded: pymatgen, trimesh
Tool huginn.tools.browser_tool registered but its deps are missing — capability degraded: playwright, selenium
Tool huginn.tools.materials_database_tool registered but its deps are missing — capability degraded: ase, pymatgen
Tool huginn.tools.thermo_tool registered but its deps are missing — capability degraded: pymatgen, thermo
Tool huginn.tools.bench_infra.plot_tool registered but its deps are missing — capability degraded: matplotlib
Tool huginn.tools.bench_infra.c2st_tool registered but its deps are missing — capability degraded: sklearn
FTS5 stale: MATCH 'runid' = 0, rebuilding index
strict_work_dir=True but allowed_work_dirs empty — path scoping inactive. Set allowed_work_dirs or HUGINN_WORKSPACE to enable.
Created goal: goal_0f9dd0f0
  criteria: ['tests_passed']
╭────────────────────────────────── Starting ──────────────────────────────────╮
│ Autoloop                                                                     │
│ Objective: 【研究命题·纯机器学习/数学】                                      │
│                                                                              │
│ 解空间刚性 = 满足全部解析约束的函数集合的维数：低维/唯一 = 刚，高维/连续族 = │
│ 胖。                                                                         │
│                                                                              │
│ 核心问题：小型前馈网络的“泛化行为”能否作为 bootstrap 解空间刚性的探针？      │
│ 令 w = 约束样本数，N_c(w) =                                                  │
│ 在未参与训练的留出约束点上取得“零违规”所需的最小网络容量（用隐藏层宽度度量） │
│ 。测量 N_c(w) 随 w 的趋势：                                                  │
│ - 不增（小容量即可零违规）→ 支持刚性（唯一性/低维）；                        │
│ - 递增（样本越多越装不下）→ 支持胖（高维/连续族）。                          │
│                                                                              │
│ 研究对象只能是小型前馈网络本身。硬性边界：严禁把本命题替换或“换名归约”为材料 │
│ 、化学、玻璃、合金、离子导电等任何物理体系，也不要用别的领域类比回答。       │
│                                                                              │
│ 【零违规判据·统一口径（务必遵守）】                                          │
│ - 零违规 = 在未参与训练的留出约束点上，最大绝对误差 ≤ 1e-3。                 │
│ - 训练误差只需“足够小”（例如 ≤1e-4）即可，**不要额外加 train_err < 1e-6      │
│ 这类过严门槛**——它会把本来可达的宽度也判成失败，制造伪“不可达”。             │
│ - 所有报告数值必须是有限数（禁止 inf / nan /                                 │
│ None）：某行若达不到零违规，就如实报该行真实的（有限）留出误差，不要写 inf。 │
│                                                                              │
│ 【第 0 步·零违规可达性 bootstrap（必须先做，否则整轮无效）】                 │
│ 在测 N_c(w)                                                                  │
│ 之前，先证明“零违规在本实验里是可达的”：构造一个足够容易的子问题（例如低维线 │
│ 性/低维唯一解约束族 + 足够宽的网络），让某个 (w, 宽度, 种子)                 │
│ 组合训练后对留出点达到零违规，并把这个“可达锚点”的数值（宽度、训练误差、留出 │
│ 误差）如实打印出来。                                                         │
│ - 若在最大宽度下仍无法零违规，先调优化器/起点/训练规模再重做；此时不得报     │
│ N_c(w)，也不得把“未收敛的低值”当作刚性证据。                                 │
│                                                                              │
│ 【实验设计·可复现数值实验】                                                  │
│ 1) 真的训练网络：用 scipy.optimize.minimize(method='L-BFGS-B') 最小化训练集  │
│ MSE 去找能零违规的最小宽度；手写 numpy 梯度下降通常收敛不到                  │
│ 1e-3，不要用它当主优化器。                                                   │
│ 2) 多起点：每个宽度用 ≥3                                                     │
│ 个随机起点各优化一次取最优，避免优化器落到局部极小、把可达宽度误判为不可达。 │
│ 3) 宽度扫描要留足上限，并保证扫描范围内确实存在零违规的宽度（由第 0          │
│ 步保证可达）；若整段扫描全部触顶，说明实验无效，必须改约束族或提高上限后重做 │
│ 。                                                                           │
│ 4) 趋势判据必须区分“非增”与“递减”：全相等应报“持平(flat)”，不是              │
│ decreasing。报告必须给出真实 N_c(w) 数值表，以及每行的训练误差 /             │
│ 留出误差（都是有限数）。                                                     │
│ 5) 至少 3 个随机种子，报告 N_c(w)                                            │
│ 的均值±标准差，并说明约束族的构造依据（低维/刚性与高维/胖各对应什么解析      │
│ ground truth）。                                                             │
│                                                                              │
│ 【Code Lab 可跑性约束（脚本必须满足，否则跑不通）】                          │
│ - import numpy as np；可用 scipy.optimize（白名单内，鼓励使用）。            │
│ - 必须提供 def run(cfg): ...，返回 {"success": bool, "summary": {...},       │
│ "objectives": {name: finite float}}。                                        │
│ - 把网络全部参数 ravel 后 np.concatenate 成一维向量 p 交给 minimize；换宽度  │
│ h 时参数个数会变，必须按该 h 重新 reshape 切回权重矩阵再前向。               │
│ - 随机数一律用 np.random.default_rng(seed)（不要用已被移除的                 │
│ rng.randn，也不要用 rng.zeros/rng.ones——建数组用 np.zeros/np.ones）。        │
│ - 网格/训练规模要能在沙箱超时内跑完：先用小规模跑通第 0                      │
│ 步，再放大到完整扫描。                                                       │
│ - objectives 每个值必须是有限                                                │
│ float；跑不通就如实报告失败与报错，绝不编造数字。                            │
│                                                                              │
│ 所有结论必须来自真实运行的可复现数值实验：给出扫描设置、训练与留出误差的数值 │
│ 、以及 N_c(w) 的数值与趋势。                                                 │
│ Max iterations: 24                                                           │
╰──────────────────────────────────────────────────────────────────────────────╯
[cache-debug] model=Intern-S2-Preview-35B stats_keys=['model_provider', 'finish_reason', 'model_name']
FTS5 stale: MATCH 'runid' = 0, rebuilding index
metacog: 假设可能为换名归约 (trap=, target=原始问题中的'解空间刚性'与'泛化行为'的等价性假设): '."
FTS5 stale: MATCH 'runid' = 0, rebuilding index
FTS5 stale: MATCH 'runid' = 0, rebuilding index
epistemic_gap: 结论有证据支撑, 但建议补一句不确定性/适用边界说明, 明确估计误差与尚未验证的假设.
FTS5 stale: MATCH 'runid' = 0, rebuilding index
FTS5 stale: MATCH 'runid' = 0, rebuilding index
FTS5 stale: MATCH 'runid' = 0, rebuilding index
metacog: 假设可能为换名归约 (trap=, target=优化失败导致的伪刚性（即把优化器陷入局部极小导致的不可达误判为解空间刚性）): [DEFECT] The optimization landscape contains spurious local minima that trap the solver at lower wid
code_lab 沙箱执行经 4 轮修复仍未产出证据(不伪造): 执行异常: ValueError: operands could not be broadcast together with shapes (5,1) (200,1) 
FTS5 stale: MATCH 'runid' = 0, rebuilding index
FTS5 stale: MATCH 'runid' = 0, rebuilding index
G2 stuck: action 序列陷入周期 (period=5), 强制 pivot. 最近 10 步: ['execute', 'validate', 'learn', 'hypothesize', 'plan', 'execute', 'validate', 'learn']
G2 stuck: action 序列陷入周期 (period=5), 强制 pivot. 最近 11 步: ['validate', 'learn', 'hypothesize', 'plan', 'execute', 'validate', 'learn', 'pivot']
G2 stuck: action 序列陷入周期 (period=5), 强制 pivot. 最近 12 步: ['learn', 'hypothesize', 'plan', 'execute', 'validate', 'learn', 'pivot', 'stop']
╭─────────────────────────────────── Result ───────────────────────────────────╮
│ Loop Complete                                                                │
│ Run ID: loop_4bd84e3e                                                        │
│ Success: Yes                                                                 │
│ Total time: 514.5s                                                           │
│ Report:                                                                      │
│ /workspace/research_outputs/shusheng_rsi_run18/huginn_autoloop_report_loop_a │
│ 3468e56.md                                                                   │
│ Snapshot:                                                                    │
│ /workspace/research_outputs/shusheng_rsi_run18/.huginn/autoloop_results/81b7 │
│ f6ec.json                                                                    │
╰──────────────────────────────────────────────────────────────────────────────╯

Phase Summary:
  completed    hypothesize     (67.8s)
  completed    plan            (2.7s)
  completed    execute         (282.3s)
  completed    validate        (13.8s)
  completed    hypothesize     (11.0s)
  completed    plan            (2.9s)
  completed    execute         (35.5s)
  completed    validate        (8.9s)
  completed    report          (9.7s)
⠧ Running autonomous loop...
