<frozen runpy>:130: RuntimeWarning: 'huginn.cli.main' found in sys.modules after import of package 'huginn.cli', but prior to execution of 'huginn.cli.main'; this may result in unpredictable behaviour
Tool huginn.tools.vasp_tool registered but its deps are missing — capability degraded: pymatgen
Tool huginn.tools.sim.packing_tool registered but its deps are missing — capability degraded: ase, matplotlib, rdkit
Tool huginn.tools.sim.plasma_tool registered but its deps are missing — capability degraded: sklearn
Tool huginn.tools.sim.transolver_tool registered but its deps are missing — capability degraded: torch
Tool huginn.tools.vina_tool registered but its deps are missing — capability degraded: rdkit, vina
Tool huginn.tools.openmm_tool registered but its deps are missing — capability degraded: openmm
Tool huginn.tools.sci.symbolic_regression_tool registered but its deps are missing — capability degraded: model, torch
Tool huginn.tools.dynamics_discovery_tool registered but its deps are missing — capability degraded: sklearn
Tool huginn.tools.sci.interpretable_ml_tool registered but its deps are missing — capability degraded: gpytorch, torch
Tool huginn.tools.sci.sklearn_tool registered but its deps are missing — capability degraded: sklearn
Tool huginn.tools.sci.vae_tool registered but its deps are missing — capability degraded: torch
Tool huginn.tools.sci.autodiff_tool registered but its deps are missing — capability degraded: jax
Tool huginn.tools.numerical_tool registered but its deps are missing — capability degraded: cvxpy, pulp
Tool huginn.tools.sci.symmetry_tool registered but its deps are missing — capability degraded: pymatgen, spglib
Tool huginn.tools.sci.tda_tool registered but its deps are missing — capability degraded: gudhi, ripser
Tool huginn.tools.sci.uq_tool registered but its deps are missing — capability degraded: chaospy
Tool huginn.tools.gp_tool registered but its deps are missing — capability degraded: sklearn
Tool huginn.tools.sci.gnn_tool registered but its deps are missing — capability degraded: sklearn, torch, torch_geometric
Tool huginn.tools.sci.stat_tests_tool registered but its deps are missing — capability degraded: statsmodels
Tool huginn.tools.sci.descriptor_tool registered but its deps are missing — capability degraded: ase, dscribe, matminer, pymatgen
Tool huginn.tools.rdkit_tool registered but its deps are missing — capability degraded: rdkit
Tool huginn.tools.sci.active_learning_tool registered but its deps are missing — capability degraded: pandas
Tool huginn.tools.sci.ml_potential_tool registered but its deps are missing — capability degraded: ase, chgnet, fairchem, mace, pynep
Tool huginn.tools.sci.xrd_sim_tool registered but its deps are missing — capability degraded: pymatgen
Tool huginn.tools.design.doe_tool registered but its deps are missing — capability degraded: statsmodels
Tool huginn.tools.vision_describe_tool registered but its deps are missing — capability degraded: easyocr, paddleocr, pytesseract, torch
Tool huginn.tools.model3d_tool registered but its deps are missing — capability degraded: pymatgen, trimesh
Tool huginn.tools.browser_tool registered but its deps are missing — capability degraded: playwright, selenium
Tool huginn.tools.materials_database_tool registered but its deps are missing — capability degraded: ase, pymatgen
Tool huginn.tools.thermo_tool registered but its deps are missing — capability degraded: pymatgen, thermo
Tool huginn.tools.bench_infra.plot_tool registered but its deps are missing — capability degraded: matplotlib
Tool huginn.tools.bench_infra.matrix_tool registered but its deps are missing — capability degraded: torch
Tool huginn.tools.bench_infra.c2st_tool registered but its deps are missing — capability degraded: sklearn
strict_work_dir=True but allowed_work_dirs empty — path scoping inactive. Set allowed_work_dirs or HUGINN_WORKSPACE to enable.
Long-horizon goal: goal_d6a00318
  wall-clock budget: 3600s, iteration cap: 30
╭────────────────────────────────── Starting ──────────────────────────────────╮
│ Autoloop                                                                     │
│ Objective: 【研究命题·纯机器学习/数学】                                      │
│                                                                              │
│ 解空间刚性 = 满足全部解析约束的函数集合的维数：低维/唯一 = 刚，高维/连续族 = │
│ 胖。                                                                         │
│                                                                              │
│ 核心问题：小型前馈网络的“泛化行为”能否作为 bootstrap 解空间刚性的探针？      │
│ 令 w = 约束样本数，N_c(w) =                                                  │
│ 在未参与训练的留出约束点上取得“零违规”所需的最小网络容量（用隐藏层宽度度量） │
│ 。                                                                           │
│                                                                              │
│ 【判别口径·本轮已定（务必按此判定，别再自创）】                              │
│ - 刚性族：在扫描范围内**存在**较小的有限 N_c（例如 h=2~8 即可零违规），且    │
│ N_c 不随 w 增长（趋势为 flat 或 decreasing）。必须给出可达锚点。             │
│ - 胖族：在扫描上限（h=64）内**任何宽度都达不到零违规**，即 N_c =             │
│ ∞（脚手架会标                                                                │
│ trend='unreachable'）。**这就是“胖”的判别签名**，不需要、也不要强行去找“N_c  │
│ 递增”。                                                                      │
│ - 因此本轮的判别结论是二值的：刚性=有限小 N_c；胖=unreachable（不可达）。    │
│                                                                              │
│ 研究对象只能是小型前馈网络本身。硬性边界：严禁把本命题替换或“换名归约”为材料 │
│ 、化学、玻璃、合金、离子导电等任何物理体系，也不要用别的领域类比回答。       │
│                                                                              │
│ 【零违规判据·统一口径】                                                      │
│ - 零违规 = 在未参与训练的留出约束点上，最大绝对误差 ≤ 1e-3。                 │
│ - 训练误差只需“足够小”（≤1e-4 量级）即可，**不要加 train_err < 1e-6          │
│ 这类过严门槛**（会把可达宽度误判为失败）。                                   │
│ - 所有报告数值必须是有限数（禁止 inf / nan /                                 │
│ None）；达不到零违规的行如实报其真实（有限）留出误差。                       │
│                                                                              │
│ 【尺度纪律·本轮新增硬项（否则绝对判据失效）】                                │
│ - **y 与 yv 的数值量级必须归一到 O(1)**（例如 std ≲                          │
│ 10）。绝对判据“≤1e-3”只有在目标 O(1) 时才有意义：run29 的 fat 用 20          │
│ 项随机多项式，基 (2z-1)^19 取值到 ~1e9，导致“1e-3”在 ~1e9                    │
│ 尺度上根本不可能，判定直接失效。                                             │
│ - 若你的族本质带大动态范围，请先对 y 做显式归一（如除以自身                  │
│ std），并在报告里说明归一方式 —— 但留出误差仍要在**同一归一尺度**上报告。    │
│                                                                              │
│ 【第 0 步·刚性可达性 bootstrap（必须先做）】                                 │
│ 先证明“刚性族在本实验里零违规可达”：让某个 (w, 宽度, 种子)                   │
│ 组合训练后对留出点达到                                                       │
│ ≤1e-3，并如实打印锚点数值（宽度、训练误差、留出误差）。                      │
│ - 若刚性族在最大宽度下仍不可达，说明约束族构造不当（例如 w 太小导致 5        │
│ 个点无法确定函数、或阈值不可达），先改构造再重做；此时不得报结论。           │
│                                                                              │
│ 【实验设计】                                                                 │
│ 1) 真的训练网络：沙箱已内置 capacity_scan（两层 tanh + L-BFGS-B              │
│ 多起点），你只需写 family。                                                  │
│ 2) 宽度扫描上限 h=64；刚性族必须在这段内出现有限 N_c。                       │
│ 3) 至少 3 个随机种子，报告 N_c(w) 的数值与趋势，并说明两族的解析 ground      │
│ truth。                                                                      │
│ 4) w 的取值要让“刚性族能被有限样本确定”这件事成立：w 太小（如                │
│ 5）时，光滑函数在训练点之间仍有大量候选，留出误差会偏大 ——                   │
│ 这是真实的“欠定”，请如实报告，并保证在较大 w 上刚性族确实可达零违规。        │
│                                                                              │
│ 【Code Lab 脚本契约】                                                        │
│ - 你**只需实现 family(kind, w, seed) 这一个函数**；run(cfg) 原样 `return     │
│ capacity_scan(family, seed=...)`，可传 ho_tol/tr_tol 覆盖默认阈值。          │
│ - **不要改 run 函数，也不要把训练/优化/参数打包/前向传播写进代码**。         │
│ - family 返回 dict {'X','y','Xv','yv'}：X/y 是 w 个**训练**约束点，Xv/yv     │
│ 是**留出**约束点；一律 `.reshape(-1, 1)` 成 (N,1)。                          │
│ - **标签形状硬约束**：y/yv 必须是 (N,1)。`(N,)` 与 `(N,1)` 相加会广播成      │
│ `(N,N)`——静默伪结果陷阱，脚手架已硬校验。                                    │
│ - **留出集必须真的留出**：Xv 的输入点不得与 X 的训练点重合（脚手架会判       │
│ invalid_heldout 并报重叠比例）；别用含端点重合的同一网格。                   │
│ - 随机数用 rng = np.random.default_rng(seed)；Generator 没有 randn，用       │
│ rng.standard_normal(n)。                                                     │
│ - 不要用 assert / raise 中断执行：把真实数值全部 return，由上层裁决。        │
│                                                                              │
│ 【前几轮伪结果诊断·本轮必须避免】                                            │
│ 1) run27：fat 标签广播 bug（→(w,w)），留出误差被钉在 ~0.51                   │
│ 假值。已由形状硬校验拦截。                                                   │
│ 2) run28：fat 用与 x 无关的 **i.i.d. 纯噪声**，让“刚 vs 胖”退化成“可学 vs    │
│ 不可学”，且目标是 x²/恒等这类平凡 1 维函数，两族不对立。→ 本轮 fat 必须是    │
│ **x 的、高维但可部分学习** 的函数族（自由度 ≫ w），不得是与 x 无关的噪声。   │
│ 3) run29：rigid 用 cos(πx) 但 w=5 欠定（留出 ~4e-2，不可达）；fat            │
│ 用高阶多项式导致 ~1e9 尺度，绝对判据失效。→ 本轮按上面的“尺度纪律”和“第 0    │
│ 步”处理。                                                                    │
│ 4) **报告纪律**：结论必须被 objectives / N_c                                 │
│ 表里的真实数值支持；不得把与数值矛盾的趋势写成结论；训练误差列与留出误差列必 │
│ 须各自独立测得，不得互相复制；正文不得引入材料/化学/晶界等类比框架。         │
│                                                                              │
│ 所有结论必须来自真实运行的可复现数值实验：给出扫描设置、训练与留出误差数值、 │
│ 以及 N_c(w) 的数值与趋势。                                                   │
│ Max iterations: 30                                                           │
╰──────────────────────────────────────────────────────────────────────────────╯
[cache-debug] model=Intern-S2-Preview-35B stats_keys=['model_provider', 'finish_reason', 'model_name']
[exec-route] mode='coder' desc[:80]='Implement the family(kind, w, seed) function to generate training and held-out c' obj_len=2462 is_exp_desc=True is_exp_obj=True is_det_desc=False
[code-lab-author] raw_len=866 extracted_len=851 prompt_len=5379
[code-lab-run] res_none=False success=True nobj=36 reason=''
