<frozen runpy>:130: RuntimeWarning: 'huginn.cli.main' found in sys.modules after import of package 'huginn.cli', but prior to execution of 'huginn.cli.main'; this may result in unpredictable behaviour
Tool huginn.tools.vasp_tool registered but its deps are missing — capability degraded: pymatgen
Tool huginn.tools.sim.packing_tool registered but its deps are missing — capability degraded: ase, matplotlib, rdkit
Tool huginn.tools.sim.plasma_tool registered but its deps are missing — capability degraded: sklearn
Tool huginn.tools.sim.transolver_tool registered but its deps are missing — capability degraded: torch
Tool huginn.tools.vina_tool registered but its deps are missing — capability degraded: rdkit, vina
Tool huginn.tools.openmm_tool registered but its deps are missing — capability degraded: openmm
Tool huginn.tools.sci.symbolic_regression_tool registered but its deps are missing — capability degraded: model, torch
Tool huginn.tools.dynamics_discovery_tool registered but its deps are missing — capability degraded: sklearn
Tool huginn.tools.sci.interpretable_ml_tool registered but its deps are missing — capability degraded: gpytorch, torch
Tool huginn.tools.sci.sklearn_tool registered but its deps are missing — capability degraded: sklearn
Tool huginn.tools.sci.vae_tool registered but its deps are missing — capability degraded: torch
Tool huginn.tools.sci.autodiff_tool registered but its deps are missing — capability degraded: jax
Tool huginn.tools.numerical_tool registered but its deps are missing — capability degraded: cvxpy, pulp
Tool huginn.tools.sci.symmetry_tool registered but its deps are missing — capability degraded: pymatgen, spglib
Tool huginn.tools.sci.tda_tool registered but its deps are missing — capability degraded: gudhi, ripser
Tool huginn.tools.sci.uq_tool registered but its deps are missing — capability degraded: chaospy
Tool huginn.tools.gp_tool registered but its deps are missing — capability degraded: sklearn
Tool huginn.tools.sci.gnn_tool registered but its deps are missing — capability degraded: sklearn, torch, torch_geometric
Tool huginn.tools.sci.stat_tests_tool registered but its deps are missing — capability degraded: statsmodels
Tool huginn.tools.sci.descriptor_tool registered but its deps are missing — capability degraded: ase, dscribe, matminer, pymatgen
Tool huginn.tools.rdkit_tool registered but its deps are missing — capability degraded: rdkit
Tool huginn.tools.sci.active_learning_tool registered but its deps are missing — capability degraded: pandas
Tool huginn.tools.sci.ml_potential_tool registered but its deps are missing — capability degraded: ase, chgnet, fairchem, mace, pynep
Tool huginn.tools.sci.xrd_sim_tool registered but its deps are missing — capability degraded: pymatgen
Tool huginn.tools.design.doe_tool registered but its deps are missing — capability degraded: statsmodels
Tool huginn.tools.vision_describe_tool registered but its deps are missing — capability degraded: PIL, easyocr, paddleocr, pytesseract, torch
Tool huginn.tools.vision_locate_tool registered but its deps are missing — capability degraded: PIL
Tool huginn.tools.characterization_tool registered but its deps are missing — capability degraded: PIL
Tool huginn.tools.model3d_tool registered but its deps are missing — capability degraded: pymatgen, trimesh
Tool huginn.tools.browser_tool registered but its deps are missing — capability degraded: playwright, selenium
Tool huginn.tools.materials_database_tool registered but its deps are missing — capability degraded: ase, pymatgen
Tool huginn.tools.experimental_data_tool registered but its deps are missing — capability degraded: PIL
Tool huginn.tools.thermo_tool registered but its deps are missing — capability degraded: pymatgen, thermo
Tool huginn.tools.bench_infra.plot_tool registered but its deps are missing — capability degraded: matplotlib
Tool huginn.tools.bench_infra.matrix_tool registered but its deps are missing — capability degraded: torch
Tool huginn.tools.bench_infra.c2st_tool registered but its deps are missing — capability degraded: sklearn
strict_work_dir=True but allowed_work_dirs empty — path scoping inactive. Set allowed_work_dirs or HUGINN_WORKSPACE to enable.
Long-horizon goal: goal_88710bea
  wall-clock budget: 7200s, iteration cap: 60
╭────────────────────────────────── Starting ──────────────────────────────────╮
│ Autoloop                                                                     │
│ Objective: 【研究命题·纯机器学习/数学】                                      │
│                                                                              │
│ 解空间刚性 = 满足全部解析约束的函数集合的维数：低维/唯一 = 刚，高维/连续族 = │
│ 胖。                                                                         │
│                                                                              │
│ 核心问题：小型前馈网络的“泛化行为”能否作为 bootstrap 解空间刚性的探针？      │
│ 令 w = 约束样本数，N_c(w) =                                                  │
│ 在未参与训练的留出约束点上取得“零违规”所需的最小网络容量（用隐藏层宽度度量） │
│ 。                                                                           │
│                                                                              │
│ 【唯一硬性口径（不可更改，其余全由你决定）】                                 │
│ - 零违规 = 留出约束点上的最大绝对误差 ≤ 1e-3。                               │
│ - 刚性 = 扫描范围内存在较小的有限 N_c（且 N_c 不随 w 增长）；胖 =            │
│ 扫描上限内任何宽度都达不到零违规（N_c 不可达）。判别是二值的。               │
│ - 所有报告数值必须是有限数（禁止 inf/nan/None）。                            │
│ -                                                                            │
│ 研究对象只能是小型前馈网络本身。严禁把本命题替换或“换名归约”为材料/化学/玻璃 │
│ /合金/离子导电等任何物理体系，也不要用别的领域类比回答。                     │
│                                                                              │
│ 【实验的族、样本、扫描、脚本如何设计，以及如何证明“刚性可达”，由你自己决定并 │
│ 给出理由。】                                                                 │
│                                                                              │
│ 所有结论必须来自真实运行的可复现数值实验：给出扫描设置、训练与留出误差数值、 │
│ 以及 N_c(w) 的数值与趋势。                                                   │
│ Max iterations: 60                                                           │
╰──────────────────────────────────────────────────────────────────────────────╯
[cache-debug] model=Intern-S2-Preview-35B stats_keys=['model_provider', 'finish_reason', 'model_name']
empty required_results for target_1 — fallback
metacog: 假设可能为换名归约 (trap=, target=代数秩（Algebraic Rank）): [DIM: structure] The minimal width $N_c(w)$ is determined by the algebraic rank of the constraint ma
[exec-route] mode='workflow' desc[:80]='Implement a numerical experiment to test the hypothesis that minimal width $N_c(' obj_len=509 is_exp_desc=True is_exp_obj=True is_det_desc=True
[code-lab-author] raw_len=2592 extracted_len=2577 prompt_len=4519
[code-lab-run] res_none=True success=None nobj=0 reason="执行异常: TypeError: '<' not supported between instances of 'NoneType' and 'int'"
[code-lab-author] raw_len=2593 extracted_len=2578 prompt_len=7435
[code-lab-run] res_none=True success=None nobj=0 reason="执行异常: TypeError: '<' not supported between instances of 'NoneType' and 'int'"
[code-lab-author] raw_len=2593 extracted_len=2578 prompt_len=7435
[code-lab-run] res_none=True success=None nobj=0 reason="执行异常: TypeError: '<' not supported between instances of 'NoneType' and 'int'"
[code-lab-author] raw_len=2516 extracted_len=2501 prompt_len=7435
[code-lab-run] res_none=False success=True nobj=3 reason=''
[validate] mode='code_lab' success=True nobj=3 cf=False lab=True
metacog: 假设可能为换名归约 (trap=, target=将'解空间刚性'（由 N_c(w) 是否随 w 增长决定）重新表述为'随机初始化下满足约束的概率分布特性'，本质上是用概率语言重述了同一个二值判定问题，未提供新的机制解释或可计算的 N_c(w) 表达式。): [DIM: measure] The minimal width $N_c(w)$ is governed by the tail probability of the empirical risk 
[exec-route] mode='explore' desc[:80]='Design a numerical experiment to test the hypothesis on minimal width $N_c(w)$ f' obj_len=509 is_exp_desc=True is_exp_obj=True is_det_desc=False
[code-lab-author] raw_len=4257 extracted_len=4242 prompt_len=4486
[code-lab-run] res_none=False success=True nobj=4 reason=''
[validate] mode='code_lab' success=True nobj=4 cf=False lab=True
metacog: 假设可能为换名归约 (trap=, target=代数秩与约束矩阵的线性相关性): [DIM: structure] The minimal width $N_c(w)$ is determined by the algebraic rank of the constraint ma
renamed-reduction 3× consecutive: trigger counterexample hunt
[exec-route] mode='explore' desc[:80]='[auto-routed: surprise=1.00] Write a Python script to numerically test the hypot' obj_len=509 is_exp_desc=True is_exp_obj=True is_det_desc=False
[code-lab-author] raw_len=2655 extracted_len=2640 prompt_len=4185
[code-lab-run] res_none=True success=None nobj=0 reason="执行异常: ImportError: import of 'mlp_fit' is not allowed in CodeAct mode; allowed: ['ase', 'collections', 'copy', 'dataclasses', 'decimal', 'fractions', 'functools', 'itertools', 'json', 'math', 'matplot"
[code-lab-author] raw_len=1877 extracted_len=1862 prompt_len=7350
[code-lab-run] res_none=False success=True nobj=1 reason=''
[validate] mode='code_lab' success=True nobj=1 cf=False lab=True
metacog: 假设可能为换名归约 (trap=, target=将'解空间刚性'这一几何/拓扑概念，通过'损失景观'（Loss Landscape）和'吸引域'（Basin of Attraction）等优化理论术语进行了重新表述，本质上是对原命题中'刚性'定义的等价换名，未提供新的物理机制或可计算的判据。): [DIM: optimization] The zero-violation condition defines a non-convex feasibility problem in the wei
plan_check failed (tier=medium, scene=other, max_refines=1): The plan contains a critical, unfixable error in the zero-violation definition. It specifies max abs error ≤ 1e3 (1000) in the description, but the mandatory hard constraint explicitly defines zero-violation as max abs error ≤ 1e-3 (0.001). This is a factor of 1,000,000 difference. Using 1e3 would trivially satisfy the condition for even very small networks, making the experiment meaningless for measuring the minimal width N_c(w).
[exec-route] mode='explore' desc[:80]='Design and execute a numerical experiment to probe solution space rigidity using' obj_len=509 is_exp_desc=True is_exp_obj=True is_det_desc=True
[code-lab-author] raw_len=2176 extracted_len=2161 prompt_len=4424
[code-lab-run] res_none=False success=True nobj=2 reason=''
